******************************************************************************
                  TI ARM Linker Unix v18.1.1                   
******************************************************************************
>> Linked Wed Apr  4 23:46:31 2018

OUTPUT FILE NAME:   <freeRTOSTest.out>
ENTRY POINT SYMBOL: "_c_int00_noargs"  address: 000043e5


MEMORY CONFIGURATION

         name            origin    length      used     unused   attr    fill
----------------------  --------  ---------  --------  --------  ----  --------
  FLASH                 00000000   00100000  000047b2  000fb84e  R  X
  SRAM                  20000000   00040000  0000c96c  00033694  RW X


SEGMENT ALLOCATION MAP

run origin  load origin   length   init length attrs members
----------  ----------- ---------- ----------- ----- -------
00000000    00000000    000047b8   000047b8    r-x
  00000000    00000000    00000208   00000208    r-- .intvecs
  00000208    00000208    0000429a   0000429a    r-x .text
  000044a4    000044a4    000002c8   000002c8    r-- .const
  00004770    00004770    00000048   00000048    r-- .cinit
20000000    20000000    0000c96c   00000000    rw-
  20000000    20000000    0000026c   00000000    rw- .vtable
  2000026c    2000026c    0000c4b4   00000000    rw- .bss
  2000c720    2000c720    00000200   00000000    rw- .stack
  2000c920    2000c920    0000004c   00000000    rw- .data


SECTION ALLOCATION MAP

 output                                  attributes/
section   page    origin      length       input sections
--------  ----  ----------  ----------   ----------------
.intvecs   0    00000000    00000208     
                  00000000    00000208     tm4c1294ncpdt_startup_ccs.obj (.intvecs)

.text      0    00000208    0000429a     
                  00000208    000017b8     tasks.obj (.text)
                  000019c0    00001134     main.obj (.text)
                  00002af4    00000ad0     queue.obj (.text)
                  000035c4    00000578     timers.obj (.text)
                  00003b3c    000001b8     heap_2.obj (.text)
                  00003cf4    00000132     driverlib.lib : gpio.obj (.text:GPIOPadConfigSet)
                  00003e26    00000002                   : interrupt.obj (.text:_IntDefaultHandler)
                  00003e28    0000012c     port.obj (.text)
                  00003f54    0000012a     list.obj (.text)
                  0000407e    00000002     --HOLE-- [fill = 0]
                  00004080    000000d2     portasm.obj (.text)
                  00004152    0000009c     rtsv7M4_T_le_v4SPD16_eabi.lib : memcpy_t2.asm.obj (.text)
                  000041ee    0000007a                                   : memset_t2.asm.obj (.text)
                  00004268    00000068     driverlib.lib : interrupt.obj (.text:IntDisable)
                  000042d0    00000068                   : interrupt.obj (.text:IntEnable)
                  00004338    00000068     rtsv7M4_T_le_v4SPD16_eabi.lib : copy_decompress_lzss.c.obj (.text:decompress:lzss:__TI_decompress_lzss)
                  000043a0    00000044                                   : autoinit.c.obj (.text:__TI_auto_init_nobinit_nopinit:__TI_auto_init_nobinit_nopinit)
                  000043e4    00000038                                   : boot_cortex_m.c.obj (.text:_c_int00_noargs:_c_int00_noargs)
                  0000441c    00000034     driverlib.lib : interrupt.obj (.text:IntRegister)
                  00004450    00000014                   : interrupt.obj (.text:IntUnregister)
                  00004464    0000000e     rtsv7M4_T_le_v4SPD16_eabi.lib : copy_decompress_none.c.obj (.text:decompress:none:__TI_decompress_none)
                  00004472    0000000c                                   : copy_zero_init.c.obj (.text:decompress:ZI:__TI_zero_init)
                  0000447e    0000000c     tm4c1294ncpdt_startup_ccs.obj (.text)
                  0000448a    00000006     driverlib.lib : gpio.obj (.text:GPIOPinWrite)
                  00004490    00000006     main.obj (.text:SysCtlDelay)
                  00004496    00000004     driverlib.lib : cpu.obj (.text:CPUwfi)
                  0000449a    00000004     rtsv7M4_T_le_v4SPD16_eabi.lib : pre_init.c.obj (.text:_system_pre_init)
                  0000449e    00000004                                   : exit.c.obj (.text:abort:abort)

.const     0    000044a4    000002c8     
                  000044a4    000001b0     main.obj (.const:g_pppui32XTALtoVCO)
                  00004654    00000070     driverlib.lib : interrupt.obj (.const)
                  000046c4    0000006c     main.obj (.const:g_pui32Xtals)
                  00004730    00000030     main.obj (.const:g_sXTALtoMEMTIM)
                  00004760    00000008     main.obj (.const:g_pui32VCOFrequencies)
                  00004768    00000004     port.obj (.const)

.cinit     0    00004770    00000048     
                  00004770    0000000f     (.cinit..data.load) [load image, compression = lzss]
                  0000477f    00000001     --HOLE-- [fill = 0]
                  00004780    0000000c     (__TI_handler_table)
                  0000478c    00000004     --HOLE-- [fill = 0]
                  00004790    00000008     (.cinit..bss.load) [load image, compression = zero_init]
                  00004798    00000008     (.cinit..vtable.load) [load image, compression = zero_init]
                  000047a0    00000018     (__TI_cinit_table)

.init_array 
*          0    00000000    00000000     UNINITIALIZED

.vtable    0    20000000    0000026c     UNINITIALIZED
                  20000000    0000026c     driverlib.lib : interrupt.obj (.vtable)

.bss       0    2000026c    0000c4b4     UNINITIALIZED
                  2000026c    0000c350     heap_2.obj (.bss:ucHeap)
                  2000c5bc    00000064     tasks.obj (.bss:pxReadyTasksLists)
                  2000c620    00000040     (.common:xQueueRegistry)
                  2000c660    00000014     timers.obj (.bss:xActiveTimerList1)
                  2000c674    00000014     timers.obj (.bss:xActiveTimerList2)
                  2000c688    00000014     tasks.obj (.bss:xDelayedTaskList1)
                  2000c69c    00000014     tasks.obj (.bss:xDelayedTaskList2)
                  2000c6b0    00000014     tasks.obj (.bss:xPendingReadyList)
                  2000c6c4    00000014     tasks.obj (.bss:xSuspendedTaskList)
                  2000c6d8    00000014     tasks.obj (.bss:xTasksWaitingTermination)
                  2000c6ec    00000008     tasks.obj (.bss)
                  2000c6f4    00000008     timers.obj (.bss)
                  2000c6fc    00000008     heap_2.obj (.bss:xEnd)
                  2000c704    00000008     heap_2.obj (.bss:xStart)
                  2000c70c    00000004     (.common:gui32_sys_clock_rate)
                  2000c710    00000004     (.common:xTimer1)
                  2000c714    00000004     (.common:xTimer1Start)
                  2000c718    00000004     (.common:xTimer2)
                  2000c71c    00000004     (.common:xTimer2Start)

.data      0    2000c920    0000004c     UNINITIALIZED
                  2000c920    00000034     tasks.obj (.data)
                  2000c954    0000000c     timers.obj (.data)
                  2000c960    00000008     heap_2.obj (.data)
                  2000c968    00000004     port.obj (.data)

.stack     0    2000c720    00000200     UNINITIALIZED
                  2000c720    00000004     rtsv7M4_T_le_v4SPD16_eabi.lib : boot_cortex_m.c.obj (.stack)
                  2000c724    000001fc     --HOLE--

MODULE SUMMARY

       Module                          code    ro data   rw data
       ------                          ----    -------   -------
    ./
       main.obj                        4410    596       20     
       tm4c1294ncpdt_startup_ccs.obj   12      520       0      
    +--+-------------------------------+-------+---------+---------+
       Total:                          4422    1116      20     
                                                                
    ./FreeRTOS/
       tasks.obj                       6072    0         260    
       queue.obj                       2768    0         64     
       timers.obj                      1400    0         60     
       list.obj                        298     0         0      
    +--+-------------------------------+-------+---------+---------+
       Total:                          10538   0         384    
                                                                
    ./FreeRTOS/portable/CCS/ARM_CM4F/
       port.obj                        300     4         4      
       portasm.obj                     210     0         0      
    +--+-------------------------------+-------+---------+---------+
       Total:                          510     4         4      
                                                                
    ./FreeRTOS/portable/MemMang/
       heap_2.obj                      440     0         50024  
    +--+-------------------------------+-------+---------+---------+
       Total:                          440     0         50024  
                                                                
    /Users/pavandhareshwar/CCS/ccsv8/tools/compiler/ti-cgt-arm_18.1.1.LTS/lib/rtsv7M4_T_le_v4SPD16_eabi.lib
       memcpy_t2.asm.obj               156     0         0      
       memset_t2.asm.obj               122     0         0      
       copy_decompress_lzss.c.obj      104     0         0      
       autoinit.c.obj                  68      0         0      
       boot_cortex_m.c.obj             56      0         0      
       copy_decompress_none.c.obj      14      0         0      
       copy_zero_init.c.obj            12      0         0      
       exit.c.obj                      4       0         0      
       pre_init.c.obj                  4       0         0      
    +--+-------------------------------+-------+---------+---------+
       Total:                          540     0         0      
                                                                
    /Users/pavandhareshwar/Downloads/TivaWare/SW-TM4C-2.1.4.178/driverlib/ccs/Debug/driverlib.lib
       interrupt.obj                   282     112       620    
       gpio.obj                        312     0         0      
       cpu.obj                         4       0         0      
    +--+-------------------------------+-------+---------+---------+
       Total:                          598     112       620    
                                                                
       Stack:                          0       0         512    
       Linker Generated:               0       67        0      
    +--+-------------------------------+-------+---------+---------+
       Grand Total:                    17048   1299      51564  


LINKER GENERATED COPY TABLES

__TI_cinit_table @ 000047a0 records: 3, size/record: 8, table size: 24
	.data: load addr=00004770, load size=0000000f bytes, run addr=2000c920, run size=0000004c bytes, compression=lzss
	.bss: load addr=00004790, load size=00000008 bytes, run addr=2000026c, run size=0000c4b4 bytes, compression=zero_init
	.vtable: load addr=00004798, load size=00000008 bytes, run addr=20000000, run size=0000026c bytes, compression=zero_init


LINKER GENERATED HANDLER TABLE

__TI_handler_table @ 00004780 records: 3, size/record: 4, table size: 12
	index: 0, handler: __TI_zero_init
	index: 1, handler: __TI_decompress_lzss
	index: 2, handler: __TI_decompress_none


GLOBAL SYMBOLS: SORTED ALPHABETICALLY BY Name 

address   name                             
-------   ----                             
0000449f  C$$EXIT                          
00004497  CPUwfi                           
00003cf5  GPIOPadConfigSet                 
0000448b  GPIOPinWrite                     
00004269  IntDisable                       
000042d1  IntEnable                        
0000441d  IntRegister                      
00004451  IntUnregister                    
0000447f  ResetISR                         
000028fd  SysCtlAltClkConfig               
00002025  SysCtlClockFreqSet               
000024ed  SysCtlClockGet                   
000028e1  SysCtlClockOutConfig             
0000231d  SysCtlClockSet                   
00001f29  SysCtlDeepSleep                  
000026b1  SysCtlDeepSleepClockConfigSet    
00002693  SysCtlDeepSleepClockSet          
00001f09  SysCtlDeepSleepPowerSet          
00004491  SysCtlDelay                      
00001ab7  SysCtlFlashSectorSizeGet         
00001a8b  SysCtlFlashSizeGet               
00002787  SysCtlGPIOAHBDisable             
0000276b  SysCtlGPIOAHBEnable              
00001e9d  SysCtlIntClear                   
00001e85  SysCtlIntDisable                 
00001e71  SysCtlIntEnable                  
00001e49  SysCtlIntRegister                
00001ead  SysCtlIntStatus                  
00001e61  SysCtlIntUnregister              
00001eef  SysCtlLDODeepSleepGet            
00001edf  SysCtlLDODeepSleepSet            
00001ed9  SysCtlLDOSleepGet                
00001ec9  SysCtlLDOSleepSet                
00001f5f  SysCtlMOSCConfigSet              
000028c5  SysCtlNMIClear                   
000028b1  SysCtlNMIStatus                  
00001f75  SysCtlPIOSCCalibrate             
00002755  SysCtlPWMClockGet                
0000273b  SysCtlPWMClockSet                
00001df5  SysCtlPeripheralClockGating      
00001dad  SysCtlPeripheralDeepSleepDisable 
00001d5d  SysCtlPeripheralDeepSleepEnable  
00001c99  SysCtlPeripheralDisable          
00001c5d  SysCtlPeripheralEnable           
00001b99  SysCtlPeripheralPowerOff         
00001b5d  SysCtlPeripheralPowerOn          
00001add  SysCtlPeripheralPresent          
00001b1d  SysCtlPeripheralReady            
00001bd5  SysCtlPeripheralReset            
00001d21  SysCtlPeripheralSleepDisable     
00001cdd  SysCtlPeripheralSleepEnable      
00001f19  SysCtlReset                      
00001fd5  SysCtlResetBehaviorGet           
00001fc5  SysCtlResetBehaviorSet           
00001f4b  SysCtlResetCauseClear            
00001f45  SysCtlResetCauseGet              
00001a81  SysCtlSRAMSizeGet                
00001f21  SysCtlSleep                      
00001ef5  SysCtlSleepPowerSet              
000027af  SysCtlUSBPLLDisable              
000027a3  SysCtlUSBPLLEnable               
000027f5  SysCtlVCOGet                     
000027dd  SysCtlVoltageEventClear          
000027c1  SysCtlVoltageEventConfig         
000027d1  SysCtlVoltageEventStatus         
2000c920  __STACK_END                      
00000200  __STACK_SIZE                     
2000c920  __STACK_TOP                      
000047a0  __TI_CINIT_Base                  
000047b8  __TI_CINIT_Limit                 
00004780  __TI_Handler_Table_Base          
0000478c  __TI_Handler_Table_Limit         
000043a1  __TI_auto_init_nobinit_nopinit   
00004339  __TI_decompress_lzss             
00004465  __TI_decompress_none             
ffffffff  __TI_pprof_out_hndl              
ffffffff  __TI_prof_data_size              
ffffffff  __TI_prof_data_start             
00000000  __TI_static_base__               
00004473  __TI_zero_init                   
000041ef  __aeabi_memclr                   
000041ef  __aeabi_memclr4                  
000041ef  __aeabi_memclr8                  
00004153  __aeabi_memcpy                   
00004153  __aeabi_memcpy4                  
00004153  __aeabi_memcpy8                  
000041f1  __aeabi_memset                   
000041f1  __aeabi_memset4                  
000041f1  __aeabi_memset8                  
ffffffff  __binit__                        
ffffffff  __c_args__                       
UNDEFED   __mpu_init                       
2000c720  __stack                          
000043e5  _c_int00_noargs                  
UNDEFED   _system_post_cinit               
0000449b  _system_pre_init                 
0000449f  abort                            
ffffffff  binit                            
0000057d  eTaskGetState                    
20000000  g_pfnRAMVectors                  
00000000  g_pfnVectors                     
2000c70c  gui32_sys_clock_rate             
00002a2d  main                             
00004153  memcpy                           
000041f7  memset                           
000034dd  pcQueueGetName                   
00000b43  pcTaskGetName                    
000036ff  pcTimerGetName                   
00003b3d  pvPortMalloc                     
000014cf  pvTaskIncrementMutexHeldCount    
00003aed  pvTimerGetTimerID                
2000c920  pxCurrentTCB                     
00003e29  pxPortInitialiseStack            
0000290d  timer1CallbackFunc               
00002937  timer2CallbackFunc               
0000325d  ucQueueGetQueueType              
00004768  ulMaxSyscallInterruptPriority    
00004091  ulPortGetIPSR                    
000014e7  ulTaskNotifyTake                 
00002975  usrLED1Task                      
000029cf  usrLED2Task                      
00004037  uxListRemove                     
0000323d  uxQueueGetQueueNumber            
000031df  uxQueueMessagesWaiting           
00003215  uxQueueMessagesWaitingFromISR    
000031f5  uxQueueSpacesAvailable           
00000b3d  uxTaskGetNumberOfTasks           
00000b69  uxTaskGetSystemState             
00001011  uxTaskGetTaskNumber              
00000611  uxTaskPriorityGet                
00000641  uxTaskPriorityGetFromISR         
000014ad  uxTaskResetEventItemValue        
00003f55  vListInitialise                  
00003f85  vListInitialiseItem              
00003fd1  vListInsert                      
00003f95  vListInsertEnd                   
00004145  vPortEnableVFP                   
00003ec9  vPortEndScheduler                
00003ecb  vPortEnterCritical               
00003eeb  vPortExitCritical                
00003c35  vPortFree                        
00003c99  vPortInitialiseBlocks            
00004109  vPortSVCHandler                  
00003f27  vPortSetupTimerInterrupt         
00004129  vPortStartFirstTask              
0000349b  vQueueAddToRegistry              
00003227  vQueueDelete                     
0000324b  vQueueSetQueueNumber             
0000351d  vQueueUnregisterQueue            
00003561  vQueueWaitForMessageRestricted   
00000541  vTaskDelay                       
000004b1  vTaskDelayUntil                  
00000403  vTaskDelete                      
00000a01  vTaskEndScheduler                
00001125  vTaskGetInfo                     
00000fff  vTaskMissedYield                 
00001813  vTaskNotifyGiveFromISR           
00000ded  vTaskPlaceOnEventList            
00000e33  vTaskPlaceOnEventListRestricted  
00000e09  vTaskPlaceOnUnorderedEventList   
0000134d  vTaskPriorityInherit             
0000068d  vTaskPrioritySet                 
000008a1  vTaskResume                      
00001031  vTaskSetTaskNumber               
00000f61  vTaskSetTimeOutState             
000009a9  vTaskStartScheduler              
000007a1  vTaskSuspend                     
00000a1d  vTaskSuspendAll                  
00000d85  vTaskSwitchContext               
00003b07  vTimerSetTimerID                 
00003c93  xPortGetFreeHeapSize             
000040a9  xPortPendSVHandler               
00003e93  xPortStartScheduler              
00003f01  xPortSysTickHandler              
00002cfd  xQueueCreateCountingSemaphore    
00002c4d  xQueueCreateMutex                
00002b93  xQueueGenericCreate              
00002f75  xQueueGenericReceive             
00002af5  xQueueGenericReset               
00002d1d  xQueueGenericSend                
00002e49  xQueueGenericSendFromISR         
00002ee3  xQueueGiveFromISR                
00002c79  xQueueGiveMutexRecursive         
00003437  xQueueIsQueueEmptyFromISR        
00003479  xQueueIsQueueFullFromISR         
0000318d  xQueuePeekFromISR                
000030f5  xQueueReceiveFromISR             
2000c620  xQueueRegistry                   
00002cb5  xQueueTakeMutexRecursive         
00000f85  xTaskCheckForTimeOut             
00000209  xTaskCreate                      
0000161d  xTaskGenericNotify               
00001709  xTaskGenericNotifyFromISR        
000012e7  xTaskGetCurrentTaskHandle        
00001301  xTaskGetSchedulerState           
00000b19  xTaskGetTickCount                
00000b29  xTaskGetTickCountFromISR         
00000c5d  xTaskIncrementTick               
000018c1  xTaskNotifyStateClear            
0000156d  xTaskNotifyWait                  
0000140f  xTaskPriorityDisinherit          
00000e6d  xTaskRemoveFromEventList         
00000eed  xTaskRemoveFromUnorderedEventList
00000a35  xTaskResumeAll                   
0000091b  xTaskResumeFromISR               
2000c710  xTimer1                          
2000c714  xTimer1Start                     
2000c718  xTimer2                          
2000c71c  xTimer2Start                     
000035f1  xTimerCreate                     
000035c5  xTimerCreateTimerTask            
00003665  xTimerGenericCommand             
000036e9  xTimerGetExpiryTime              
000036d7  xTimerGetPeriod                  
000036d1  xTimerGetTimerDaemonTaskHandle   
00003ac1  xTimerIsTimerActive              


GLOBAL SYMBOLS: SORTED BY Symbol Address 

address   name                             
-------   ----                             
00000000  __TI_static_base__               
00000000  g_pfnVectors                     
00000200  __STACK_SIZE                     
00000209  xTaskCreate                      
00000403  vTaskDelete                      
000004b1  vTaskDelayUntil                  
00000541  vTaskDelay                       
0000057d  eTaskGetState                    
00000611  uxTaskPriorityGet                
00000641  uxTaskPriorityGetFromISR         
0000068d  vTaskPrioritySet                 
000007a1  vTaskSuspend                     
000008a1  vTaskResume                      
0000091b  xTaskResumeFromISR               
000009a9  vTaskStartScheduler              
00000a01  vTaskEndScheduler                
00000a1d  vTaskSuspendAll                  
00000a35  xTaskResumeAll                   
00000b19  xTaskGetTickCount                
00000b29  xTaskGetTickCountFromISR         
00000b3d  uxTaskGetNumberOfTasks           
00000b43  pcTaskGetName                    
00000b69  uxTaskGetSystemState             
00000c5d  xTaskIncrementTick               
00000d85  vTaskSwitchContext               
00000ded  vTaskPlaceOnEventList            
00000e09  vTaskPlaceOnUnorderedEventList   
00000e33  vTaskPlaceOnEventListRestricted  
00000e6d  xTaskRemoveFromEventList         
00000eed  xTaskRemoveFromUnorderedEventList
00000f61  vTaskSetTimeOutState             
00000f85  xTaskCheckForTimeOut             
00000fff  vTaskMissedYield                 
00001011  uxTaskGetTaskNumber              
00001031  vTaskSetTaskNumber               
00001125  vTaskGetInfo                     
000012e7  xTaskGetCurrentTaskHandle        
00001301  xTaskGetSchedulerState           
0000134d  vTaskPriorityInherit             
0000140f  xTaskPriorityDisinherit          
000014ad  uxTaskResetEventItemValue        
000014cf  pvTaskIncrementMutexHeldCount    
000014e7  ulTaskNotifyTake                 
0000156d  xTaskNotifyWait                  
0000161d  xTaskGenericNotify               
00001709  xTaskGenericNotifyFromISR        
00001813  vTaskNotifyGiveFromISR           
000018c1  xTaskNotifyStateClear            
00001a81  SysCtlSRAMSizeGet                
00001a8b  SysCtlFlashSizeGet               
00001ab7  SysCtlFlashSectorSizeGet         
00001add  SysCtlPeripheralPresent          
00001b1d  SysCtlPeripheralReady            
00001b5d  SysCtlPeripheralPowerOn          
00001b99  SysCtlPeripheralPowerOff         
00001bd5  SysCtlPeripheralReset            
00001c5d  SysCtlPeripheralEnable           
00001c99  SysCtlPeripheralDisable          
00001cdd  SysCtlPeripheralSleepEnable      
00001d21  SysCtlPeripheralSleepDisable     
00001d5d  SysCtlPeripheralDeepSleepEnable  
00001dad  SysCtlPeripheralDeepSleepDisable 
00001df5  SysCtlPeripheralClockGating      
00001e49  SysCtlIntRegister                
00001e61  SysCtlIntUnregister              
00001e71  SysCtlIntEnable                  
00001e85  SysCtlIntDisable                 
00001e9d  SysCtlIntClear                   
00001ead  SysCtlIntStatus                  
00001ec9  SysCtlLDOSleepSet                
00001ed9  SysCtlLDOSleepGet                
00001edf  SysCtlLDODeepSleepSet            
00001eef  SysCtlLDODeepSleepGet            
00001ef5  SysCtlSleepPowerSet              
00001f09  SysCtlDeepSleepPowerSet          
00001f19  SysCtlReset                      
00001f21  SysCtlSleep                      
00001f29  SysCtlDeepSleep                  
00001f45  SysCtlResetCauseGet              
00001f4b  SysCtlResetCauseClear            
00001f5f  SysCtlMOSCConfigSet              
00001f75  SysCtlPIOSCCalibrate             
00001fc5  SysCtlResetBehaviorSet           
00001fd5  SysCtlResetBehaviorGet           
00002025  SysCtlClockFreqSet               
0000231d  SysCtlClockSet                   
000024ed  SysCtlClockGet                   
00002693  SysCtlDeepSleepClockSet          
000026b1  SysCtlDeepSleepClockConfigSet    
0000273b  SysCtlPWMClockSet                
00002755  SysCtlPWMClockGet                
0000276b  SysCtlGPIOAHBEnable              
00002787  SysCtlGPIOAHBDisable             
000027a3  SysCtlUSBPLLEnable               
000027af  SysCtlUSBPLLDisable              
000027c1  SysCtlVoltageEventConfig         
000027d1  SysCtlVoltageEventStatus         
000027dd  SysCtlVoltageEventClear          
000027f5  SysCtlVCOGet                     
000028b1  SysCtlNMIStatus                  
000028c5  SysCtlNMIClear                   
000028e1  SysCtlClockOutConfig             
000028fd  SysCtlAltClkConfig               
0000290d  timer1CallbackFunc               
00002937  timer2CallbackFunc               
00002975  usrLED1Task                      
000029cf  usrLED2Task                      
00002a2d  main                             
00002af5  xQueueGenericReset               
00002b93  xQueueGenericCreate              
00002c4d  xQueueCreateMutex                
00002c79  xQueueGiveMutexRecursive         
00002cb5  xQueueTakeMutexRecursive         
00002cfd  xQueueCreateCountingSemaphore    
00002d1d  xQueueGenericSend                
00002e49  xQueueGenericSendFromISR         
00002ee3  xQueueGiveFromISR                
00002f75  xQueueGenericReceive             
000030f5  xQueueReceiveFromISR             
0000318d  xQueuePeekFromISR                
000031df  uxQueueMessagesWaiting           
000031f5  uxQueueSpacesAvailable           
00003215  uxQueueMessagesWaitingFromISR    
00003227  vQueueDelete                     
0000323d  uxQueueGetQueueNumber            
0000324b  vQueueSetQueueNumber             
0000325d  ucQueueGetQueueType              
00003437  xQueueIsQueueEmptyFromISR        
00003479  xQueueIsQueueFullFromISR         
0000349b  vQueueAddToRegistry              
000034dd  pcQueueGetName                   
0000351d  vQueueUnregisterQueue            
00003561  vQueueWaitForMessageRestricted   
000035c5  xTimerCreateTimerTask            
000035f1  xTimerCreate                     
00003665  xTimerGenericCommand             
000036d1  xTimerGetTimerDaemonTaskHandle   
000036d7  xTimerGetPeriod                  
000036e9  xTimerGetExpiryTime              
000036ff  pcTimerGetName                   
00003ac1  xTimerIsTimerActive              
00003aed  pvTimerGetTimerID                
00003b07  vTimerSetTimerID                 
00003b3d  pvPortMalloc                     
00003c35  vPortFree                        
00003c93  xPortGetFreeHeapSize             
00003c99  vPortInitialiseBlocks            
00003cf5  GPIOPadConfigSet                 
00003e29  pxPortInitialiseStack            
00003e93  xPortStartScheduler              
00003ec9  vPortEndScheduler                
00003ecb  vPortEnterCritical               
00003eeb  vPortExitCritical                
00003f01  xPortSysTickHandler              
00003f27  vPortSetupTimerInterrupt         
00003f55  vListInitialise                  
00003f85  vListInitialiseItem              
00003f95  vListInsertEnd                   
00003fd1  vListInsert                      
00004037  uxListRemove                     
00004091  ulPortGetIPSR                    
000040a9  xPortPendSVHandler               
00004109  vPortSVCHandler                  
00004129  vPortStartFirstTask              
00004145  vPortEnableVFP                   
00004153  __aeabi_memcpy                   
00004153  __aeabi_memcpy4                  
00004153  __aeabi_memcpy8                  
00004153  memcpy                           
000041ef  __aeabi_memclr                   
000041ef  __aeabi_memclr4                  
000041ef  __aeabi_memclr8                  
000041f1  __aeabi_memset                   
000041f1  __aeabi_memset4                  
000041f1  __aeabi_memset8                  
000041f7  memset                           
00004269  IntDisable                       
000042d1  IntEnable                        
00004339  __TI_decompress_lzss             
000043a1  __TI_auto_init_nobinit_nopinit   
000043e5  _c_int00_noargs                  
0000441d  IntRegister                      
00004451  IntUnregister                    
00004465  __TI_decompress_none             
00004473  __TI_zero_init                   
0000447f  ResetISR                         
0000448b  GPIOPinWrite                     
00004491  SysCtlDelay                      
00004497  CPUwfi                           
0000449b  _system_pre_init                 
0000449f  C$$EXIT                          
0000449f  abort                            
00004768  ulMaxSyscallInterruptPriority    
00004780  __TI_Handler_Table_Base          
0000478c  __TI_Handler_Table_Limit         
000047a0  __TI_CINIT_Base                  
000047b8  __TI_CINIT_Limit                 
20000000  g_pfnRAMVectors                  
2000c620  xQueueRegistry                   
2000c70c  gui32_sys_clock_rate             
2000c710  xTimer1                          
2000c714  xTimer1Start                     
2000c718  xTimer2                          
2000c71c  xTimer2Start                     
2000c720  __stack                          
2000c920  __STACK_END                      
2000c920  __STACK_TOP                      
2000c920  pxCurrentTCB                     
ffffffff  __TI_pprof_out_hndl              
ffffffff  __TI_prof_data_size              
ffffffff  __TI_prof_data_start             
ffffffff  __binit__                        
ffffffff  __c_args__                       
ffffffff  binit                            
UNDEFED   __mpu_init                       
UNDEFED   _system_post_cinit               

[216 symbols]
