<?xml version="1.0" encoding="ISO-8859-1" ?>
<link_info>
   <banner>TI ARM Linker Unix v18.1.1.LTS</banner>
   <copyright>Copyright (c) 1996-2017 Texas Instruments Incorporated</copyright>
   <link_time>0x5aca8974</link_time>
   <link_errors>0x0</link_errors>
   <output_file>freeRTOSTest.out</output_file>
   <entry_point>
      <name>_c_int00_noargs</name>
      <address>0x61d9</address>
   </entry_point>
   <input_file_list>
      <input_file id="fl-1">
         <path>./</path>
         <kind>object</kind>
         <file>main.obj</file>
         <name>main.obj</name>
      </input_file>
      <input_file id="fl-2">
         <path>./</path>
         <kind>object</kind>
         <file>tm4c1294ncpdt_startup_ccs.obj</file>
         <name>tm4c1294ncpdt_startup_ccs.obj</name>
      </input_file>
      <input_file id="fl-3">
         <path>./FreeRTOS/</path>
         <kind>object</kind>
         <file>croutine.obj</file>
         <name>croutine.obj</name>
      </input_file>
      <input_file id="fl-4">
         <path>./FreeRTOS/</path>
         <kind>object</kind>
         <file>event_groups.obj</file>
         <name>event_groups.obj</name>
      </input_file>
      <input_file id="fl-5">
         <path>./FreeRTOS/</path>
         <kind>object</kind>
         <file>list.obj</file>
         <name>list.obj</name>
      </input_file>
      <input_file id="fl-6">
         <path>./FreeRTOS/</path>
         <kind>object</kind>
         <file>queue.obj</file>
         <name>queue.obj</name>
      </input_file>
      <input_file id="fl-7">
         <path>./FreeRTOS/</path>
         <kind>object</kind>
         <file>tasks.obj</file>
         <name>tasks.obj</name>
      </input_file>
      <input_file id="fl-8">
         <path>./FreeRTOS/</path>
         <kind>object</kind>
         <file>timers.obj</file>
         <name>timers.obj</name>
      </input_file>
      <input_file id="fl-9">
         <path>./FreeRTOS/portable/CCS/ARM_CM4F/</path>
         <kind>object</kind>
         <file>port.obj</file>
         <name>port.obj</name>
      </input_file>
      <input_file id="fl-a">
         <path>./FreeRTOS/portable/CCS/ARM_CM4F/</path>
         <kind>object</kind>
         <file>portasm.obj</file>
         <name>portasm.obj</name>
      </input_file>
      <input_file id="fl-b">
         <path>./FreeRTOS/portable/MemMang/</path>
         <kind>object</kind>
         <file>heap_2.obj</file>
         <name>heap_2.obj</name>
      </input_file>
      <input_file id="fl-c">
         <path>./utils/</path>
         <kind>object</kind>
         <file>uartstdio.obj</file>
         <name>uartstdio.obj</name>
      </input_file>
      <input_file id="fl-11">
         <kind>object</kind>
         <file>&lt;internal&gt;</file>
         <name>&lt;internal&gt;</name>
      </input_file>
      <input_file id="fl-c7">
         <path>/Users/pavandhareshwar/CCS/ccsv8/tools/compiler/ti-cgt-arm_18.1.1.LTS/lib/</path>
         <kind>archive</kind>
         <file>rtsv7M4_T_le_v4SPD16_eabi.lib</file>
         <name>u_divt2.asm.obj</name>
      </input_file>
      <input_file id="fl-c8">
         <path>/Users/pavandhareshwar/CCS/ccsv8/tools/compiler/ti-cgt-arm_18.1.1.LTS/lib/</path>
         <kind>archive</kind>
         <file>rtsv7M4_T_le_v4SPD16_eabi.lib</file>
         <name>memcpy_t2.asm.obj</name>
      </input_file>
      <input_file id="fl-c9">
         <path>/Users/pavandhareshwar/CCS/ccsv8/tools/compiler/ti-cgt-arm_18.1.1.LTS/lib/</path>
         <kind>archive</kind>
         <file>rtsv7M4_T_le_v4SPD16_eabi.lib</file>
         <name>memset_t2.asm.obj</name>
      </input_file>
      <input_file id="fl-ca">
         <path>/Users/pavandhareshwar/CCS/ccsv8/tools/compiler/ti-cgt-arm_18.1.1.LTS/lib/</path>
         <kind>archive</kind>
         <file>rtsv7M4_T_le_v4SPD16_eabi.lib</file>
         <name>copy_zero_init.c.obj</name>
      </input_file>
      <input_file id="fl-cb">
         <path>/Users/pavandhareshwar/CCS/ccsv8/tools/compiler/ti-cgt-arm_18.1.1.LTS/lib/</path>
         <kind>archive</kind>
         <file>rtsv7M4_T_le_v4SPD16_eabi.lib</file>
         <name>copy_decompress_none.c.obj</name>
      </input_file>
      <input_file id="fl-cc">
         <path>/Users/pavandhareshwar/CCS/ccsv8/tools/compiler/ti-cgt-arm_18.1.1.LTS/lib/</path>
         <kind>archive</kind>
         <file>rtsv7M4_T_le_v4SPD16_eabi.lib</file>
         <name>copy_decompress_lzss.c.obj</name>
      </input_file>
      <input_file id="fl-cd">
         <path>/Users/pavandhareshwar/CCS/ccsv8/tools/compiler/ti-cgt-arm_18.1.1.LTS/lib/</path>
         <kind>archive</kind>
         <file>rtsv7M4_T_le_v4SPD16_eabi.lib</file>
         <name>boot_cortex_m.c.obj</name>
      </input_file>
      <input_file id="fl-ce">
         <path>/Users/pavandhareshwar/CCS/ccsv8/tools/compiler/ti-cgt-arm_18.1.1.LTS/lib/</path>
         <kind>archive</kind>
         <file>rtsv7M4_T_le_v4SPD16_eabi.lib</file>
         <name>exit.c.obj</name>
      </input_file>
      <input_file id="fl-cf">
         <path>/Users/pavandhareshwar/CCS/ccsv8/tools/compiler/ti-cgt-arm_18.1.1.LTS/lib/</path>
         <kind>archive</kind>
         <file>rtsv7M4_T_le_v4SPD16_eabi.lib</file>
         <name>_lock.c.obj</name>
      </input_file>
      <input_file id="fl-d0">
         <path>/Users/pavandhareshwar/CCS/ccsv8/tools/compiler/ti-cgt-arm_18.1.1.LTS/lib/</path>
         <kind>archive</kind>
         <file>rtsv7M4_T_le_v4SPD16_eabi.lib</file>
         <name>args_main.c.obj</name>
      </input_file>
      <input_file id="fl-d1">
         <path>/Users/pavandhareshwar/CCS/ccsv8/tools/compiler/ti-cgt-arm_18.1.1.LTS/lib/</path>
         <kind>archive</kind>
         <file>rtsv7M4_T_le_v4SPD16_eabi.lib</file>
         <name>sprintf.c.obj</name>
      </input_file>
      <input_file id="fl-d2">
         <path>/Users/pavandhareshwar/CCS/ccsv8/tools/compiler/ti-cgt-arm_18.1.1.LTS/lib/</path>
         <kind>archive</kind>
         <file>rtsv7M4_T_le_v4SPD16_eabi.lib</file>
         <name>strlen.c.obj</name>
      </input_file>
      <input_file id="fl-d3">
         <path>/Users/pavandhareshwar/CCS/ccsv8/tools/compiler/ti-cgt-arm_18.1.1.LTS/lib/</path>
         <kind>archive</kind>
         <file>rtsv7M4_T_le_v4SPD16_eabi.lib</file>
         <name>div0.asm.obj</name>
      </input_file>
      <input_file id="fl-d4">
         <path>/Users/pavandhareshwar/CCS/ccsv8/tools/compiler/ti-cgt-arm_18.1.1.LTS/lib/</path>
         <kind>archive</kind>
         <file>rtsv7M4_T_le_v4SPD16_eabi.lib</file>
         <name>autoinit.c.obj</name>
      </input_file>
      <input_file id="fl-d5">
         <path>/Users/pavandhareshwar/CCS/ccsv8/tools/compiler/ti-cgt-arm_18.1.1.LTS/lib/</path>
         <kind>archive</kind>
         <file>rtsv7M4_T_le_v4SPD16_eabi.lib</file>
         <name>pre_init.c.obj</name>
      </input_file>
      <input_file id="fl-d6">
         <path>/Users/pavandhareshwar/CCS/ccsv8/tools/compiler/ti-cgt-arm_18.1.1.LTS/lib/</path>
         <kind>archive</kind>
         <file>rtsv7M4_T_le_v4SPD16_eabi.lib</file>
         <name>cpy_tbl.c.obj</name>
      </input_file>
      <input_file id="fl-d7">
         <path>/Users/pavandhareshwar/CCS/ccsv8/tools/compiler/ti-cgt-arm_18.1.1.LTS/lib/</path>
         <kind>archive</kind>
         <file>rtsv7M4_T_le_v4SPD16_eabi.lib</file>
         <name>_printfi.c.obj</name>
      </input_file>
      <input_file id="fl-d8">
         <path>/Users/pavandhareshwar/CCS/ccsv8/tools/compiler/ti-cgt-arm_18.1.1.LTS/lib/</path>
         <kind>archive</kind>
         <file>rtsv7M4_T_le_v4SPD16_eabi.lib</file>
         <name>atoi.c.obj</name>
      </input_file>
      <input_file id="fl-d9">
         <path>/Users/pavandhareshwar/CCS/ccsv8/tools/compiler/ti-cgt-arm_18.1.1.LTS/lib/</path>
         <kind>archive</kind>
         <file>rtsv7M4_T_le_v4SPD16_eabi.lib</file>
         <name>ctype.c.obj</name>
      </input_file>
      <input_file id="fl-da">
         <path>/Users/pavandhareshwar/CCS/ccsv8/tools/compiler/ti-cgt-arm_18.1.1.LTS/lib/</path>
         <kind>archive</kind>
         <file>rtsv7M4_T_le_v4SPD16_eabi.lib</file>
         <name>ltoa.c.obj</name>
      </input_file>
      <input_file id="fl-db">
         <path>/Users/pavandhareshwar/CCS/ccsv8/tools/compiler/ti-cgt-arm_18.1.1.LTS/lib/</path>
         <kind>archive</kind>
         <file>rtsv7M4_T_le_v4SPD16_eabi.lib</file>
         <name>memccpy.c.obj</name>
      </input_file>
      <input_file id="fl-dc">
         <path>/Users/pavandhareshwar/CCS/ccsv8/tools/compiler/ti-cgt-arm_18.1.1.LTS/lib/</path>
         <kind>archive</kind>
         <file>rtsv7M4_T_le_v4SPD16_eabi.lib</file>
         <name>strchr.c.obj</name>
      </input_file>
      <input_file id="fl-dd">
         <path>/Users/pavandhareshwar/CCS/ccsv8/tools/compiler/ti-cgt-arm_18.1.1.LTS/lib/</path>
         <kind>archive</kind>
         <file>rtsv7M4_T_le_v4SPD16_eabi.lib</file>
         <name>s_frexp.c.obj</name>
      </input_file>
      <input_file id="fl-de">
         <path>/Users/pavandhareshwar/CCS/ccsv8/tools/compiler/ti-cgt-arm_18.1.1.LTS/lib/</path>
         <kind>archive</kind>
         <file>rtsv7M4_T_le_v4SPD16_eabi.lib</file>
         <name>s_scalbn.c.obj</name>
      </input_file>
      <input_file id="fl-df">
         <path>/Users/pavandhareshwar/CCS/ccsv8/tools/compiler/ti-cgt-arm_18.1.1.LTS/lib/</path>
         <kind>archive</kind>
         <file>rtsv7M4_T_le_v4SPD16_eabi.lib</file>
         <name>s_copysign.c.obj</name>
      </input_file>
      <input_file id="fl-e0">
         <path>/Users/pavandhareshwar/CCS/ccsv8/tools/compiler/ti-cgt-arm_18.1.1.LTS/lib/</path>
         <kind>archive</kind>
         <file>rtsv7M4_T_le_v4SPD16_eabi.lib</file>
         <name>wcslen.c.obj</name>
      </input_file>
      <input_file id="fl-e1">
         <path>/Users/pavandhareshwar/CCS/ccsv8/tools/compiler/ti-cgt-arm_18.1.1.LTS/lib/</path>
         <kind>archive</kind>
         <file>rtsv7M4_T_le_v4SPD16_eabi.lib</file>
         <name>fd_add_t2.asm.obj</name>
      </input_file>
      <input_file id="fl-e2">
         <path>/Users/pavandhareshwar/CCS/ccsv8/tools/compiler/ti-cgt-arm_18.1.1.LTS/lib/</path>
         <kind>archive</kind>
         <file>rtsv7M4_T_le_v4SPD16_eabi.lib</file>
         <name>fd_cmp_t2.asm.obj</name>
      </input_file>
      <input_file id="fl-e3">
         <path>/Users/pavandhareshwar/CCS/ccsv8/tools/compiler/ti-cgt-arm_18.1.1.LTS/lib/</path>
         <kind>archive</kind>
         <file>rtsv7M4_T_le_v4SPD16_eabi.lib</file>
         <name>fd_div_t2.asm.obj</name>
      </input_file>
      <input_file id="fl-e4">
         <path>/Users/pavandhareshwar/CCS/ccsv8/tools/compiler/ti-cgt-arm_18.1.1.LTS/lib/</path>
         <kind>archive</kind>
         <file>rtsv7M4_T_le_v4SPD16_eabi.lib</file>
         <name>fd_mul_t2.asm.obj</name>
      </input_file>
      <input_file id="fl-e5">
         <path>/Users/pavandhareshwar/CCS/ccsv8/tools/compiler/ti-cgt-arm_18.1.1.LTS/lib/</path>
         <kind>archive</kind>
         <file>rtsv7M4_T_le_v4SPD16_eabi.lib</file>
         <name>fd_toi_t2.asm.obj</name>
      </input_file>
      <input_file id="fl-e6">
         <path>/Users/pavandhareshwar/CCS/ccsv8/tools/compiler/ti-cgt-arm_18.1.1.LTS/lib/</path>
         <kind>archive</kind>
         <file>rtsv7M4_T_le_v4SPD16_eabi.lib</file>
         <name>i_tofd_t2.asm.obj</name>
      </input_file>
      <input_file id="fl-e7">
         <path>/Users/pavandhareshwar/CCS/ccsv8/tools/compiler/ti-cgt-arm_18.1.1.LTS/lib/</path>
         <kind>archive</kind>
         <file>rtsv7M4_T_le_v4SPD16_eabi.lib</file>
         <name>ull_div_t2.asm.obj</name>
      </input_file>
      <input_file id="fl-e8">
         <path>/Users/pavandhareshwar/CCS/ccsv8/tools/compiler/ti-cgt-arm_18.1.1.LTS/lib/</path>
         <kind>archive</kind>
         <file>rtsv7M4_T_le_v4SPD16_eabi.lib</file>
         <name>errno.c.obj</name>
      </input_file>
      <input_file id="fl-e9">
         <path>/Users/pavandhareshwar/Downloads/TivaWare/SW-TM4C-2.1.4.178/driverlib/ccs/Debug/</path>
         <kind>archive</kind>
         <file>driverlib.lib</file>
         <name>cpu.obj</name>
      </input_file>
      <input_file id="fl-ea">
         <path>/Users/pavandhareshwar/Downloads/TivaWare/SW-TM4C-2.1.4.178/driverlib/ccs/Debug/</path>
         <kind>archive</kind>
         <file>driverlib.lib</file>
         <name>gpio.obj</name>
      </input_file>
      <input_file id="fl-eb">
         <path>/Users/pavandhareshwar/Downloads/TivaWare/SW-TM4C-2.1.4.178/driverlib/ccs/Debug/</path>
         <kind>archive</kind>
         <file>driverlib.lib</file>
         <name>interrupt.obj</name>
      </input_file>
      <input_file id="fl-ec">
         <path>/Users/pavandhareshwar/Downloads/TivaWare/SW-TM4C-2.1.4.178/driverlib/ccs/Debug/</path>
         <kind>archive</kind>
         <file>driverlib.lib</file>
         <name>uart.obj</name>
      </input_file>
   </input_file_list>
   <object_component_list>
      <object_component id="oc-f">
         <name>.intvecs</name>
         <load_address>0x0</load_address>
         <run_address>0x0</run_address>
         <size>0x208</size>
         <input_file_ref idref="fl-2"/>
      </object_component>
      <object_component id="oc-7c">
         <name>.text</name>
         <load_address>0x208</load_address>
         <run_address>0x208</run_address>
         <size>0x17b8</size>
         <input_file_ref idref="fl-7"/>
      </object_component>
      <object_component id="oc-c0">
         <name>.text</name>
         <load_address>0x19c0</load_address>
         <run_address>0x19c0</run_address>
         <size>0x13b8</size>
         <input_file_ref idref="fl-1"/>
      </object_component>
      <object_component id="oc-15a">
         <name>.text</name>
         <load_address>0x2d78</load_address>
         <run_address>0x2d78</run_address>
         <size>0xad0</size>
         <input_file_ref idref="fl-6"/>
      </object_component>
      <object_component id="oc-256">
         <name>.text:__TI_printfi</name>
         <load_address>0x3848</load_address>
         <run_address>0x3848</run_address>
         <size>0xa5e</size>
         <input_file_ref idref="fl-d7"/>
      </object_component>
      <object_component id="oc-242">
         <name>.text:_IntDefaultHandler</name>
         <load_address>0x42a6</load_address>
         <run_address>0x42a6</run_address>
         <size>0x2</size>
         <input_file_ref idref="fl-eb"/>
      </object_component>
      <object_component id="oc-f5">
         <name>.text</name>
         <load_address>0x42a8</load_address>
         <run_address>0x42a8</run_address>
         <size>0x578</size>
         <input_file_ref idref="fl-8"/>
      </object_component>
      <object_component id="oc-2fb">
         <name>.text:_pconv_a</name>
         <load_address>0x4820</load_address>
         <run_address>0x4820</run_address>
         <size>0x270</size>
         <input_file_ref idref="fl-d7"/>
      </object_component>
      <object_component id="oc-2e9">
         <name>.text:_pconv_g</name>
         <load_address>0x4a90</load_address>
         <run_address>0x4a90</run_address>
         <size>0x1d0</size>
         <input_file_ref idref="fl-d7"/>
      </object_component>
      <object_component id="oc-373">
         <name>.text</name>
         <load_address>0x4c60</load_address>
         <run_address>0x4c60</run_address>
         <size>0x1b6</size>
         <input_file_ref idref="fl-e1"/>
      </object_component>
      <object_component id="oc-3d9">
         <name>.text</name>
         <load_address>0x4e16</load_address>
         <run_address>0x4e16</run_address>
         <size>0x2</size>
         <input_file_ref idref="fl-d3"/>
      </object_component>
      <object_component id="oc-dd">
         <name>.text</name>
         <load_address>0x4e18</load_address>
         <run_address>0x4e18</run_address>
         <size>0x1b4</size>
         <input_file_ref idref="fl-b"/>
      </object_component>
      <object_component id="oc-2f5">
         <name>.text:_pconv_e</name>
         <load_address>0x4fcc</load_address>
         <run_address>0x4fcc</run_address>
         <size>0x13c</size>
         <input_file_ref idref="fl-d7"/>
      </object_component>
      <object_component id="oc-359">
         <name>.text</name>
         <load_address>0x5108</load_address>
         <run_address>0x5108</run_address>
         <size>0x136</size>
         <input_file_ref idref="fl-e3"/>
      </object_component>
      <object_component id="oc-178">
         <name>.text:GPIOPadConfigSet</name>
         <load_address>0x523e</load_address>
         <run_address>0x523e</run_address>
         <size>0x132</size>
         <input_file_ref idref="fl-ea"/>
      </object_component>
      <object_component id="oc-2f">
         <name>.text</name>
         <load_address>0x5370</load_address>
         <run_address>0x5370</run_address>
         <size>0x12c</size>
         <input_file_ref idref="fl-9"/>
      </object_component>
      <object_component id="oc-e3">
         <name>.text</name>
         <load_address>0x549c</load_address>
         <run_address>0x549c</run_address>
         <size>0x12a</size>
         <input_file_ref idref="fl-5"/>
      </object_component>
      <object_component id="oc-385">
         <name>.text:fcvt</name>
         <load_address>0x55c8</load_address>
         <run_address>0x55c8</run_address>
         <size>0x120</size>
         <input_file_ref idref="fl-d7"/>
      </object_component>
      <object_component id="oc-399">
         <name>.text:scalbn</name>
         <load_address>0x56e8</load_address>
         <run_address>0x56e8</run_address>
         <size>0x110</size>
         <input_file_ref idref="fl-de"/>
      </object_component>
      <object_component id="oc-354">
         <name>.text</name>
         <load_address>0x57f8</load_address>
         <run_address>0x57f8</run_address>
         <size>0xfc</size>
         <input_file_ref idref="fl-e4"/>
      </object_component>
      <object_component id="oc-2a">
         <name>.text</name>
         <load_address>0x58f4</load_address>
         <run_address>0x58f4</run_address>
         <size>0xd2</size>
         <input_file_ref idref="fl-a"/>
      </object_component>
      <object_component id="oc-2de">
         <name>.text:_ltostr</name>
         <load_address>0x59c8</load_address>
         <run_address>0x59c8</run_address>
         <size>0xb1</size>
         <input_file_ref idref="fl-d7"/>
      </object_component>
      <object_component id="oc-43">
         <name>.text</name>
         <load_address>0x5a7a</load_address>
         <run_address>0x5a7a</run_address>
         <size>0x9c</size>
         <input_file_ref idref="fl-c8"/>
      </object_component>
      <object_component id="oc-34d">
         <name>.text</name>
         <load_address>0x5b16</load_address>
         <run_address>0x5b16</run_address>
         <size>0x96</size>
         <input_file_ref idref="fl-e7"/>
      </object_component>
      <object_component id="oc-2e4">
         <name>.text:__aeabi_cdcmple</name>
         <load_address>0x5bac</load_address>
         <run_address>0x5bac</run_address>
         <size>0x86</size>
         <input_file_ref idref="fl-e2"/>
      </object_component>
      <object_component id="oc-35e">
         <name>.text:__aeabi_cdrcmple</name>
         <load_address>0x5c32</load_address>
         <run_address>0x5c32</run_address>
         <size>0x86</size>
         <input_file_ref idref="fl-e2"/>
      </object_component>
      <object_component id="oc-b4">
         <name>.text</name>
         <load_address>0x5cb8</load_address>
         <run_address>0x5cb8</run_address>
         <size>0x7a</size>
         <input_file_ref idref="fl-c9"/>
      </object_component>
      <object_component id="oc-37e">
         <name>.text:_mcpy</name>
         <load_address>0x5d32</load_address>
         <run_address>0x5d32</run_address>
         <size>0x6e</size>
         <input_file_ref idref="fl-d7"/>
      </object_component>
      <object_component id="oc-13e">
         <name>.text:IntDisable</name>
         <load_address>0x5da0</load_address>
         <run_address>0x5da0</run_address>
         <size>0x68</size>
         <input_file_ref idref="fl-eb"/>
      </object_component>
      <object_component id="oc-138">
         <name>.text:IntEnable</name>
         <load_address>0x5e08</load_address>
         <run_address>0x5e08</run_address>
         <size>0x68</size>
         <input_file_ref idref="fl-eb"/>
      </object_component>
      <object_component id="oc-12">
         <name>.text:decompress:lzss:__TI_decompress_lzss</name>
         <load_address>0x5e70</load_address>
         <run_address>0x5e70</run_address>
         <size>0x68</size>
         <input_file_ref idref="fl-cc"/>
      </object_component>
      <object_component id="oc-393">
         <name>.text:frexp</name>
         <load_address>0x5ed8</load_address>
         <run_address>0x5ed8</run_address>
         <size>0x64</size>
         <input_file_ref idref="fl-dd"/>
      </object_component>
      <object_component id="oc-2ef">
         <name>.text:_pconv_f</name>
         <load_address>0x5f3c</load_address>
         <run_address>0x5f3c</run_address>
         <size>0x56</size>
         <input_file_ref idref="fl-d7"/>
      </object_component>
      <object_component id="oc-368">
         <name>.text:ltoa</name>
         <load_address>0x5f92</load_address>
         <run_address>0x5f92</run_address>
         <size>0x54</size>
         <input_file_ref idref="fl-da"/>
      </object_component>
      <object_component id="oc-378">
         <name>.text:_ecpy</name>
         <load_address>0x5fe6</load_address>
         <run_address>0x5fe6</run_address>
         <size>0x52</size>
         <input_file_ref idref="fl-d7"/>
      </object_component>
      <object_component id="oc-2d8">
         <name>.text:atoi</name>
         <load_address>0x6038</load_address>
         <run_address>0x6038</run_address>
         <size>0x4c</size>
         <input_file_ref idref="fl-d8"/>
      </object_component>
      <object_component id="oc-182">
         <name>.text:GPIOPinConfigure</name>
         <load_address>0x6084</load_address>
         <run_address>0x6084</run_address>
         <size>0x48</size>
         <input_file_ref idref="fl-ea"/>
      </object_component>
      <object_component id="oc-363">
         <name>.text</name>
         <load_address>0x60cc</load_address>
         <run_address>0x60cc</run_address>
         <size>0x48</size>
         <input_file_ref idref="fl-e5"/>
      </object_component>
      <object_component id="oc-1b0">
         <name>.text:__TI_auto_init_nobinit_nopinit:__TI_auto_init_nobinit_nopinit</name>
         <load_address>0x6114</load_address>
         <run_address>0x6114</run_address>
         <size>0x44</size>
         <input_file_ref idref="fl-d4"/>
      </object_component>
      <object_component id="oc-16c">
         <name>.text:sprintf</name>
         <load_address>0x6158</load_address>
         <run_address>0x6158</run_address>
         <size>0x40</size>
         <input_file_ref idref="fl-d1"/>
      </object_component>
      <object_component id="oc-38b">
         <name>.text:_fcpy</name>
         <load_address>0x6198</load_address>
         <run_address>0x6198</run_address>
         <size>0x3e</size>
         <input_file_ref idref="fl-d7"/>
      </object_component>
      <object_component id="oc-61">
         <name>.text:_c_int00_noargs:_c_int00_noargs</name>
         <load_address>0x61d8</load_address>
         <run_address>0x61d8</run_address>
         <size>0x38</size>
         <input_file_ref idref="fl-cd"/>
      </object_component>
      <object_component id="oc-132">
         <name>.text:IntRegister</name>
         <load_address>0x6210</load_address>
         <run_address>0x6210</run_address>
         <size>0x34</size>
         <input_file_ref idref="fl-eb"/>
      </object_component>
      <object_component id="oc-36e">
         <name>.text</name>
         <load_address>0x6244</load_address>
         <run_address>0x6244</run_address>
         <size>0x2e</size>
         <input_file_ref idref="fl-e6"/>
      </object_component>
      <object_component id="oc-301">
         <name>.text:memccpy</name>
         <load_address>0x6272</load_address>
         <run_address>0x6272</run_address>
         <size>0x1c</size>
         <input_file_ref idref="fl-db"/>
      </object_component>
      <object_component id="oc-25c">
         <name>.text:_outs</name>
         <load_address>0x628e</load_address>
         <run_address>0x628e</run_address>
         <size>0x18</size>
         <input_file_ref idref="fl-d1"/>
      </object_component>
      <object_component id="oc-39f">
         <name>.text:strchr</name>
         <load_address>0x62a6</load_address>
         <run_address>0x62a6</run_address>
         <size>0x16</size>
         <input_file_ref idref="fl-dc"/>
      </object_component>
      <object_component id="oc-144">
         <name>.text:IntUnregister</name>
         <load_address>0x62bc</load_address>
         <run_address>0x62bc</run_address>
         <size>0x14</size>
         <input_file_ref idref="fl-eb"/>
      </object_component>
      <object_component id="oc-3f2">
         <name>.text:copysign</name>
         <load_address>0x62d0</load_address>
         <run_address>0x62d0</run_address>
         <size>0x14</size>
         <input_file_ref idref="fl-df"/>
      </object_component>
      <object_component id="oc-172">
         <name>.text:strlen</name>
         <load_address>0x62e4</load_address>
         <run_address>0x62e4</run_address>
         <size>0x14</size>
         <input_file_ref idref="fl-d2"/>
      </object_component>
      <object_component id="oc-307">
         <name>.text:wcslen</name>
         <load_address>0x62f8</load_address>
         <run_address>0x62f8</run_address>
         <size>0x12</size>
         <input_file_ref idref="fl-e0"/>
      </object_component>
      <object_component id="oc-18">
         <name>.text:decompress:none:__TI_decompress_none</name>
         <load_address>0x630a</load_address>
         <run_address>0x630a</run_address>
         <size>0xe</size>
         <input_file_ref idref="fl-cb"/>
      </object_component>
      <object_component id="oc-55">
         <name>.text:decompress:ZI:__TI_zero_init</name>
         <load_address>0x6318</load_address>
         <run_address>0x6318</run_address>
         <size>0xc</size>
         <input_file_ref idref="fl-ca"/>
      </object_component>
      <object_component id="oc-24">
         <name>.text</name>
         <load_address>0x6324</load_address>
         <run_address>0x6324</run_address>
         <size>0xc</size>
         <input_file_ref idref="fl-2"/>
      </object_component>
      <object_component id="oc-160">
         <name>.text:UARTCharPut</name>
         <load_address>0x6330</load_address>
         <run_address>0x6330</run_address>
         <size>0xa</size>
         <input_file_ref idref="fl-ec"/>
      </object_component>
      <object_component id="oc-262">
         <name>.text:_outc</name>
         <load_address>0x633a</load_address>
         <run_address>0x633a</run_address>
         <size>0xa</size>
         <input_file_ref idref="fl-d1"/>
      </object_component>
      <object_component id="oc-30d">
         <name>.text:__aeabi_errno_addr</name>
         <load_address>0x6344</load_address>
         <run_address>0x6344</run_address>
         <size>0x8</size>
         <input_file_ref idref="fl-e8"/>
      </object_component>
      <object_component id="oc-166">
         <name>.text:GPIOPinWrite</name>
         <load_address>0x634c</load_address>
         <run_address>0x634c</run_address>
         <size>0x6</size>
         <input_file_ref idref="fl-ea"/>
      </object_component>
      <object_component id="oc-159">
         <name>.text:SysCtlDelay</name>
         <load_address>0x6352</load_address>
         <run_address>0x6352</run_address>
         <size>0x6</size>
         <input_file_ref idref="fl-1"/>
      </object_component>
      <object_component id="oc-14a">
         <name>.text:CPUwfi</name>
         <load_address>0x6358</load_address>
         <run_address>0x6358</run_address>
         <size>0x4</size>
         <input_file_ref idref="fl-e9"/>
      </object_component>
      <object_component id="oc-ba">
         <name>.text:_system_pre_init</name>
         <load_address>0x635c</load_address>
         <run_address>0x635c</run_address>
         <size>0x4</size>
         <input_file_ref idref="fl-d5"/>
      </object_component>
      <object_component id="oc-1a4">
         <name>.text:abort:abort</name>
         <load_address>0x6360</load_address>
         <run_address>0x6360</run_address>
         <size>0x4</size>
         <input_file_ref idref="fl-ce"/>
      </object_component>
      <object_component id="oc-156">
         <name>.const:g_pppui32XTALtoVCO</name>
         <load_address>0x6364</load_address>
         <run_address>0x6364</run_address>
         <size>0x1b0</size>
         <input_file_ref idref="fl-1"/>
      </object_component>
      <object_component id="oc-348">
         <name>.const:.string:_ctypes_</name>
         <load_address>0x6514</load_address>
         <run_address>0x6514</run_address>
         <size>0x101</size>
         <input_file_ref idref="fl-d9"/>
      </object_component>
      <object_component id="oc-274">
         <name>.const:g_pui32GPIOBaseAddrs</name>
         <load_address>0x6618</load_address>
         <run_address>0x6618</run_address>
         <size>0x90</size>
         <input_file_ref idref="fl-ea"/>
      </object_component>
      <object_component id="oc-23d">
         <name>.const</name>
         <load_address>0x66a8</load_address>
         <run_address>0x66a8</run_address>
         <size>0x70</size>
         <input_file_ref idref="fl-eb"/>
      </object_component>
      <object_component id="oc-150">
         <name>.const:g_pui32Xtals</name>
         <load_address>0x6718</load_address>
         <run_address>0x6718</run_address>
         <size>0x6c</size>
         <input_file_ref idref="fl-1"/>
      </object_component>
      <object_component id="oc-12f">
         <name>.const:g_sXTALtoMEMTIM</name>
         <load_address>0x6784</load_address>
         <run_address>0x6784</run_address>
         <size>0x30</size>
         <input_file_ref idref="fl-1"/>
      </object_component>
      <object_component id="oc-153">
         <name>.const:g_pui32VCOFrequencies</name>
         <load_address>0x67b4</load_address>
         <run_address>0x67b4</run_address>
         <size>0x8</size>
         <input_file_ref idref="fl-1"/>
      </object_component>
      <object_component id="oc-79">
         <name>.const</name>
         <load_address>0x67bc</load_address>
         <run_address>0x67bc</run_address>
         <size>0x4</size>
         <input_file_ref idref="fl-9"/>
      </object_component>
      <object_component id="oc-449">
         <name>.cinit..data.load</name>
         <load_address>0x67c0</load_address>
         <run_address>0x67c0</run_address>
         <size>0x13</size>
      </object_component>
      <object_component id="oc-446">
         <name>__TI_handler_table</name>
         <load_address>0x67d4</load_address>
         <run_address>0x67d4</run_address>
         <size>0xc</size>
      </object_component>
      <object_component id="oc-44a">
         <name>.cinit..bss.load</name>
         <load_address>0x67e0</load_address>
         <run_address>0x67e0</run_address>
         <size>0x8</size>
      </object_component>
      <object_component id="oc-448">
         <name>.cinit..vtable.load</name>
         <load_address>0x67e8</load_address>
         <run_address>0x67e8</run_address>
         <size>0x8</size>
      </object_component>
      <object_component id="oc-447">
         <name>__TI_cinit_table</name>
         <load_address>0x67f0</load_address>
         <run_address>0x67f0</run_address>
         <size>0x18</size>
      </object_component>
      <object_component id="oc-233">
         <name>.vtable</name>
         <uninitialized>true</uninitialized>
         <run_address>0x20000000</run_address>
         <size>0x26c</size>
         <input_file_ref idref="fl-eb"/>
      </object_component>
      <object_component id="oc-17f">
         <name>.data</name>
         <load_address>0x20018cc0</load_address>
         <run_address>0x20018cc0</run_address>
         <size>0x8</size>
         <input_file_ref idref="fl-1"/>
      </object_component>
      <object_component id="oc-76">
         <name>.data</name>
         <load_address>0x20018c78</load_address>
         <run_address>0x20018c78</run_address>
         <size>0x34</size>
         <input_file_ref idref="fl-7"/>
      </object_component>
      <object_component id="oc-204">
         <name>.data</name>
         <load_address>0x20018cac</load_address>
         <run_address>0x20018cac</run_address>
         <size>0xc</size>
         <input_file_ref idref="fl-8"/>
      </object_component>
      <object_component id="oc-83">
         <name>.data</name>
         <load_address>0x20018cc8</load_address>
         <run_address>0x20018cc8</run_address>
         <size>0x4</size>
         <input_file_ref idref="fl-9"/>
      </object_component>
      <object_component id="oc-1ee">
         <name>.data</name>
         <load_address>0x20018cb8</load_address>
         <run_address>0x20018cb8</run_address>
         <size>0x8</size>
         <input_file_ref idref="fl-b"/>
      </object_component>
      <object_component id="oc-3af">
         <name>.data</name>
         <load_address>0x20018ccc</load_address>
         <run_address>0x20018ccc</run_address>
         <size>0x4</size>
         <input_file_ref idref="fl-e8"/>
      </object_component>
      <object_component id="oc-e9">
         <name>.bss:pxReadyTasksLists</name>
         <uninitialized>true</uninitialized>
         <run_address>0x2001890c</run_address>
         <size>0x64</size>
         <input_file_ref idref="fl-7"/>
      </object_component>
      <object_component id="oc-fe">
         <name>.bss:xDelayedTaskList1</name>
         <uninitialized>true</uninitialized>
         <run_address>0x200189d8</run_address>
         <size>0x14</size>
         <input_file_ref idref="fl-7"/>
      </object_component>
      <object_component id="oc-101">
         <name>.bss:xDelayedTaskList2</name>
         <uninitialized>true</uninitialized>
         <run_address>0x200189ec</run_address>
         <size>0x14</size>
         <input_file_ref idref="fl-7"/>
      </object_component>
      <object_component id="oc-ef">
         <name>.bss</name>
         <uninitialized>true</uninitialized>
         <run_address>0x20018a3c</run_address>
         <size>0x8</size>
         <input_file_ref idref="fl-7"/>
      </object_component>
      <object_component id="oc-fb">
         <name>.bss:xPendingReadyList</name>
         <uninitialized>true</uninitialized>
         <run_address>0x20018a00</run_address>
         <size>0x14</size>
         <input_file_ref idref="fl-7"/>
      </object_component>
      <object_component id="oc-ec">
         <name>.bss:xTasksWaitingTermination</name>
         <uninitialized>true</uninitialized>
         <run_address>0x20018a28</run_address>
         <size>0x14</size>
         <input_file_ref idref="fl-7"/>
      </object_component>
      <object_component id="oc-f2">
         <name>.bss:xSuspendedTaskList</name>
         <uninitialized>true</uninitialized>
         <run_address>0x20018a14</run_address>
         <size>0x14</size>
         <input_file_ref idref="fl-7"/>
      </object_component>
      <object_component id="oc-20a">
         <name>.bss:xActiveTimerList1</name>
         <uninitialized>true</uninitialized>
         <run_address>0x200189b0</run_address>
         <size>0x14</size>
         <input_file_ref idref="fl-8"/>
      </object_component>
      <object_component id="oc-20d">
         <name>.bss:xActiveTimerList2</name>
         <uninitialized>true</uninitialized>
         <run_address>0x200189c4</run_address>
         <size>0x14</size>
         <input_file_ref idref="fl-8"/>
      </object_component>
      <object_component id="oc-207">
         <name>.bss</name>
         <uninitialized>true</uninitialized>
         <run_address>0x20018a44</run_address>
         <size>0x8</size>
         <input_file_ref idref="fl-8"/>
      </object_component>
      <object_component id="oc-1f7">
         <name>.bss:ucHeap</name>
         <uninitialized>true</uninitialized>
         <run_address>0x2000026c</run_address>
         <size>0x186a0</size>
         <input_file_ref idref="fl-b"/>
      </object_component>
      <object_component id="oc-1f1">
         <name>.bss:xStart</name>
         <uninitialized>true</uninitialized>
         <run_address>0x20018a54</run_address>
         <size>0x8</size>
         <input_file_ref idref="fl-b"/>
      </object_component>
      <object_component id="oc-1f4">
         <name>.bss:xEnd</name>
         <uninitialized>true</uninitialized>
         <run_address>0x20018a4c</run_address>
         <size>0x8</size>
         <input_file_ref idref="fl-b"/>
      </object_component>
      <object_component id="oc-18c">
         <name>.common:gui32_sys_clock_rate</name>
         <uninitialized>true</uninitialized>
         <run_address>0x20018a5c</run_address>
         <size>0x4</size>
      </object_component>
      <object_component id="oc-188">
         <name>.common:xLED2HzTaskTimer</name>
         <uninitialized>true</uninitialized>
         <run_address>0x20018a60</run_address>
         <size>0x4</size>
      </object_component>
      <object_component id="oc-18a">
         <name>.common:xLED4HzTaskTimer</name>
         <uninitialized>true</uninitialized>
         <run_address>0x20018a64</run_address>
         <size>0x4</size>
      </object_component>
      <object_component id="oc-189">
         <name>.common:xTimer1Start</name>
         <uninitialized>true</uninitialized>
         <run_address>0x20018a6c</run_address>
         <size>0x4</size>
      </object_component>
      <object_component id="oc-18b">
         <name>.common:xTimer2Start</name>
         <uninitialized>true</uninitialized>
         <run_address>0x20018a70</run_address>
         <size>0x4</size>
      </object_component>
      <object_component id="oc-17e">
         <name>.common:xSemaphore</name>
         <uninitialized>true</uninitialized>
         <run_address>0x20018a68</run_address>
         <size>0x4</size>
      </object_component>
      <object_component id="oc-250">
         <name>.common:xQueueRegistry</name>
         <uninitialized>true</uninitialized>
         <run_address>0x20018970</run_address>
         <size>0x40</size>
      </object_component>
      <object_component id="oc-21">
         <name>.stack</name>
         <uninitialized>true</uninitialized>
         <run_address>0x20018a78</run_address>
         <size>0x4</size>
         <input_file_ref idref="fl-cd"/>
      </object_component>
      <object_component id="oc-44b">
         <name>.stack</name>
         <uninitialized>true</uninitialized>
         <run_address>0x20018a78</run_address>
         <size>0x0</size>
      </object_component>
      <object_component id="oc-113">
         <name>.debug_info</name>
         <load_address>0x0</load_address>
         <run_address>0x0</run_address>
         <size>0x98c</size>
         <input_file_ref idref="fl-1"/>
      </object_component>
      <object_component id="oc-151">
         <name>.debug_info</name>
         <load_address>0x98c</load_address>
         <run_address>0x98c</run_address>
         <size>0xdc</size>
         <input_file_ref idref="fl-1"/>
      </object_component>
      <object_component id="oc-157">
         <name>.debug_info</name>
         <load_address>0xa68</load_address>
         <run_address>0xa68</run_address>
         <size>0xe8</size>
         <input_file_ref idref="fl-1"/>
      </object_component>
      <object_component id="oc-130">
         <name>.debug_info</name>
         <load_address>0xb50</load_address>
         <run_address>0xb50</run_address>
         <size>0xe2</size>
         <input_file_ref idref="fl-1"/>
      </object_component>
      <object_component id="oc-154">
         <name>.debug_info</name>
         <load_address>0xc32</load_address>
         <run_address>0xc32</run_address>
         <size>0xef</size>
         <input_file_ref idref="fl-1"/>
      </object_component>
      <object_component id="oc-180">
         <name>.debug_info</name>
         <load_address>0xd21</load_address>
         <run_address>0xd21</run_address>
         <size>0x102</size>
         <input_file_ref idref="fl-1"/>
      </object_component>
      <object_component id="oc-c1">
         <name>.debug_info</name>
         <load_address>0xe23</load_address>
         <run_address>0xe23</run_address>
         <size>0x4b5f</size>
         <input_file_ref idref="fl-1"/>
      </object_component>
      <object_component id="oc-d6">
         <name>.debug_info</name>
         <load_address>0x5982</load_address>
         <run_address>0x5982</run_address>
         <size>0x30c</size>
         <input_file_ref idref="fl-1"/>
      </object_component>
      <object_component id="oc-21e">
         <name>.debug_info</name>
         <load_address>0x5c8e</load_address>
         <run_address>0x5c8e</run_address>
         <size>0x51</size>
         <input_file_ref idref="fl-1"/>
      </object_component>
      <object_component id="oc-95">
         <name>.debug_info</name>
         <load_address>0x5cdf</load_address>
         <run_address>0x5cdf</run_address>
         <size>0x26b</size>
         <input_file_ref idref="fl-1"/>
      </object_component>
      <object_component id="oc-10e">
         <name>.debug_info</name>
         <load_address>0x5f4a</load_address>
         <run_address>0x5f4a</run_address>
         <size>0x3cd</size>
         <input_file_ref idref="fl-1"/>
      </object_component>
      <object_component id="oc-115">
         <name>.debug_info</name>
         <load_address>0x6317</load_address>
         <run_address>0x6317</run_address>
         <size>0x8b</size>
         <input_file_ref idref="fl-1"/>
      </object_component>
      <object_component id="oc-22c">
         <name>.debug_info</name>
         <load_address>0x63a2</load_address>
         <run_address>0x63a2</run_address>
         <size>0x46</size>
         <input_file_ref idref="fl-1"/>
      </object_component>
      <object_component id="oc-222">
         <name>.debug_info</name>
         <load_address>0x63e8</load_address>
         <run_address>0x63e8</run_address>
         <size>0x2c</size>
         <input_file_ref idref="fl-1"/>
      </object_component>
      <object_component id="oc-19a">
         <name>.debug_info</name>
         <load_address>0x6414</load_address>
         <run_address>0x6414</run_address>
         <size>0x46</size>
         <input_file_ref idref="fl-1"/>
      </object_component>
      <object_component id="oc-89">
         <name>.debug_info</name>
         <load_address>0x645a</load_address>
         <run_address>0x645a</run_address>
         <size>0x2c</size>
         <input_file_ref idref="fl-1"/>
      </object_component>
      <object_component id="oc-11a">
         <name>.debug_info</name>
         <load_address>0x6486</load_address>
         <run_address>0x6486</run_address>
         <size>0x297</size>
         <input_file_ref idref="fl-1"/>
      </object_component>
      <object_component id="oc-19f">
         <name>.debug_info</name>
         <load_address>0x671d</load_address>
         <run_address>0x671d</run_address>
         <size>0xef</size>
         <input_file_ref idref="fl-1"/>
      </object_component>
      <object_component id="oc-9a">
         <name>.debug_info</name>
         <load_address>0x680c</load_address>
         <run_address>0x680c</run_address>
         <size>0xbb</size>
         <input_file_ref idref="fl-1"/>
      </object_component>
      <object_component id="oc-8e">
         <name>.debug_info</name>
         <load_address>0x68c7</load_address>
         <run_address>0x68c7</run_address>
         <size>0x53</size>
         <input_file_ref idref="fl-1"/>
      </object_component>
      <object_component id="oc-227">
         <name>.debug_info</name>
         <load_address>0x691a</load_address>
         <run_address>0x691a</run_address>
         <size>0xcc</size>
         <input_file_ref idref="fl-1"/>
      </object_component>
      <object_component id="oc-26a">
         <name>.debug_info</name>
         <load_address>0x69e6</load_address>
         <run_address>0x69e6</run_address>
         <size>0x2c</size>
         <input_file_ref idref="fl-1"/>
      </object_component>
      <object_component id="oc-109">
         <name>.debug_info</name>
         <load_address>0x6a12</load_address>
         <run_address>0x6a12</run_address>
         <size>0x14c</size>
         <input_file_ref idref="fl-1"/>
      </object_component>
      <object_component id="oc-37">
         <name>.debug_info</name>
         <load_address>0x6b5e</load_address>
         <run_address>0x6b5e</run_address>
         <size>0x333</size>
         <input_file_ref idref="fl-2"/>
      </object_component>
      <object_component id="oc-10">
         <name>.debug_info</name>
         <load_address>0x6e91</load_address>
         <run_address>0x6e91</run_address>
         <size>0xf2</size>
         <input_file_ref idref="fl-2"/>
      </object_component>
      <object_component id="oc-25">
         <name>.debug_info</name>
         <load_address>0x6f83</load_address>
         <run_address>0x6f83</run_address>
         <size>0x271</size>
         <input_file_ref idref="fl-2"/>
      </object_component>
      <object_component id="oc-3e">
         <name>.debug_info</name>
         <load_address>0x71f4</load_address>
         <run_address>0x71f4</run_address>
         <size>0x84</size>
         <input_file_ref idref="fl-2"/>
      </object_component>
      <object_component id="oc-18d">
         <name>.debug_info</name>
         <load_address>0x7278</load_address>
         <run_address>0x7278</run_address>
         <size>0x1ff</size>
         <input_file_ref idref="fl-3"/>
      </object_component>
      <object_component id="oc-27a">
         <name>.debug_info</name>
         <load_address>0x7477</load_address>
         <run_address>0x7477</run_address>
         <size>0xcc</size>
         <input_file_ref idref="fl-3"/>
      </object_component>
      <object_component id="oc-18f">
         <name>.debug_info</name>
         <load_address>0x7543</load_address>
         <run_address>0x7543</run_address>
         <size>0x637</size>
         <input_file_ref idref="fl-4"/>
      </object_component>
      <object_component id="oc-1e9">
         <name>.debug_info</name>
         <load_address>0x7b7a</load_address>
         <run_address>0x7b7a</run_address>
         <size>0x110</size>
         <input_file_ref idref="fl-4"/>
      </object_component>
      <object_component id="oc-281">
         <name>.debug_info</name>
         <load_address>0x7c8a</load_address>
         <run_address>0x7c8a</run_address>
         <size>0x39</size>
         <input_file_ref idref="fl-4"/>
      </object_component>
      <object_component id="oc-286">
         <name>.debug_info</name>
         <load_address>0x7cc3</load_address>
         <run_address>0x7cc3</run_address>
         <size>0x76</size>
         <input_file_ref idref="fl-4"/>
      </object_component>
      <object_component id="oc-191">
         <name>.debug_info</name>
         <load_address>0x7d39</load_address>
         <run_address>0x7d39</run_address>
         <size>0x387</size>
         <input_file_ref idref="fl-5"/>
      </object_component>
      <object_component id="oc-e4">
         <name>.debug_info</name>
         <load_address>0x80c0</load_address>
         <run_address>0x80c0</run_address>
         <size>0x4ad</size>
         <input_file_ref idref="fl-5"/>
      </object_component>
      <object_component id="oc-193">
         <name>.debug_info</name>
         <load_address>0x856d</load_address>
         <run_address>0x856d</run_address>
         <size>0x832</size>
         <input_file_ref idref="fl-6"/>
      </object_component>
      <object_component id="oc-15b">
         <name>.debug_info</name>
         <load_address>0x8d9f</load_address>
         <run_address>0x8d9f</run_address>
         <size>0x2d46</size>
         <input_file_ref idref="fl-6"/>
      </object_component>
      <object_component id="oc-28f">
         <name>.debug_info</name>
         <load_address>0xbae5</load_address>
         <run_address>0xbae5</run_address>
         <size>0x1cd</size>
         <input_file_ref idref="fl-6"/>
      </object_component>
      <object_component id="oc-d4">
         <name>.debug_info</name>
         <load_address>0xbcb2</load_address>
         <run_address>0xbcb2</run_address>
         <size>0x793</size>
         <input_file_ref idref="fl-7"/>
      </object_component>
      <object_component id="oc-77">
         <name>.debug_info</name>
         <load_address>0xc445</load_address>
         <run_address>0xc445</run_address>
         <size>0x34a</size>
         <input_file_ref idref="fl-7"/>
      </object_component>
      <object_component id="oc-ea">
         <name>.debug_info</name>
         <load_address>0xc78f</load_address>
         <run_address>0xc78f</run_address>
         <size>0xf1</size>
         <input_file_ref idref="fl-7"/>
      </object_component>
      <object_component id="oc-ff">
         <name>.debug_info</name>
         <load_address>0xc880</load_address>
         <run_address>0xc880</run_address>
         <size>0xf1</size>
         <input_file_ref idref="fl-7"/>
      </object_component>
      <object_component id="oc-102">
         <name>.debug_info</name>
         <load_address>0xc971</load_address>
         <run_address>0xc971</run_address>
         <size>0xf1</size>
         <input_file_ref idref="fl-7"/>
      </object_component>
      <object_component id="oc-f0">
         <name>.debug_info</name>
         <load_address>0xca62</load_address>
         <run_address>0xca62</run_address>
         <size>0x134</size>
         <input_file_ref idref="fl-7"/>
      </object_component>
      <object_component id="oc-fc">
         <name>.debug_info</name>
         <load_address>0xcb96</load_address>
         <run_address>0xcb96</run_address>
         <size>0xf1</size>
         <input_file_ref idref="fl-7"/>
      </object_component>
      <object_component id="oc-ed">
         <name>.debug_info</name>
         <load_address>0xcc87</load_address>
         <run_address>0xcc87</run_address>
         <size>0xff</size>
         <input_file_ref idref="fl-7"/>
      </object_component>
      <object_component id="oc-f3">
         <name>.debug_info</name>
         <load_address>0xcd86</load_address>
         <run_address>0xcd86</run_address>
         <size>0xf3</size>
         <input_file_ref idref="fl-7"/>
      </object_component>
      <object_component id="oc-7d">
         <name>.debug_info</name>
         <load_address>0xce79</load_address>
         <run_address>0xce79</run_address>
         <size>0x467c</size>
         <input_file_ref idref="fl-7"/>
      </object_component>
      <object_component id="oc-1e4">
         <name>.debug_info</name>
         <load_address>0x114f5</load_address>
         <run_address>0x114f5</run_address>
         <size>0x146</size>
         <input_file_ref idref="fl-7"/>
      </object_component>
      <object_component id="oc-195">
         <name>.debug_info</name>
         <load_address>0x1163b</load_address>
         <run_address>0x1163b</run_address>
         <size>0x867</size>
         <input_file_ref idref="fl-8"/>
      </object_component>
      <object_component id="oc-20b">
         <name>.debug_info</name>
         <load_address>0x11ea2</load_address>
         <run_address>0x11ea2</run_address>
         <size>0xf1</size>
         <input_file_ref idref="fl-8"/>
      </object_component>
      <object_component id="oc-20e">
         <name>.debug_info</name>
         <load_address>0x11f93</load_address>
         <run_address>0x11f93</run_address>
         <size>0xf1</size>
         <input_file_ref idref="fl-8"/>
      </object_component>
      <object_component id="oc-208">
         <name>.debug_info</name>
         <load_address>0x12084</load_address>
         <run_address>0x12084</run_address>
         <size>0x129</size>
         <input_file_ref idref="fl-8"/>
      </object_component>
      <object_component id="oc-205">
         <name>.debug_info</name>
         <load_address>0x121ad</load_address>
         <run_address>0x121ad</run_address>
         <size>0x115</size>
         <input_file_ref idref="fl-8"/>
      </object_component>
      <object_component id="oc-f6">
         <name>.debug_info</name>
         <load_address>0x122c2</load_address>
         <run_address>0x122c2</run_address>
         <size>0x1af0</size>
         <input_file_ref idref="fl-8"/>
      </object_component>
      <object_component id="oc-211">
         <name>.debug_info</name>
         <load_address>0x13db2</load_address>
         <run_address>0x13db2</run_address>
         <size>0x1ce</size>
         <input_file_ref idref="fl-8"/>
      </object_component>
      <object_component id="oc-87">
         <name>.debug_info</name>
         <load_address>0x13f80</load_address>
         <run_address>0x13f80</run_address>
         <size>0x41c</size>
         <input_file_ref idref="fl-9"/>
      </object_component>
      <object_component id="oc-7a">
         <name>.debug_info</name>
         <load_address>0x1439c</load_address>
         <run_address>0x1439c</run_address>
         <size>0x11e</size>
         <input_file_ref idref="fl-9"/>
      </object_component>
      <object_component id="oc-84">
         <name>.debug_info</name>
         <load_address>0x144ba</load_address>
         <run_address>0x144ba</run_address>
         <size>0x105</size>
         <input_file_ref idref="fl-9"/>
      </object_component>
      <object_component id="oc-30">
         <name>.debug_info</name>
         <load_address>0x145bf</load_address>
         <run_address>0x145bf</run_address>
         <size>0x6b8</size>
         <input_file_ref idref="fl-9"/>
      </object_component>
      <object_component id="oc-2b">
         <name>.debug_info</name>
         <load_address>0x14c77</load_address>
         <run_address>0x14c77</run_address>
         <size>0x256</size>
         <input_file_ref idref="fl-a"/>
      </object_component>
      <object_component id="oc-197">
         <name>.debug_info</name>
         <load_address>0x14ecd</load_address>
         <run_address>0x14ecd</run_address>
         <size>0x42d</size>
         <input_file_ref idref="fl-b"/>
      </object_component>
      <object_component id="oc-1f8">
         <name>.debug_info</name>
         <load_address>0x152fa</load_address>
         <run_address>0x152fa</run_address>
         <size>0xec</size>
         <input_file_ref idref="fl-b"/>
      </object_component>
      <object_component id="oc-1f2">
         <name>.debug_info</name>
         <load_address>0x153e6</load_address>
         <run_address>0x153e6</run_address>
         <size>0xec</size>
         <input_file_ref idref="fl-b"/>
      </object_component>
      <object_component id="oc-1f5">
         <name>.debug_info</name>
         <load_address>0x154d2</load_address>
         <run_address>0x154d2</run_address>
         <size>0xe8</size>
         <input_file_ref idref="fl-b"/>
      </object_component>
      <object_component id="oc-1ef">
         <name>.debug_info</name>
         <load_address>0x155ba</load_address>
         <run_address>0x155ba</run_address>
         <size>0x106</size>
         <input_file_ref idref="fl-b"/>
      </object_component>
      <object_component id="oc-de">
         <name>.debug_info</name>
         <load_address>0x156c0</load_address>
         <run_address>0x156c0</run_address>
         <size>0x66f</size>
         <input_file_ref idref="fl-b"/>
      </object_component>
      <object_component id="oc-298">
         <name>.debug_info</name>
         <load_address>0x15d2f</load_address>
         <run_address>0x15d2f</run_address>
         <size>0x62</size>
         <input_file_ref idref="fl-b"/>
      </object_component>
      <object_component id="oc-44">
         <name>.debug_info</name>
         <load_address>0x15d91</load_address>
         <run_address>0x15d91</run_address>
         <size>0x111</size>
         <input_file_ref idref="fl-c8"/>
      </object_component>
      <object_component id="oc-b5">
         <name>.debug_info</name>
         <load_address>0x15ea2</load_address>
         <run_address>0x15ea2</run_address>
         <size>0x13f</size>
         <input_file_ref idref="fl-c9"/>
      </object_component>
      <object_component id="oc-b3">
         <name>.debug_info</name>
         <load_address>0x15fe1</load_address>
         <run_address>0x15fe1</run_address>
         <size>0x313</size>
         <input_file_ref idref="fl-ca"/>
      </object_component>
      <object_component id="oc-56">
         <name>.debug_info</name>
         <load_address>0x162f4</load_address>
         <run_address>0x162f4</run_address>
         <size>0x1aa</size>
         <input_file_ref idref="fl-ca"/>
      </object_component>
      <object_component id="oc-ae">
         <name>.debug_info</name>
         <load_address>0x1649e</load_address>
         <run_address>0x1649e</run_address>
         <size>0x46</size>
         <input_file_ref idref="fl-ca"/>
      </object_component>
      <object_component id="oc-126">
         <name>.debug_info</name>
         <load_address>0x164e4</load_address>
         <run_address>0x164e4</run_address>
         <size>0x2c</size>
         <input_file_ref idref="fl-ca"/>
      </object_component>
      <object_component id="oc-4e">
         <name>.debug_info</name>
         <load_address>0x16510</load_address>
         <run_address>0x16510</run_address>
         <size>0x29d</size>
         <input_file_ref idref="fl-cb"/>
      </object_component>
      <object_component id="oc-19">
         <name>.debug_info</name>
         <load_address>0x167ad</load_address>
         <run_address>0x167ad</run_address>
         <size>0x1df</size>
         <input_file_ref idref="fl-cb"/>
      </object_component>
      <object_component id="oc-49">
         <name>.debug_info</name>
         <load_address>0x1698c</load_address>
         <run_address>0x1698c</run_address>
         <size>0x46</size>
         <input_file_ref idref="fl-cb"/>
      </object_component>
      <object_component id="oc-a6">
         <name>.debug_info</name>
         <load_address>0x169d2</load_address>
         <run_address>0x169d2</run_address>
         <size>0x2c</size>
         <input_file_ref idref="fl-cb"/>
      </object_component>
      <object_component id="oc-a4">
         <name>.debug_info</name>
         <load_address>0x169fe</load_address>
         <run_address>0x169fe</run_address>
         <size>0x293</size>
         <input_file_ref idref="fl-cc"/>
      </object_component>
      <object_component id="oc-13">
         <name>.debug_info</name>
         <load_address>0x16c91</load_address>
         <run_address>0x16c91</run_address>
         <size>0x245</size>
         <input_file_ref idref="fl-cc"/>
      </object_component>
      <object_component id="oc-39">
         <name>.debug_info</name>
         <load_address>0x16ed6</load_address>
         <run_address>0x16ed6</run_address>
         <size>0x60</size>
         <input_file_ref idref="fl-cc"/>
      </object_component>
      <object_component id="oc-11f">
         <name>.debug_info</name>
         <load_address>0x16f36</load_address>
         <run_address>0x16f36</run_address>
         <size>0x46</size>
         <input_file_ref idref="fl-cc"/>
      </object_component>
      <object_component id="oc-9f">
         <name>.debug_info</name>
         <load_address>0x16f7c</load_address>
         <run_address>0x16f7c</run_address>
         <size>0x39</size>
         <input_file_ref idref="fl-cc"/>
      </object_component>
      <object_component id="oc-22">
         <name>.debug_info</name>
         <load_address>0x16fb5</load_address>
         <run_address>0x16fb5</run_address>
         <size>0x100</size>
         <input_file_ref idref="fl-cd"/>
      </object_component>
      <object_component id="oc-62">
         <name>.debug_info</name>
         <load_address>0x170b5</load_address>
         <run_address>0x170b5</run_address>
         <size>0x1a4</size>
         <input_file_ref idref="fl-cd"/>
      </object_component>
      <object_component id="oc-1a5">
         <name>.debug_info</name>
         <load_address>0x17259</load_address>
         <run_address>0x17259</run_address>
         <size>0x117</size>
         <input_file_ref idref="fl-ce"/>
      </object_component>
      <object_component id="oc-269">
         <name>.debug_info</name>
         <load_address>0x17370</load_address>
         <run_address>0x17370</run_address>
         <size>0x328</size>
         <input_file_ref idref="fl-d1"/>
      </object_component>
      <object_component id="oc-16d">
         <name>.debug_info</name>
         <load_address>0x17698</load_address>
         <run_address>0x17698</run_address>
         <size>0x1c6</size>
         <input_file_ref idref="fl-d1"/>
      </object_component>
      <object_component id="oc-25d">
         <name>.debug_info</name>
         <load_address>0x1785e</load_address>
         <run_address>0x1785e</run_address>
         <size>0x182</size>
         <input_file_ref idref="fl-d1"/>
      </object_component>
      <object_component id="oc-263">
         <name>.debug_info</name>
         <load_address>0x179e0</load_address>
         <run_address>0x179e0</run_address>
         <size>0x162</size>
         <input_file_ref idref="fl-d1"/>
      </object_component>
      <object_component id="oc-3b6">
         <name>.debug_info</name>
         <load_address>0x17b42</load_address>
         <run_address>0x17b42</run_address>
         <size>0x2c</size>
         <input_file_ref idref="fl-d1"/>
      </object_component>
      <object_component id="oc-270">
         <name>.debug_info</name>
         <load_address>0x17b6e</load_address>
         <run_address>0x17b6e</run_address>
         <size>0x284</size>
         <input_file_ref idref="fl-d2"/>
      </object_component>
      <object_component id="oc-173">
         <name>.debug_info</name>
         <load_address>0x17df2</load_address>
         <run_address>0x17df2</run_address>
         <size>0x22a</size>
         <input_file_ref idref="fl-d2"/>
      </object_component>
      <object_component id="oc-3dc">
         <name>.debug_info</name>
         <load_address>0x1801c</load_address>
         <run_address>0x1801c</run_address>
         <size>0x10d</size>
         <input_file_ref idref="fl-d3"/>
      </object_component>
      <object_component id="oc-2a8">
         <name>.debug_info</name>
         <load_address>0x18129</load_address>
         <run_address>0x18129</run_address>
         <size>0x547</size>
         <input_file_ref idref="fl-d4"/>
      </object_component>
      <object_component id="oc-1b2">
         <name>.debug_info</name>
         <load_address>0x18670</load_address>
         <run_address>0x18670</run_address>
         <size>0x19b</size>
         <input_file_ref idref="fl-d4"/>
      </object_component>
      <object_component id="oc-337">
         <name>.debug_info</name>
         <load_address>0x1880b</load_address>
         <run_address>0x1880b</run_address>
         <size>0x39</size>
         <input_file_ref idref="fl-d4"/>
      </object_component>
      <object_component id="oc-3c8">
         <name>.debug_info</name>
         <load_address>0x18844</load_address>
         <run_address>0x18844</run_address>
         <size>0x39</size>
         <input_file_ref idref="fl-d4"/>
      </object_component>
      <object_component id="oc-33c">
         <name>.debug_info</name>
         <load_address>0x1887d</load_address>
         <run_address>0x1887d</run_address>
         <size>0x39</size>
         <input_file_ref idref="fl-d4"/>
      </object_component>
      <object_component id="oc-341">
         <name>.debug_info</name>
         <load_address>0x188b6</load_address>
         <run_address>0x188b6</run_address>
         <size>0xcd</size>
         <input_file_ref idref="fl-d4"/>
      </object_component>
      <object_component id="oc-bb">
         <name>.debug_info</name>
         <load_address>0x18983</load_address>
         <run_address>0x18983</run_address>
         <size>0x148</size>
         <input_file_ref idref="fl-d5"/>
      </object_component>
      <object_component id="oc-314">
         <name>.debug_info</name>
         <load_address>0x18acb</load_address>
         <run_address>0x18acb</run_address>
         <size>0x8a6</size>
         <input_file_ref idref="fl-d7"/>
      </object_component>
      <object_component id="oc-2e2">
         <name>.debug_info</name>
         <load_address>0x19371</load_address>
         <run_address>0x19371</run_address>
         <size>0x213</size>
         <input_file_ref idref="fl-d7"/>
      </object_component>
      <object_component id="oc-37c">
         <name>.debug_info</name>
         <load_address>0x19584</load_address>
         <run_address>0x19584</run_address>
         <size>0x1a8</size>
         <input_file_ref idref="fl-d7"/>
      </object_component>
      <object_component id="oc-382">
         <name>.debug_info</name>
         <load_address>0x1972c</load_address>
         <run_address>0x1972c</run_address>
         <size>0x210</size>
         <input_file_ref idref="fl-d7"/>
      </object_component>
      <object_component id="oc-2ed">
         <name>.debug_info</name>
         <load_address>0x1993c</load_address>
         <run_address>0x1993c</run_address>
         <size>0x3b0</size>
         <input_file_ref idref="fl-d7"/>
      </object_component>
      <object_component id="oc-389">
         <name>.debug_info</name>
         <load_address>0x19cec</load_address>
         <run_address>0x19cec</run_address>
         <size>0x2fa</size>
         <input_file_ref idref="fl-d7"/>
      </object_component>
      <object_component id="oc-38f">
         <name>.debug_info</name>
         <load_address>0x19fe6</load_address>
         <run_address>0x19fe6</run_address>
         <size>0x20a</size>
         <input_file_ref idref="fl-d7"/>
      </object_component>
      <object_component id="oc-2f3">
         <name>.debug_info</name>
         <load_address>0x1a1f0</load_address>
         <run_address>0x1a1f0</run_address>
         <size>0x20a</size>
         <input_file_ref idref="fl-d7"/>
      </object_component>
      <object_component id="oc-2f9">
         <name>.debug_info</name>
         <load_address>0x1a3fa</load_address>
         <run_address>0x1a3fa</run_address>
         <size>0x2f9</size>
         <input_file_ref idref="fl-d7"/>
      </object_component>
      <object_component id="oc-2ff">
         <name>.debug_info</name>
         <load_address>0x1a6f3</load_address>
         <run_address>0x1a6f3</run_address>
         <size>0x4a5</size>
         <input_file_ref idref="fl-d7"/>
      </object_component>
      <object_component id="oc-25a">
         <name>.debug_info</name>
         <load_address>0x1ab98</load_address>
         <run_address>0x1ab98</run_address>
         <size>0x5cd</size>
         <input_file_ref idref="fl-d7"/>
      </object_component>
      <object_component id="oc-315">
         <name>.debug_info</name>
         <load_address>0x1b165</load_address>
         <run_address>0x1b165</run_address>
         <size>0x86</size>
         <input_file_ref idref="fl-d7"/>
      </object_component>
      <object_component id="oc-3bb">
         <name>.debug_info</name>
         <load_address>0x1b1eb</load_address>
         <run_address>0x1b1eb</run_address>
         <size>0x39</size>
         <input_file_ref idref="fl-d7"/>
      </object_component>
      <object_component id="oc-409">
         <name>.debug_info</name>
         <load_address>0x1b224</load_address>
         <run_address>0x1b224</run_address>
         <size>0xb6</size>
         <input_file_ref idref="fl-d7"/>
      </object_component>
      <object_component id="oc-3c0">
         <name>.debug_info</name>
         <load_address>0x1b2da</load_address>
         <run_address>0x1b2da</run_address>
         <size>0x46</size>
         <input_file_ref idref="fl-d7"/>
      </object_component>
      <object_component id="oc-31a">
         <name>.debug_info</name>
         <load_address>0x1b320</load_address>
         <run_address>0x1b320</run_address>
         <size>0x46</size>
         <input_file_ref idref="fl-d7"/>
      </object_component>
      <object_component id="oc-34c">
         <name>.debug_info</name>
         <load_address>0x1b366</load_address>
         <run_address>0x1b366</run_address>
         <size>0x2ae</size>
         <input_file_ref idref="fl-d8"/>
      </object_component>
      <object_component id="oc-2d9">
         <name>.debug_info</name>
         <load_address>0x1b614</load_address>
         <run_address>0x1b614</run_address>
         <size>0x171</size>
         <input_file_ref idref="fl-d8"/>
      </object_component>
      <object_component id="oc-3d6">
         <name>.debug_info</name>
         <load_address>0x1b785</load_address>
         <run_address>0x1b785</run_address>
         <size>0xee</size>
         <input_file_ref idref="fl-d9"/>
      </object_component>
      <object_component id="oc-349">
         <name>.debug_info</name>
         <load_address>0x1b873</load_address>
         <run_address>0x1b873</run_address>
         <size>0xfa</size>
         <input_file_ref idref="fl-d9"/>
      </object_component>
      <object_component id="oc-3e4">
         <name>.debug_info</name>
         <load_address>0x1b96d</load_address>
         <run_address>0x1b96d</run_address>
         <size>0x290</size>
         <input_file_ref idref="fl-da"/>
      </object_component>
      <object_component id="oc-369">
         <name>.debug_info</name>
         <load_address>0x1bbfd</load_address>
         <run_address>0x1bbfd</run_address>
         <size>0x1c2</size>
         <input_file_ref idref="fl-da"/>
      </object_component>
      <object_component id="oc-3a7">
         <name>.debug_info</name>
         <load_address>0x1bdbf</load_address>
         <run_address>0x1bdbf</run_address>
         <size>0x28b</size>
         <input_file_ref idref="fl-db"/>
      </object_component>
      <object_component id="oc-302">
         <name>.debug_info</name>
         <load_address>0x1c04a</load_address>
         <run_address>0x1c04a</run_address>
         <size>0x1ab</size>
         <input_file_ref idref="fl-db"/>
      </object_component>
      <object_component id="oc-3fb">
         <name>.debug_info</name>
         <load_address>0x1c1f5</load_address>
         <run_address>0x1c1f5</run_address>
         <size>0x28f</size>
         <input_file_ref idref="fl-dc"/>
      </object_component>
      <object_component id="oc-3a0">
         <name>.debug_info</name>
         <load_address>0x1c484</load_address>
         <run_address>0x1c484</run_address>
         <size>0x247</size>
         <input_file_ref idref="fl-dc"/>
      </object_component>
      <object_component id="oc-3ec">
         <name>.debug_info</name>
         <load_address>0x1c6cb</load_address>
         <run_address>0x1c6cb</run_address>
         <size>0x28f</size>
         <input_file_ref idref="fl-dd"/>
      </object_component>
      <object_component id="oc-394">
         <name>.debug_info</name>
         <load_address>0x1c95a</load_address>
         <run_address>0x1c95a</run_address>
         <size>0x18a</size>
         <input_file_ref idref="fl-dd"/>
      </object_component>
      <object_component id="oc-415">
         <name>.debug_info</name>
         <load_address>0x1cae4</load_address>
         <run_address>0x1cae4</run_address>
         <size>0x39</size>
         <input_file_ref idref="fl-dd"/>
      </object_component>
      <object_component id="oc-3ed">
         <name>.debug_info</name>
         <load_address>0x1cb1d</load_address>
         <run_address>0x1cb1d</run_address>
         <size>0x2c</size>
         <input_file_ref idref="fl-dd"/>
      </object_component>
      <object_component id="oc-3f9">
         <name>.debug_info</name>
         <load_address>0x1cb49</load_address>
         <run_address>0x1cb49</run_address>
         <size>0x2f2</size>
         <input_file_ref idref="fl-de"/>
      </object_component>
      <object_component id="oc-39c">
         <name>.debug_info</name>
         <load_address>0x1ce3b</load_address>
         <run_address>0x1ce3b</run_address>
         <size>0x21a</size>
         <input_file_ref idref="fl-de"/>
      </object_component>
      <object_component id="oc-3f3">
         <name>.debug_info</name>
         <load_address>0x1d055</load_address>
         <run_address>0x1d055</run_address>
         <size>0x156</size>
         <input_file_ref idref="fl-df"/>
      </object_component>
      <object_component id="oc-3ae">
         <name>.debug_info</name>
         <load_address>0x1d1ab</load_address>
         <run_address>0x1d1ab</run_address>
         <size>0x284</size>
         <input_file_ref idref="fl-e0"/>
      </object_component>
      <object_component id="oc-308">
         <name>.debug_info</name>
         <load_address>0x1d42f</load_address>
         <run_address>0x1d42f</run_address>
         <size>0x14f</size>
         <input_file_ref idref="fl-e0"/>
      </object_component>
      <object_component id="oc-3fe">
         <name>.debug_info</name>
         <load_address>0x1d57e</load_address>
         <run_address>0x1d57e</run_address>
         <size>0x46</size>
         <input_file_ref idref="fl-e0"/>
      </object_component>
      <object_component id="oc-3a9">
         <name>.debug_info</name>
         <load_address>0x1d5c4</load_address>
         <run_address>0x1d5c4</run_address>
         <size>0x39</size>
         <input_file_ref idref="fl-e0"/>
      </object_component>
      <object_component id="oc-374">
         <name>.debug_info</name>
         <load_address>0x1d5fd</load_address>
         <run_address>0x1d5fd</run_address>
         <size>0x144</size>
         <input_file_ref idref="fl-e1"/>
      </object_component>
      <object_component id="oc-2e7">
         <name>.debug_info</name>
         <load_address>0x1d741</load_address>
         <run_address>0x1d741</run_address>
         <size>0x120</size>
         <input_file_ref idref="fl-e2"/>
      </object_component>
      <object_component id="oc-361">
         <name>.debug_info</name>
         <load_address>0x1d861</load_address>
         <run_address>0x1d861</run_address>
         <size>0x122</size>
         <input_file_ref idref="fl-e2"/>
      </object_component>
      <object_component id="oc-35a">
         <name>.debug_info</name>
         <load_address>0x1d983</load_address>
         <run_address>0x1d983</run_address>
         <size>0x132</size>
         <input_file_ref idref="fl-e3"/>
      </object_component>
      <object_component id="oc-355">
         <name>.debug_info</name>
         <load_address>0x1dab5</load_address>
         <run_address>0x1dab5</run_address>
         <size>0x132</size>
         <input_file_ref idref="fl-e4"/>
      </object_component>
      <object_component id="oc-364">
         <name>.debug_info</name>
         <load_address>0x1dbe7</load_address>
         <run_address>0x1dbe7</run_address>
         <size>0x126</size>
         <input_file_ref idref="fl-e5"/>
      </object_component>
      <object_component id="oc-36f">
         <name>.debug_info</name>
         <load_address>0x1dd0d</load_address>
         <run_address>0x1dd0d</run_address>
         <size>0x124</size>
         <input_file_ref idref="fl-e6"/>
      </object_component>
      <object_component id="oc-34e">
         <name>.debug_info</name>
         <load_address>0x1de31</load_address>
         <run_address>0x1de31</run_address>
         <size>0x12c</size>
         <input_file_ref idref="fl-e7"/>
      </object_component>
      <object_component id="oc-3b3">
         <name>.debug_info</name>
         <load_address>0x1df5d</load_address>
         <run_address>0x1df5d</run_address>
         <size>0x27e</size>
         <input_file_ref idref="fl-e8"/>
      </object_component>
      <object_component id="oc-3b0">
         <name>.debug_info</name>
         <load_address>0x1e1db</load_address>
         <run_address>0x1e1db</run_address>
         <size>0x103</size>
         <input_file_ref idref="fl-e8"/>
      </object_component>
      <object_component id="oc-30e">
         <name>.debug_info</name>
         <load_address>0x1e2de</load_address>
         <run_address>0x1e2de</run_address>
         <size>0x143</size>
         <input_file_ref idref="fl-e8"/>
      </object_component>
      <object_component id="oc-14b">
         <name>.debug_info</name>
         <load_address>0x1e421</load_address>
         <run_address>0x1e421</run_address>
         <size>0x20a</size>
         <input_file_ref idref="fl-e9"/>
      </object_component>
      <object_component id="oc-237">
         <name>.debug_info</name>
         <load_address>0x1e62b</load_address>
         <run_address>0x1e62b</run_address>
         <size>0x18b</size>
         <input_file_ref idref="fl-e9"/>
      </object_component>
      <object_component id="oc-255">
         <name>.debug_info</name>
         <load_address>0x1e7b6</load_address>
         <run_address>0x1e7b6</run_address>
         <size>0x240</size>
         <input_file_ref idref="fl-ea"/>
      </object_component>
      <object_component id="oc-275">
         <name>.debug_info</name>
         <load_address>0x1e9f6</load_address>
         <run_address>0x1e9f6</run_address>
         <size>0x15b</size>
         <input_file_ref idref="fl-ea"/>
      </object_component>
      <object_component id="oc-167">
         <name>.debug_info</name>
         <load_address>0x1eb51</load_address>
         <run_address>0x1eb51</run_address>
         <size>0x2a3</size>
         <input_file_ref idref="fl-ea"/>
      </object_component>
      <object_component id="oc-179">
         <name>.debug_info</name>
         <load_address>0x1edf4</load_address>
         <run_address>0x1edf4</run_address>
         <size>0x316</size>
         <input_file_ref idref="fl-ea"/>
      </object_component>
      <object_component id="oc-183">
         <name>.debug_info</name>
         <load_address>0x1f10a</load_address>
         <run_address>0x1f10a</run_address>
         <size>0x280</size>
         <input_file_ref idref="fl-ea"/>
      </object_component>
      <object_component id="oc-23c">
         <name>.debug_info</name>
         <load_address>0x1f38a</load_address>
         <run_address>0x1f38a</run_address>
         <size>0x20e</size>
         <input_file_ref idref="fl-eb"/>
      </object_component>
      <object_component id="oc-23e">
         <name>.debug_info</name>
         <load_address>0x1f598</load_address>
         <run_address>0x1f598</run_address>
         <size>0x210</size>
         <input_file_ref idref="fl-eb"/>
      </object_component>
      <object_component id="oc-234">
         <name>.debug_info</name>
         <load_address>0x1f7a8</load_address>
         <run_address>0x1f7a8</run_address>
         <size>0x157</size>
         <input_file_ref idref="fl-eb"/>
      </object_component>
      <object_component id="oc-245">
         <name>.debug_info</name>
         <load_address>0x1f8ff</load_address>
         <run_address>0x1f8ff</run_address>
         <size>0x225</size>
         <input_file_ref idref="fl-eb"/>
      </object_component>
      <object_component id="oc-147">
         <name>.debug_info</name>
[...]
      <symbol id="sm-531">
         <name>xTaskPriorityDisinherit</name>
         <value>0x140f</value>
         <object_component_ref idref="oc-7c"/>
      </symbol>
      <symbol id="sm-532">
         <name>vTaskStartScheduler</name>
         <value>0x9a9</value>
         <object_component_ref idref="oc-7c"/>
      </symbol>
      <symbol id="sm-533">
         <name>xTaskNotifyStateClear</name>
         <value>0x18c1</value>
         <object_component_ref idref="oc-7c"/>
      </symbol>
      <symbol id="sm-534">
         <name>pvTaskIncrementMutexHeldCount</name>
         <value>0x14cf</value>
         <object_component_ref idref="oc-7c"/>
      </symbol>
      <symbol id="sm-535">
         <name>xTaskGenericNotify</name>
         <value>0x161d</value>
         <object_component_ref idref="oc-7c"/>
      </symbol>
      <symbol id="sm-536">
         <name>xTaskCreate</name>
         <value>0x209</value>
         <object_component_ref idref="oc-7c"/>
      </symbol>
      <symbol id="sm-537">
         <name>vTaskDelayUntil</name>
         <value>0x4b1</value>
         <object_component_ref idref="oc-7c"/>
      </symbol>
      <symbol id="sm-538">
         <name>uxTaskGetTaskNumber</name>
         <value>0x1011</value>
         <object_component_ref idref="oc-7c"/>
      </symbol>
      <symbol id="sm-539">
         <name>vTaskEndScheduler</name>
         <value>0xa01</value>
         <object_component_ref idref="oc-7c"/>
      </symbol>
      <symbol id="sm-53a">
         <name>xTaskNotifyWait</name>
         <value>0x156d</value>
         <object_component_ref idref="oc-7c"/>
      </symbol>
      <symbol id="sm-53b">
         <name>vTaskMissedYield</name>
         <value>0xfff</value>
         <object_component_ref idref="oc-7c"/>
      </symbol>
      <symbol id="sm-53c">
         <name>uxTaskGetNumberOfTasks</name>
         <value>0xb3d</value>
         <object_component_ref idref="oc-7c"/>
      </symbol>
      <symbol id="sm-53d">
         <name>xTaskGenericNotifyFromISR</name>
         <value>0x1709</value>
         <object_component_ref idref="oc-7c"/>
      </symbol>
      <symbol id="sm-53e">
         <name>vTaskGetInfo</name>
         <value>0x1125</value>
         <object_component_ref idref="oc-7c"/>
      </symbol>
      <symbol id="sm-53f">
         <name>uxTaskPriorityGet</name>
         <value>0x611</value>
         <object_component_ref idref="oc-7c"/>
      </symbol>
      <symbol id="sm-540">
         <name>xTaskResumeAll</name>
         <value>0xa35</value>
         <object_component_ref idref="oc-7c"/>
      </symbol>
      <symbol id="sm-541">
         <name>xTaskGetTickCount</name>
         <value>0xb19</value>
         <object_component_ref idref="oc-7c"/>
      </symbol>
      <symbol id="sm-542">
         <name>uxTaskGetSystemState</name>
         <value>0xb69</value>
         <object_component_ref idref="oc-7c"/>
      </symbol>
      <symbol id="sm-543">
         <name>vTaskDelete</name>
         <value>0x403</value>
         <object_component_ref idref="oc-7c"/>
      </symbol>
      <symbol id="sm-544">
         <name>pxCurrentTCB</name>
         <value>0x20018c78</value>
         <object_component_ref idref="oc-76"/>
      </symbol>
      <symbol id="sm-545">
         <name>vTaskNotifyGiveFromISR</name>
         <value>0x1813</value>
         <object_component_ref idref="oc-7c"/>
      </symbol>
      <symbol id="sm-546">
         <name>eTaskGetState</name>
         <value>0x57d</value>
         <object_component_ref idref="oc-7c"/>
      </symbol>
      <symbol id="sm-547">
         <name>vTaskSuspend</name>
         <value>0x7a1</value>
         <object_component_ref idref="oc-7c"/>
      </symbol>
      <symbol id="sm-548">
         <name>xTaskGetTickCountFromISR</name>
         <value>0xb29</value>
         <object_component_ref idref="oc-7c"/>
      </symbol>
      <symbol id="sm-549">
         <name>vTaskResume</name>
         <value>0x8a1</value>
         <object_component_ref idref="oc-7c"/>
      </symbol>
      <symbol id="sm-54a">
         <name>vTaskPlaceOnEventListRestricted</name>
         <value>0xe33</value>
         <object_component_ref idref="oc-7c"/>
      </symbol>
      <symbol id="sm-54b">
         <name>vTaskSetTimeOutState</name>
         <value>0xf61</value>
         <object_component_ref idref="oc-7c"/>
      </symbol>
      <symbol id="sm-54c">
         <name>xTaskIncrementTick</name>
         <value>0xc5d</value>
         <object_component_ref idref="oc-7c"/>
      </symbol>
      <symbol id="sm-54d">
         <name>vTaskSwitchContext</name>
         <value>0xd85</value>
         <object_component_ref idref="oc-7c"/>
      </symbol>
      <symbol id="sm-54e">
         <name>uxTaskResetEventItemValue</name>
         <value>0x14ad</value>
         <object_component_ref idref="oc-7c"/>
      </symbol>
      <symbol id="sm-54f">
         <name>xTaskGetSchedulerState</name>
         <value>0x1301</value>
         <object_component_ref idref="oc-7c"/>
      </symbol>
      <symbol id="sm-550">
         <name>xTaskResumeFromISR</name>
         <value>0x91b</value>
         <object_component_ref idref="oc-7c"/>
      </symbol>
      <symbol id="sm-551">
         <name>xTaskGetCurrentTaskHandle</name>
         <value>0x12e7</value>
         <object_component_ref idref="oc-7c"/>
      </symbol>
      <symbol id="sm-552">
         <name>vTaskPlaceOnUnorderedEventList</name>
         <value>0xe09</value>
         <object_component_ref idref="oc-7c"/>
      </symbol>
      <symbol id="sm-553">
         <name>xTaskRemoveFromEventList</name>
         <value>0xe6d</value>
         <object_component_ref idref="oc-7c"/>
      </symbol>
      <symbol id="sm-5e0">
         <name>xTimerGetTimerDaemonTaskHandle</name>
         <value>0x43b5</value>
         <object_component_ref idref="oc-f5"/>
      </symbol>
      <symbol id="sm-5e1">
         <name>pcTimerGetName</name>
         <value>0x43e3</value>
         <object_component_ref idref="oc-f5"/>
      </symbol>
      <symbol id="sm-5e2">
         <name>xTimerCreateTimerTask</name>
         <value>0x42a9</value>
         <object_component_ref idref="oc-f5"/>
      </symbol>
      <symbol id="sm-5e3">
         <name>xTimerGetExpiryTime</name>
         <value>0x43cd</value>
         <object_component_ref idref="oc-f5"/>
      </symbol>
      <symbol id="sm-5e4">
         <name>xTimerIsTimerActive</name>
         <value>0x47a5</value>
         <object_component_ref idref="oc-f5"/>
      </symbol>
      <symbol id="sm-5e5">
         <name>xTimerGetPeriod</name>
         <value>0x43bb</value>
         <object_component_ref idref="oc-f5"/>
      </symbol>
      <symbol id="sm-5e6">
         <name>xTimerCreate</name>
         <value>0x42d5</value>
         <object_component_ref idref="oc-f5"/>
      </symbol>
      <symbol id="sm-5e7">
         <name>xTimerGenericCommand</name>
         <value>0x4349</value>
         <object_component_ref idref="oc-f5"/>
      </symbol>
      <symbol id="sm-5e8">
         <name>pvTimerGetTimerID</name>
         <value>0x47d1</value>
         <object_component_ref idref="oc-f5"/>
      </symbol>
      <symbol id="sm-5e9">
         <name>vTimerSetTimerID</name>
         <value>0x47eb</value>
         <object_component_ref idref="oc-f5"/>
      </symbol>
      <symbol id="sm-619">
         <name>ulMaxSyscallInterruptPriority</name>
         <value>0x67bc</value>
         <object_component_ref idref="oc-79"/>
      </symbol>
      <symbol id="sm-61a">
         <name>vPortSetupTimerInterrupt</name>
         <value>0x546f</value>
         <object_component_ref idref="oc-2f"/>
      </symbol>
      <symbol id="sm-61b">
         <name>vPortEndScheduler</name>
         <value>0x5411</value>
         <object_component_ref idref="oc-2f"/>
      </symbol>
      <symbol id="sm-61c">
         <name>xPortSysTickHandler</name>
         <value>0x5449</value>
         <object_component_ref idref="oc-2f"/>
      </symbol>
      <symbol id="sm-61d">
         <name>pxPortInitialiseStack</name>
         <value>0x5371</value>
         <object_component_ref idref="oc-2f"/>
      </symbol>
      <symbol id="sm-61e">
         <name>vPortExitCritical</name>
         <value>0x5433</value>
         <object_component_ref idref="oc-2f"/>
      </symbol>
      <symbol id="sm-61f">
         <name>xPortStartScheduler</name>
         <value>0x53db</value>
         <object_component_ref idref="oc-2f"/>
      </symbol>
      <symbol id="sm-620">
         <name>vPortEnterCritical</name>
         <value>0x5413</value>
         <object_component_ref idref="oc-2f"/>
      </symbol>
      <symbol id="sm-62f">
         <name>vPortStartFirstTask</name>
         <value>0x599d</value>
         <object_component_ref idref="oc-2a"/>
      </symbol>
      <symbol id="sm-630">
         <name>ulPortGetIPSR</name>
         <value>0x5905</value>
         <object_component_ref idref="oc-2a"/>
      </symbol>
      <symbol id="sm-631">
         <name>vPortEnableVFP</name>
         <value>0x59b9</value>
         <object_component_ref idref="oc-2a"/>
      </symbol>
      <symbol id="sm-632">
         <name>xPortPendSVHandler</name>
         <value>0x591d</value>
         <object_component_ref idref="oc-2a"/>
      </symbol>
      <symbol id="sm-633">
         <name>vPortSVCHandler</name>
         <value>0x597d</value>
         <object_component_ref idref="oc-2a"/>
      </symbol>
      <symbol id="sm-67c">
         <name>vPortInitialiseBlocks</name>
         <value>0x4f73</value>
         <object_component_ref idref="oc-dd"/>
      </symbol>
      <symbol id="sm-67d">
         <name>xPortGetFreeHeapSize</name>
         <value>0x4f6d</value>
         <object_component_ref idref="oc-dd"/>
      </symbol>
      <symbol id="sm-67e">
         <name>pvPortMalloc</name>
         <value>0x4e19</value>
         <object_component_ref idref="oc-dd"/>
      </symbol>
      <symbol id="sm-67f">
         <name>vPortFree</name>
         <value>0x4f0f</value>
         <object_component_ref idref="oc-dd"/>
      </symbol>
      <symbol id="sm-69c">
         <name>memcpy</name>
         <value>0x5a7b</value>
         <object_component_ref idref="oc-43"/>
      </symbol>
      <symbol id="sm-69d">
         <name>__aeabi_memcpy</name>
         <value>0x5a7b</value>
         <object_component_ref idref="oc-43"/>
      </symbol>
      <symbol id="sm-69e">
         <name>__aeabi_memcpy8</name>
         <value>0x5a7b</value>
         <object_component_ref idref="oc-43"/>
      </symbol>
      <symbol id="sm-69f">
         <name>__aeabi_memcpy4</name>
         <value>0x5a7b</value>
         <object_component_ref idref="oc-43"/>
      </symbol>
      <symbol id="sm-6ae">
         <name>__aeabi_memset</name>
         <value>0x5cbb</value>
         <object_component_ref idref="oc-b4"/>
      </symbol>
      <symbol id="sm-6af">
         <name>memset</name>
         <value>0x5cc1</value>
         <object_component_ref idref="oc-b4"/>
      </symbol>
      <symbol id="sm-6b0">
         <name>__aeabi_memset8</name>
         <value>0x5cbb</value>
         <object_component_ref idref="oc-b4"/>
      </symbol>
      <symbol id="sm-6b1">
         <name>__aeabi_memset4</name>
         <value>0x5cbb</value>
         <object_component_ref idref="oc-b4"/>
      </symbol>
      <symbol id="sm-6b2">
         <name>__aeabi_memclr8</name>
         <value>0x5cb9</value>
         <object_component_ref idref="oc-b4"/>
      </symbol>
      <symbol id="sm-6b3">
         <name>__aeabi_memclr4</name>
         <value>0x5cb9</value>
         <object_component_ref idref="oc-b4"/>
      </symbol>
      <symbol id="sm-6b4">
         <name>__aeabi_memclr</name>
         <value>0x5cb9</value>
         <object_component_ref idref="oc-b4"/>
      </symbol>
      <symbol id="sm-6cb">
         <name>__TI_zero_init</name>
         <value>0x6319</value>
         <object_component_ref idref="oc-55"/>
      </symbol>
      <symbol id="sm-6e2">
         <name>__TI_decompress_none</name>
         <value>0x630b</value>
         <object_component_ref idref="oc-18"/>
      </symbol>
      <symbol id="sm-705">
         <name>__TI_decompress_lzss</name>
         <value>0x5e71</value>
         <object_component_ref idref="oc-12"/>
      </symbol>
      <symbol id="sm-718">
         <name>__stack</name>
         <value>0x20018a78</value>
         <object_component_ref idref="oc-21"/>
      </symbol>
      <symbol id="sm-719">
         <name>_c_int00_noargs</name>
         <value>0x61d9</value>
         <object_component_ref idref="oc-61"/>
      </symbol>
      <symbol id="sm-724">
         <name>C$$EXIT</name>
         <value>0x6361</value>
         <object_component_ref idref="oc-1a4"/>
      </symbol>
      <symbol id="sm-725">
         <name>abort</name>
         <value>0x6361</value>
         <object_component_ref idref="oc-1a4"/>
      </symbol>
      <symbol id="sm-74e">
         <name>sprintf</name>
         <value>0x6159</value>
         <object_component_ref idref="oc-16c"/>
      </symbol>
      <symbol id="sm-75c">
         <name>strlen</name>
         <value>0x62e5</value>
         <object_component_ref idref="oc-172"/>
      </symbol>
      <symbol id="sm-766">
         <name>__aeabi_idiv0</name>
         <value>0x4e17</value>
         <object_component_ref idref="oc-3d9"/>
      </symbol>
      <symbol id="sm-767">
         <name>__aeabi_ldiv0</name>
         <value>0x4e17</value>
         <object_component_ref idref="oc-3d9"/>
      </symbol>
      <symbol id="sm-78f">
         <name>__TI_auto_init_nobinit_nopinit</name>
         <value>0x6115</value>
         <object_component_ref idref="oc-1b0"/>
      </symbol>
      <symbol id="sm-799">
         <name>_system_pre_init</name>
         <value>0x635d</value>
         <object_component_ref idref="oc-ba"/>
      </symbol>
      <symbol id="sm-8ff">
         <name>__TI_printfi</name>
         <value>0x3849</value>
         <object_component_ref idref="oc-256"/>
      </symbol>
      <symbol id="sm-915">
         <name>atoi</name>
         <value>0x6039</value>
         <object_component_ref idref="oc-2d8"/>
      </symbol>
      <symbol id="sm-920">
         <name>_ctypes_</name>
         <value>0x6514</value>
         <object_component_ref idref="oc-348"/>
      </symbol>
      <symbol id="sm-92f">
         <name>ltoa</name>
         <value>0x5f93</value>
         <object_component_ref idref="oc-368"/>
      </symbol>
      <symbol id="sm-93f">
         <name>memccpy</name>
         <value>0x6273</value>
         <object_component_ref idref="oc-301"/>
      </symbol>
      <symbol id="sm-94f">
         <name>strchr</name>
         <value>0x62a7</value>
         <object_component_ref idref="oc-39f"/>
      </symbol>
      <symbol id="sm-96f">
         <name>frexpl</name>
         <value>0x5ed9</value>
         <object_component_ref idref="oc-393"/>
      </symbol>
      <symbol id="sm-970">
         <name>frexp</name>
         <value>0x5ed9</value>
         <object_component_ref idref="oc-393"/>
      </symbol>
      <symbol id="sm-98d">
         <name>scalbn</name>
         <value>0x56e9</value>
         <object_component_ref idref="oc-399"/>
      </symbol>
      <symbol id="sm-98e">
         <name>scalbnl</name>
         <value>0x56e9</value>
         <object_component_ref idref="oc-399"/>
      </symbol>
      <symbol id="sm-98f">
         <name>ldexpl</name>
         <value>0x56e9</value>
         <object_component_ref idref="oc-399"/>
      </symbol>
      <symbol id="sm-990">
         <name>ldexp</name>
         <value>0x56e9</value>
         <object_component_ref idref="oc-399"/>
      </symbol>
      <symbol id="sm-99a">
         <name>copysign</name>
         <value>0x62d1</value>
         <object_component_ref idref="oc-3f2"/>
      </symbol>
      <symbol id="sm-99b">
         <name>copysignl</name>
         <value>0x62d1</value>
         <object_component_ref idref="oc-3f2"/>
      </symbol>
      <symbol id="sm-9b4">
         <name>wcslen</name>
         <value>0x62f9</value>
         <object_component_ref idref="oc-307"/>
      </symbol>
      <symbol id="sm-9cb">
         <name>__aeabi_dsub</name>
         <value>0x4c61</value>
         <object_component_ref idref="oc-373"/>
      </symbol>
      <symbol id="sm-9cc">
         <name>__aeabi_dadd</name>
         <value>0x4c6b</value>
         <object_component_ref idref="oc-373"/>
      </symbol>
      <symbol id="sm-9ee">
         <name>__aeabi_cdcmpeq</name>
         <value>0x5bad</value>
         <object_component_ref idref="oc-2e4"/>
      </symbol>
      <symbol id="sm-9ef">
         <name>__aeabi_cdcmple</name>
         <value>0x5bad</value>
         <object_component_ref idref="oc-2e4"/>
      </symbol>
      <symbol id="sm-9f0">
         <name>__aeabi_cdrcmple</name>
         <value>0x5c33</value>
         <object_component_ref idref="oc-35e"/>
      </symbol>
      <symbol id="sm-a04">
         <name>__aeabi_ddiv</name>
         <value>0x5109</value>
         <object_component_ref idref="oc-359"/>
      </symbol>
      <symbol id="sm-a0f">
         <name>__aeabi_dmul</name>
         <value>0x57f9</value>
         <object_component_ref idref="oc-354"/>
      </symbol>
      <symbol id="sm-a19">
         <name>__aeabi_d2iz</name>
         <value>0x60cd</value>
         <object_component_ref idref="oc-363"/>
      </symbol>
      <symbol id="sm-a23">
         <name>__aeabi_i2d</name>
         <value>0x6245</value>
         <object_component_ref idref="oc-36e"/>
      </symbol>
      <symbol id="sm-a30">
         <name>__aeabi_uldivmod</name>
         <value>0x5b17</value>
         <object_component_ref idref="oc-34d"/>
      </symbol>
      <symbol id="sm-a46">
         <name>__aeabi_errno_addr</name>
         <value>0x6345</value>
         <object_component_ref idref="oc-30d"/>
      </symbol>
      <symbol id="sm-a47">
         <name>errno</name>
         <value>0x20018ccc</value>
         <object_component_ref idref="oc-3af"/>
      </symbol>
      <symbol id="sm-a56">
         <name>CPUwfi</name>
         <value>0x6359</value>
         <object_component_ref idref="oc-14a"/>
      </symbol>
      <symbol id="sm-a80">
         <name>GPIOPinConfigure</name>
         <value>0x6085</value>
         <object_component_ref idref="oc-182"/>
      </symbol>
      <symbol id="sm-a81">
         <name>GPIOPinWrite</name>
         <value>0x634d</value>
         <object_component_ref idref="oc-166"/>
      </symbol>
      <symbol id="sm-a82">
         <name>GPIOPadConfigSet</name>
         <value>0x523f</value>
         <object_component_ref idref="oc-178"/>
      </symbol>
      <symbol id="sm-ae3">
         <name>IntEnable</name>
         <value>0x5e09</value>
         <object_component_ref idref="oc-138"/>
      </symbol>
      <symbol id="sm-ae4">
         <name>IntDisable</name>
         <value>0x5da1</value>
         <object_component_ref idref="oc-13e"/>
      </symbol>
      <symbol id="sm-ae5">
         <name>IntRegister</name>
         <value>0x6211</value>
         <object_component_ref idref="oc-132"/>
      </symbol>
      <symbol id="sm-ae6">
         <name>IntUnregister</name>
         <value>0x62bd</value>
         <object_component_ref idref="oc-144"/>
      </symbol>
      <symbol id="sm-ae7">
         <name>g_pfnRAMVectors</name>
         <value>0x20000000</value>
         <object_component_ref idref="oc-233"/>
      </symbol>
      <symbol id="sm-af5">
         <name>UARTCharPut</name>
         <value>0x6331</value>
         <object_component_ref idref="oc-160"/>
      </symbol>
      <symbol id="sm-af6">
         <name>__TI_static_base__</name>
         <value>0x0</value>
      </symbol>
      <symbol id="sm-af9">
         <name>__mpu_init</name>
         <value>0x0</value>
      </symbol>
      <symbol id="sm-afa">
         <name>_system_post_cinit</name>
         <value>0x0</value>
      </symbol>
   </symbol_table>
   <title>Link successful</title>
</link_info>
