<?xml version="1.0" encoding="ISO-8859-1" ?>
<link_info>
   <banner>TI ARM Linker Unix v18.1.1.LTS</banner>
   <copyright>Copyright (c) 1996-2017 Texas Instruments Incorporated</copyright>
   <link_time>0x5aca91f8</link_time>
   <link_errors>0x0</link_errors>
   <output_file>freeRTOSTest3Tasks.out</output_file>
   <entry_point>
      <name>_c_int00_noargs</name>
      <address>0x55c9</address>
   </entry_point>
   <input_file_list>
      <input_file id="fl-1">
         <path>./</path>
         <kind>object</kind>
         <file>main.obj</file>
         <name>main.obj</name>
      </input_file>
      <input_file id="fl-2">
         <path>./</path>
         <kind>object</kind>
         <file>tm4c1294ncpdt_startup_ccs.obj</file>
         <name>tm4c1294ncpdt_startup_ccs.obj</name>
      </input_file>
      <input_file id="fl-3">
         <path>./FreeRTOS/</path>
         <kind>object</kind>
         <file>croutine.obj</file>
         <name>croutine.obj</name>
      </input_file>
      <input_file id="fl-4">
         <path>./FreeRTOS/</path>
         <kind>object</kind>
         <file>event_groups.obj</file>
         <name>event_groups.obj</name>
      </input_file>
      <input_file id="fl-5">
         <path>./FreeRTOS/</path>
         <kind>object</kind>
         <file>list.obj</file>
         <name>list.obj</name>
      </input_file>
      <input_file id="fl-6">
         <path>./FreeRTOS/</path>
         <kind>object</kind>
         <file>queue.obj</file>
         <name>queue.obj</name>
      </input_file>
      <input_file id="fl-7">
         <path>./FreeRTOS/</path>
         <kind>object</kind>
         <file>tasks.obj</file>
         <name>tasks.obj</name>
      </input_file>
      <input_file id="fl-8">
         <path>./FreeRTOS/</path>
         <kind>object</kind>
         <file>timers.obj</file>
         <name>timers.obj</name>
      </input_file>
      <input_file id="fl-9">
         <path>./FreeRTOS/portable/CCS/ARM_CM4F/</path>
         <kind>object</kind>
         <file>port.obj</file>
         <name>port.obj</name>
      </input_file>
      <input_file id="fl-a">
         <path>./FreeRTOS/portable/CCS/ARM_CM4F/</path>
         <kind>object</kind>
         <file>portasm.obj</file>
         <name>portasm.obj</name>
      </input_file>
      <input_file id="fl-b">
         <path>./FreeRTOS/portable/MemMang/</path>
         <kind>object</kind>
         <file>heap_2.obj</file>
         <name>heap_2.obj</name>
      </input_file>
      <input_file id="fl-c">
         <path>./utils/</path>
         <kind>object</kind>
         <file>uartstdio.obj</file>
         <name>uartstdio.obj</name>
      </input_file>
      <input_file id="fl-11">
         <kind>object</kind>
         <file>&lt;internal&gt;</file>
         <name>&lt;internal&gt;</name>
      </input_file>
      <input_file id="fl-c7">
         <path>/Users/pavandhareshwar/CCS/ccsv8/tools/compiler/ti-cgt-arm_18.1.1.LTS/lib/</path>
         <kind>archive</kind>
         <file>rtsv7M4_T_le_v4SPD16_eabi.lib</file>
         <name>u_divt2.asm.obj</name>
      </input_file>
      <input_file id="fl-c8">
         <path>/Users/pavandhareshwar/CCS/ccsv8/tools/compiler/ti-cgt-arm_18.1.1.LTS/lib/</path>
         <kind>archive</kind>
         <file>rtsv7M4_T_le_v4SPD16_eabi.lib</file>
         <name>memcpy_t2.asm.obj</name>
      </input_file>
      <input_file id="fl-c9">
         <path>/Users/pavandhareshwar/CCS/ccsv8/tools/compiler/ti-cgt-arm_18.1.1.LTS/lib/</path>
         <kind>archive</kind>
         <file>rtsv7M4_T_le_v4SPD16_eabi.lib</file>
         <name>memset_t2.asm.obj</name>
      </input_file>
      <input_file id="fl-ca">
         <path>/Users/pavandhareshwar/CCS/ccsv8/tools/compiler/ti-cgt-arm_18.1.1.LTS/lib/</path>
         <kind>archive</kind>
         <file>rtsv7M4_T_le_v4SPD16_eabi.lib</file>
         <name>copy_zero_init.c.obj</name>
      </input_file>
      <input_file id="fl-cb">
         <path>/Users/pavandhareshwar/CCS/ccsv8/tools/compiler/ti-cgt-arm_18.1.1.LTS/lib/</path>
         <kind>archive</kind>
         <file>rtsv7M4_T_le_v4SPD16_eabi.lib</file>
         <name>copy_decompress_none.c.obj</name>
      </input_file>
      <input_file id="fl-cc">
         <path>/Users/pavandhareshwar/CCS/ccsv8/tools/compiler/ti-cgt-arm_18.1.1.LTS/lib/</path>
         <kind>archive</kind>
         <file>rtsv7M4_T_le_v4SPD16_eabi.lib</file>
         <name>copy_decompress_lzss.c.obj</name>
      </input_file>
      <input_file id="fl-cd">
         <path>/Users/pavandhareshwar/CCS/ccsv8/tools/compiler/ti-cgt-arm_18.1.1.LTS/lib/</path>
         <kind>archive</kind>
         <file>rtsv7M4_T_le_v4SPD16_eabi.lib</file>
         <name>boot_cortex_m.c.obj</name>
      </input_file>
      <input_file id="fl-ce">
         <path>/Users/pavandhareshwar/CCS/ccsv8/tools/compiler/ti-cgt-arm_18.1.1.LTS/lib/</path>
         <kind>archive</kind>
         <file>rtsv7M4_T_le_v4SPD16_eabi.lib</file>
         <name>exit.c.obj</name>
      </input_file>
      <input_file id="fl-cf">
         <path>/Users/pavandhareshwar/CCS/ccsv8/tools/compiler/ti-cgt-arm_18.1.1.LTS/lib/</path>
         <kind>archive</kind>
         <file>rtsv7M4_T_le_v4SPD16_eabi.lib</file>
         <name>_lock.c.obj</name>
      </input_file>
      <input_file id="fl-d0">
         <path>/Users/pavandhareshwar/CCS/ccsv8/tools/compiler/ti-cgt-arm_18.1.1.LTS/lib/</path>
         <kind>archive</kind>
         <file>rtsv7M4_T_le_v4SPD16_eabi.lib</file>
         <name>args_main.c.obj</name>
      </input_file>
      <input_file id="fl-d1">
         <path>/Users/pavandhareshwar/CCS/ccsv8/tools/compiler/ti-cgt-arm_18.1.1.LTS/lib/</path>
         <kind>archive</kind>
         <file>rtsv7M4_T_le_v4SPD16_eabi.lib</file>
         <name>sprintf.c.obj</name>
      </input_file>
      <input_file id="fl-d2">
         <path>/Users/pavandhareshwar/CCS/ccsv8/tools/compiler/ti-cgt-arm_18.1.1.LTS/lib/</path>
         <kind>archive</kind>
         <file>rtsv7M4_T_le_v4SPD16_eabi.lib</file>
         <name>strcpy.c.obj</name>
      </input_file>
      <input_file id="fl-d3">
         <path>/Users/pavandhareshwar/CCS/ccsv8/tools/compiler/ti-cgt-arm_18.1.1.LTS/lib/</path>
         <kind>archive</kind>
         <file>rtsv7M4_T_le_v4SPD16_eabi.lib</file>
         <name>strlen.c.obj</name>
      </input_file>
      <input_file id="fl-d4">
         <path>/Users/pavandhareshwar/CCS/ccsv8/tools/compiler/ti-cgt-arm_18.1.1.LTS/lib/</path>
         <kind>archive</kind>
         <file>rtsv7M4_T_le_v4SPD16_eabi.lib</file>
         <name>div0.asm.obj</name>
      </input_file>
      <input_file id="fl-d5">
         <path>/Users/pavandhareshwar/CCS/ccsv8/tools/compiler/ti-cgt-arm_18.1.1.LTS/lib/</path>
         <kind>archive</kind>
         <file>rtsv7M4_T_le_v4SPD16_eabi.lib</file>
         <name>autoinit.c.obj</name>
      </input_file>
      <input_file id="fl-d6">
         <path>/Users/pavandhareshwar/CCS/ccsv8/tools/compiler/ti-cgt-arm_18.1.1.LTS/lib/</path>
         <kind>archive</kind>
         <file>rtsv7M4_T_le_v4SPD16_eabi.lib</file>
         <name>pre_init.c.obj</name>
      </input_file>
      <input_file id="fl-d7">
         <path>/Users/pavandhareshwar/CCS/ccsv8/tools/compiler/ti-cgt-arm_18.1.1.LTS/lib/</path>
         <kind>archive</kind>
         <file>rtsv7M4_T_le_v4SPD16_eabi.lib</file>
         <name>cpy_tbl.c.obj</name>
      </input_file>
      <input_file id="fl-d8">
         <path>/Users/pavandhareshwar/CCS/ccsv8/tools/compiler/ti-cgt-arm_18.1.1.LTS/lib/</path>
         <kind>archive</kind>
         <file>rtsv7M4_T_le_v4SPD16_eabi.lib</file>
         <name>_printfi.c.obj</name>
      </input_file>
      <input_file id="fl-d9">
         <path>/Users/pavandhareshwar/CCS/ccsv8/tools/compiler/ti-cgt-arm_18.1.1.LTS/lib/</path>
         <kind>archive</kind>
         <file>rtsv7M4_T_le_v4SPD16_eabi.lib</file>
         <name>atoi.c.obj</name>
      </input_file>
      <input_file id="fl-da">
         <path>/Users/pavandhareshwar/CCS/ccsv8/tools/compiler/ti-cgt-arm_18.1.1.LTS/lib/</path>
         <kind>archive</kind>
         <file>rtsv7M4_T_le_v4SPD16_eabi.lib</file>
         <name>ctype.c.obj</name>
      </input_file>
      <input_file id="fl-db">
         <path>/Users/pavandhareshwar/CCS/ccsv8/tools/compiler/ti-cgt-arm_18.1.1.LTS/lib/</path>
         <kind>archive</kind>
         <file>rtsv7M4_T_le_v4SPD16_eabi.lib</file>
         <name>ltoa.c.obj</name>
      </input_file>
      <input_file id="fl-dc">
         <path>/Users/pavandhareshwar/CCS/ccsv8/tools/compiler/ti-cgt-arm_18.1.1.LTS/lib/</path>
         <kind>archive</kind>
         <file>rtsv7M4_T_le_v4SPD16_eabi.lib</file>
         <name>memccpy.c.obj</name>
      </input_file>
      <input_file id="fl-dd">
         <path>/Users/pavandhareshwar/CCS/ccsv8/tools/compiler/ti-cgt-arm_18.1.1.LTS/lib/</path>
         <kind>archive</kind>
         <file>rtsv7M4_T_le_v4SPD16_eabi.lib</file>
         <name>strchr.c.obj</name>
      </input_file>
      <input_file id="fl-de">
         <path>/Users/pavandhareshwar/CCS/ccsv8/tools/compiler/ti-cgt-arm_18.1.1.LTS/lib/</path>
         <kind>archive</kind>
         <file>rtsv7M4_T_le_v4SPD16_eabi.lib</file>
         <name>s_frexp.c.obj</name>
      </input_file>
      <input_file id="fl-df">
         <path>/Users/pavandhareshwar/CCS/ccsv8/tools/compiler/ti-cgt-arm_18.1.1.LTS/lib/</path>
         <kind>archive</kind>
         <file>rtsv7M4_T_le_v4SPD16_eabi.lib</file>
         <name>s_scalbn.c.obj</name>
      </input_file>
      <input_file id="fl-e0">
         <path>/Users/pavandhareshwar/CCS/ccsv8/tools/compiler/ti-cgt-arm_18.1.1.LTS/lib/</path>
         <kind>archive</kind>
         <file>rtsv7M4_T_le_v4SPD16_eabi.lib</file>
         <name>s_copysign.c.obj</name>
      </input_file>
      <input_file id="fl-e1">
         <path>/Users/pavandhareshwar/CCS/ccsv8/tools/compiler/ti-cgt-arm_18.1.1.LTS/lib/</path>
         <kind>archive</kind>
         <file>rtsv7M4_T_le_v4SPD16_eabi.lib</file>
         <name>wcslen.c.obj</name>
      </input_file>
      <input_file id="fl-e2">
         <path>/Users/pavandhareshwar/CCS/ccsv8/tools/compiler/ti-cgt-arm_18.1.1.LTS/lib/</path>
         <kind>archive</kind>
         <file>rtsv7M4_T_le_v4SPD16_eabi.lib</file>
         <name>fd_add_t2.asm.obj</name>
      </input_file>
      <input_file id="fl-e3">
         <path>/Users/pavandhareshwar/CCS/ccsv8/tools/compiler/ti-cgt-arm_18.1.1.LTS/lib/</path>
         <kind>archive</kind>
         <file>rtsv7M4_T_le_v4SPD16_eabi.lib</file>
         <name>fd_cmp_t2.asm.obj</name>
      </input_file>
      <input_file id="fl-e4">
         <path>/Users/pavandhareshwar/CCS/ccsv8/tools/compiler/ti-cgt-arm_18.1.1.LTS/lib/</path>
         <kind>archive</kind>
         <file>rtsv7M4_T_le_v4SPD16_eabi.lib</file>
         <name>fd_div_t2.asm.obj</name>
      </input_file>
      <input_file id="fl-e5">
         <path>/Users/pavandhareshwar/CCS/ccsv8/tools/compiler/ti-cgt-arm_18.1.1.LTS/lib/</path>
         <kind>archive</kind>
         <file>rtsv7M4_T_le_v4SPD16_eabi.lib</file>
         <name>fd_mul_t2.asm.obj</name>
      </input_file>
      <input_file id="fl-e6">
         <path>/Users/pavandhareshwar/CCS/ccsv8/tools/compiler/ti-cgt-arm_18.1.1.LTS/lib/</path>
         <kind>archive</kind>
         <file>rtsv7M4_T_le_v4SPD16_eabi.lib</file>
         <name>fd_toi_t2.asm.obj</name>
      </input_file>
      <input_file id="fl-e7">
         <path>/Users/pavandhareshwar/CCS/ccsv8/tools/compiler/ti-cgt-arm_18.1.1.LTS/lib/</path>
         <kind>archive</kind>
         <file>rtsv7M4_T_le_v4SPD16_eabi.lib</file>
         <name>i_tofd_t2.asm.obj</name>
      </input_file>
      <input_file id="fl-e8">
         <path>/Users/pavandhareshwar/CCS/ccsv8/tools/compiler/ti-cgt-arm_18.1.1.LTS/lib/</path>
         <kind>archive</kind>
         <file>rtsv7M4_T_le_v4SPD16_eabi.lib</file>
         <name>ull_div_t2.asm.obj</name>
      </input_file>
      <input_file id="fl-e9">
         <path>/Users/pavandhareshwar/CCS/ccsv8/tools/compiler/ti-cgt-arm_18.1.1.LTS/lib/</path>
         <kind>archive</kind>
         <file>rtsv7M4_T_le_v4SPD16_eabi.lib</file>
         <name>errno.c.obj</name>
      </input_file>
      <input_file id="fl-ea">
         <path>/Users/pavandhareshwar/Downloads/TivaWare/SW-TM4C-2.1.4.178/driverlib/ccs/Debug/</path>
         <kind>archive</kind>
         <file>driverlib.lib</file>
         <name>gpio.obj</name>
      </input_file>
      <input_file id="fl-eb">
         <path>/Users/pavandhareshwar/Downloads/TivaWare/SW-TM4C-2.1.4.178/driverlib/ccs/Debug/</path>
         <kind>archive</kind>
         <file>driverlib.lib</file>
         <name>interrupt.obj</name>
      </input_file>
      <input_file id="fl-ec">
         <path>/Users/pavandhareshwar/Downloads/TivaWare/SW-TM4C-2.1.4.178/driverlib/ccs/Debug/</path>
         <kind>archive</kind>
         <file>driverlib.lib</file>
         <name>sysctl.obj</name>
      </input_file>
      <input_file id="fl-ed">
         <path>/Users/pavandhareshwar/Downloads/TivaWare/SW-TM4C-2.1.4.178/driverlib/ccs/Debug/</path>
         <kind>archive</kind>
         <file>driverlib.lib</file>
         <name>uart.obj</name>
      </input_file>
      <input_file id="fl-ee">
         <path>/Users/pavandhareshwar/Downloads/TivaWare/SW-TM4C-2.1.4.178/driverlib/ccs/Debug/</path>
         <kind>archive</kind>
         <file>driverlib.lib</file>
         <name>cpu.obj</name>
      </input_file>
   </input_file_list>
   <object_component_list>
      <object_component id="oc-f">
         <name>.intvecs</name>
         <load_address>0x0</load_address>
         <run_address>0x0</run_address>
         <size>0x208</size>
         <input_file_ref idref="fl-2"/>
      </object_component>
      <object_component id="oc-7c">
         <name>.text</name>
         <load_address>0x208</load_address>
         <run_address>0x208</run_address>
         <size>0x17b8</size>
         <input_file_ref idref="fl-7"/>
      </object_component>
      <object_component id="oc-136">
         <name>.text</name>
         <load_address>0x19c0</load_address>
         <run_address>0x19c0</run_address>
         <size>0xad0</size>
         <input_file_ref idref="fl-6"/>
      </object_component>
      <object_component id="oc-22b">
         <name>.text:__TI_printfi</name>
         <load_address>0x2490</load_address>
         <run_address>0x2490</run_address>
         <size>0xa5e</size>
         <input_file_ref idref="fl-d8"/>
      </object_component>
      <object_component id="oc-3c8">
         <name>.text</name>
         <load_address>0x2eee</load_address>
         <run_address>0x2eee</run_address>
         <size>0x2</size>
         <input_file_ref idref="fl-d4"/>
      </object_component>
      <object_component id="oc-c0">
         <name>.text</name>
         <load_address>0x2ef0</load_address>
         <run_address>0x2ef0</run_address>
         <size>0x630</size>
         <input_file_ref idref="fl-1"/>
      </object_component>
      <object_component id="oc-f5">
         <name>.text</name>
         <load_address>0x3520</load_address>
         <run_address>0x3520</run_address>
         <size>0x578</size>
         <input_file_ref idref="fl-8"/>
      </object_component>
      <object_component id="oc-2e6">
         <name>.text:_pconv_a</name>
         <load_address>0x3a98</load_address>
         <run_address>0x3a98</run_address>
         <size>0x270</size>
         <input_file_ref idref="fl-d8"/>
      </object_component>
      <object_component id="oc-12a">
         <name>.text:SysCtlClockFreqSet</name>
         <load_address>0x3d08</load_address>
         <run_address>0x3d08</run_address>
         <size>0x200</size>
         <input_file_ref idref="fl-ec"/>
      </object_component>
      <object_component id="oc-2d4">
         <name>.text:_pconv_g</name>
         <load_address>0x3f08</load_address>
         <run_address>0x3f08</run_address>
         <size>0x1d0</size>
         <input_file_ref idref="fl-d8"/>
      </object_component>
      <object_component id="oc-362">
         <name>.text</name>
         <load_address>0x40d8</load_address>
         <run_address>0x40d8</run_address>
         <size>0x1b6</size>
         <input_file_ref idref="fl-e2"/>
      </object_component>
      <object_component id="oc-dd">
         <name>.text</name>
         <load_address>0x4290</load_address>
         <run_address>0x4290</run_address>
         <size>0x1b4</size>
         <input_file_ref idref="fl-b"/>
      </object_component>
      <object_component id="oc-2e0">
         <name>.text:_pconv_e</name>
         <load_address>0x4444</load_address>
         <run_address>0x4444</run_address>
         <size>0x13c</size>
         <input_file_ref idref="fl-d8"/>
      </object_component>
      <object_component id="oc-348">
         <name>.text</name>
         <load_address>0x4580</load_address>
         <run_address>0x4580</run_address>
         <size>0x136</size>
         <input_file_ref idref="fl-e4"/>
      </object_component>
      <object_component id="oc-15b">
         <name>.text:GPIOPadConfigSet</name>
         <load_address>0x46b6</load_address>
         <run_address>0x46b6</run_address>
         <size>0x132</size>
         <input_file_ref idref="fl-ea"/>
      </object_component>
      <object_component id="oc-2f">
         <name>.text</name>
         <load_address>0x47e8</load_address>
         <run_address>0x47e8</run_address>
         <size>0x12c</size>
         <input_file_ref idref="fl-9"/>
      </object_component>
      <object_component id="oc-e3">
         <name>.text</name>
         <load_address>0x4914</load_address>
         <run_address>0x4914</run_address>
         <size>0x12a</size>
         <input_file_ref idref="fl-5"/>
      </object_component>
      <object_component id="oc-374">
         <name>.text:fcvt</name>
         <load_address>0x4a40</load_address>
         <run_address>0x4a40</run_address>
         <size>0x120</size>
         <input_file_ref idref="fl-d8"/>
      </object_component>
      <object_component id="oc-388">
         <name>.text:scalbn</name>
         <load_address>0x4b60</load_address>
         <run_address>0x4b60</run_address>
         <size>0x110</size>
         <input_file_ref idref="fl-df"/>
      </object_component>
      <object_component id="oc-343">
         <name>.text</name>
         <load_address>0x4c70</load_address>
         <run_address>0x4c70</run_address>
         <size>0xfc</size>
         <input_file_ref idref="fl-e5"/>
      </object_component>
      <object_component id="oc-2a">
         <name>.text</name>
         <load_address>0x4d6c</load_address>
         <run_address>0x4d6c</run_address>
         <size>0xd2</size>
         <input_file_ref idref="fl-a"/>
      </object_component>
      <object_component id="oc-2c9">
         <name>.text:_ltostr</name>
         <load_address>0x4e40</load_address>
         <run_address>0x4e40</run_address>
         <size>0xb1</size>
         <input_file_ref idref="fl-d8"/>
      </object_component>
      <object_component id="oc-43">
         <name>.text</name>
         <load_address>0x4ef2</load_address>
         <run_address>0x4ef2</run_address>
         <size>0x9c</size>
         <input_file_ref idref="fl-c8"/>
      </object_component>
      <object_component id="oc-33c">
         <name>.text</name>
         <load_address>0x4f8e</load_address>
         <run_address>0x4f8e</run_address>
         <size>0x96</size>
         <input_file_ref idref="fl-e8"/>
      </object_component>
      <object_component id="oc-2cf">
         <name>.text:__aeabi_cdcmple</name>
         <load_address>0x5024</load_address>
         <run_address>0x5024</run_address>
         <size>0x86</size>
         <input_file_ref idref="fl-e3"/>
      </object_component>
      <object_component id="oc-34d">
         <name>.text:__aeabi_cdrcmple</name>
         <load_address>0x50aa</load_address>
         <run_address>0x50aa</run_address>
         <size>0x86</size>
         <input_file_ref idref="fl-e3"/>
      </object_component>
      <object_component id="oc-b4">
         <name>.text</name>
         <load_address>0x5130</load_address>
         <run_address>0x5130</run_address>
         <size>0x7a</size>
         <input_file_ref idref="fl-c9"/>
      </object_component>
      <object_component id="oc-36d">
         <name>.text:_mcpy</name>
         <load_address>0x51aa</load_address>
         <run_address>0x51aa</run_address>
         <size>0x6e</size>
         <input_file_ref idref="fl-d8"/>
      </object_component>
      <object_component id="oc-12">
         <name>.text:decompress:lzss:__TI_decompress_lzss</name>
         <load_address>0x5218</load_address>
         <run_address>0x5218</run_address>
         <size>0x68</size>
         <input_file_ref idref="fl-cc"/>
      </object_component>
      <object_component id="oc-382">
         <name>.text:frexp</name>
         <load_address>0x5280</load_address>
         <run_address>0x5280</run_address>
         <size>0x64</size>
         <input_file_ref idref="fl-de"/>
      </object_component>
      <object_component id="oc-2da">
         <name>.text:_pconv_f</name>
         <load_address>0x52e4</load_address>
         <run_address>0x52e4</run_address>
         <size>0x56</size>
         <input_file_ref idref="fl-d8"/>
      </object_component>
      <object_component id="oc-357">
         <name>.text:ltoa</name>
         <load_address>0x533a</load_address>
         <run_address>0x533a</run_address>
         <size>0x54</size>
         <input_file_ref idref="fl-db"/>
      </object_component>
      <object_component id="oc-367">
         <name>.text:_ecpy</name>
         <load_address>0x538e</load_address>
         <run_address>0x538e</run_address>
         <size>0x52</size>
         <input_file_ref idref="fl-d8"/>
      </object_component>
      <object_component id="oc-2c3">
         <name>.text:atoi</name>
         <load_address>0x53e0</load_address>
         <run_address>0x53e0</run_address>
         <size>0x4c</size>
         <input_file_ref idref="fl-d9"/>
      </object_component>
      <object_component id="oc-130">
         <name>.text:GPIOPinConfigure</name>
         <load_address>0x542c</load_address>
         <run_address>0x542c</run_address>
         <size>0x48</size>
         <input_file_ref idref="fl-ea"/>
      </object_component>
      <object_component id="oc-20e">
         <name>.text:_SysCtlFrequencyGet</name>
         <load_address>0x5474</load_address>
         <run_address>0x5474</run_address>
         <size>0x48</size>
         <input_file_ref idref="fl-ec"/>
      </object_component>
      <object_component id="oc-352">
         <name>.text</name>
         <load_address>0x54bc</load_address>
         <run_address>0x54bc</run_address>
         <size>0x48</size>
         <input_file_ref idref="fl-e6"/>
      </object_component>
      <object_component id="oc-190">
         <name>.text:__TI_auto_init_nobinit_nopinit:__TI_auto_init_nobinit_nopinit</name>
         <load_address>0x5504</load_address>
         <run_address>0x5504</run_address>
         <size>0x44</size>
         <input_file_ref idref="fl-d5"/>
      </object_component>
      <object_component id="oc-13c">
         <name>.text:sprintf</name>
         <load_address>0x5548</load_address>
         <run_address>0x5548</run_address>
         <size>0x40</size>
         <input_file_ref idref="fl-d1"/>
      </object_component>
      <object_component id="oc-37a">
         <name>.text:_fcpy</name>
         <load_address>0x5588</load_address>
         <run_address>0x5588</run_address>
         <size>0x3e</size>
         <input_file_ref idref="fl-d8"/>
      </object_component>
      <object_component id="oc-61">
         <name>.text:_c_int00_noargs:_c_int00_noargs</name>
         <load_address>0x55c8</load_address>
         <run_address>0x55c8</run_address>
         <size>0x38</size>
         <input_file_ref idref="fl-cd"/>
      </object_component>
      <object_component id="oc-35d">
         <name>.text</name>
         <load_address>0x5600</load_address>
         <run_address>0x5600</run_address>
         <size>0x2e</size>
         <input_file_ref idref="fl-e7"/>
      </object_component>
      <object_component id="oc-208">
         <name>.text:_SysCtlMemTimingGet</name>
         <load_address>0x5630</load_address>
         <run_address>0x5630</run_address>
         <size>0x20</size>
         <input_file_ref idref="fl-ec"/>
      </object_component>
      <object_component id="oc-2ec">
         <name>.text:memccpy</name>
         <load_address>0x5650</load_address>
         <run_address>0x5650</run_address>
         <size>0x1c</size>
         <input_file_ref idref="fl-dc"/>
      </object_component>
      <object_component id="oc-231">
         <name>.text:_outs</name>
         <load_address>0x566c</load_address>
         <run_address>0x566c</run_address>
         <size>0x18</size>
         <input_file_ref idref="fl-d1"/>
      </object_component>
      <object_component id="oc-38e">
         <name>.text:strchr</name>
         <load_address>0x5684</load_address>
         <run_address>0x5684</run_address>
         <size>0x16</size>
         <input_file_ref idref="fl-dd"/>
      </object_component>
      <object_component id="oc-3e1">
         <name>.text:copysign</name>
         <load_address>0x569a</load_address>
         <run_address>0x569a</run_address>
         <size>0x14</size>
         <input_file_ref idref="fl-e0"/>
      </object_component>
      <object_component id="oc-148">
         <name>.text:strcpy</name>
         <load_address>0x56ae</load_address>
         <run_address>0x56ae</run_address>
         <size>0x14</size>
         <input_file_ref idref="fl-d2"/>
      </object_component>
      <object_component id="oc-142">
         <name>.text:strlen</name>
         <load_address>0x56c2</load_address>
         <run_address>0x56c2</run_address>
         <size>0x14</size>
         <input_file_ref idref="fl-d3"/>
      </object_component>
      <object_component id="oc-2f2">
         <name>.text:wcslen</name>
         <load_address>0x56d6</load_address>
         <run_address>0x56d6</run_address>
         <size>0x12</size>
         <input_file_ref idref="fl-e1"/>
      </object_component>
      <object_component id="oc-18">
         <name>.text:decompress:none:__TI_decompress_none</name>
         <load_address>0x56e8</load_address>
         <run_address>0x56e8</run_address>
         <size>0xe</size>
         <input_file_ref idref="fl-cb"/>
      </object_component>
      <object_component id="oc-55">
         <name>.text:decompress:ZI:__TI_zero_init</name>
         <load_address>0x56f6</load_address>
         <run_address>0x56f6</run_address>
         <size>0xc</size>
         <input_file_ref idref="fl-ca"/>
      </object_component>
      <object_component id="oc-24">
         <name>.text</name>
         <load_address>0x5702</load_address>
         <run_address>0x5702</run_address>
         <size>0xc</size>
         <input_file_ref idref="fl-2"/>
      </object_component>
      <object_component id="oc-172">
         <name>.text:UARTCharPut</name>
         <load_address>0x570e</load_address>
         <run_address>0x570e</run_address>
         <size>0xa</size>
         <input_file_ref idref="fl-ed"/>
      </object_component>
      <object_component id="oc-237">
         <name>.text:_outc</name>
         <load_address>0x5718</load_address>
         <run_address>0x5718</run_address>
         <size>0xa</size>
         <input_file_ref idref="fl-d1"/>
      </object_component>
      <object_component id="oc-2f8">
         <name>.text:__aeabi_errno_addr</name>
         <load_address>0x5724</load_address>
         <run_address>0x5724</run_address>
         <size>0x8</size>
         <input_file_ref idref="fl-e9"/>
      </object_component>
      <object_component id="oc-16a">
         <name>.text:GPIOPinWrite</name>
         <load_address>0x572c</load_address>
         <run_address>0x572c</run_address>
         <size>0x6</size>
         <input_file_ref idref="fl-ea"/>
      </object_component>
      <object_component id="oc-161">
         <name>.text:SysCtlDelay</name>
         <load_address>0x5732</load_address>
         <run_address>0x5732</run_address>
         <size>0x6</size>
         <input_file_ref idref="fl-ec"/>
      </object_component>
      <object_component id="oc-ba">
         <name>.text:_system_pre_init</name>
         <load_address>0x5738</load_address>
         <run_address>0x5738</run_address>
         <size>0x4</size>
         <input_file_ref idref="fl-d6"/>
      </object_component>
      <object_component id="oc-184">
         <name>.text:abort:abort</name>
         <load_address>0x573c</load_address>
         <run_address>0x573c</run_address>
         <size>0x4</size>
         <input_file_ref idref="fl-ce"/>
      </object_component>
      <object_component id="oc-217">
         <name>.const:g_pppui32XTALtoVCO</name>
         <load_address>0x5740</load_address>
         <run_address>0x5740</run_address>
         <size>0x1b0</size>
         <input_file_ref idref="fl-ec"/>
      </object_component>
      <object_component id="oc-337">
         <name>.const:.string:_ctypes_</name>
         <load_address>0x58f0</load_address>
         <run_address>0x58f0</run_address>
         <size>0x101</size>
         <input_file_ref idref="fl-da"/>
      </object_component>
      <object_component id="oc-224">
         <name>.const:g_pui32GPIOBaseAddrs</name>
         <load_address>0x59f4</load_address>
         <run_address>0x59f4</run_address>
         <size>0x90</size>
         <input_file_ref idref="fl-ea"/>
      </object_component>
      <object_component id="oc-214">
         <name>.const:g_pui32Xtals</name>
         <load_address>0x5a84</load_address>
         <run_address>0x5a84</run_address>
         <size>0x6c</size>
         <input_file_ref idref="fl-ec"/>
      </object_component>
      <object_component id="oc-2ad">
         <name>.const:g_sXTALtoMEMTIM</name>
         <load_address>0x5af0</load_address>
         <run_address>0x5af0</run_address>
         <size>0x30</size>
         <input_file_ref idref="fl-ec"/>
      </object_component>
      <object_component id="oc-21a">
         <name>.const</name>
         <load_address>0x5b20</load_address>
         <run_address>0x5b20</run_address>
         <size>0x8</size>
         <input_file_ref idref="fl-ec"/>
      </object_component>
      <object_component id="oc-79">
         <name>.const</name>
         <load_address>0x5b28</load_address>
         <run_address>0x5b28</run_address>
         <size>0x4</size>
         <input_file_ref idref="fl-9"/>
      </object_component>
      <object_component id="oc-437">
         <name>.cinit..data.load</name>
         <load_address>0x5b30</load_address>
         <run_address>0x5b30</run_address>
         <size>0x13</size>
      </object_component>
      <object_component id="oc-435">
         <name>__TI_handler_table</name>
         <load_address>0x5b44</load_address>
         <run_address>0x5b44</run_address>
         <size>0xc</size>
      </object_component>
      <object_component id="oc-438">
         <name>.cinit..bss.load</name>
         <load_address>0x5b50</load_address>
         <run_address>0x5b50</run_address>
         <size>0x8</size>
      </object_component>
      <object_component id="oc-436">
         <name>__TI_cinit_table</name>
         <load_address>0x5b58</load_address>
         <run_address>0x5b58</run_address>
         <size>0x10</size>
      </object_component>
      <object_component id="oc-163">
         <name>.data</name>
         <load_address>0x20018a60</load_address>
         <run_address>0x20018a60</run_address>
         <size>0x8</size>
         <input_file_ref idref="fl-1"/>
      </object_component>
      <object_component id="oc-76">
         <name>.data</name>
         <load_address>0x20018a18</load_address>
         <run_address>0x20018a18</run_address>
         <size>0x34</size>
         <input_file_ref idref="fl-7"/>
      </object_component>
      <object_component id="oc-1e4">
         <name>.data</name>
         <load_address>0x20018a4c</load_address>
         <run_address>0x20018a4c</run_address>
         <size>0xc</size>
         <input_file_ref idref="fl-8"/>
      </object_component>
      <object_component id="oc-83">
         <name>.data</name>
         <load_address>0x20018a68</load_address>
         <run_address>0x20018a68</run_address>
         <size>0x4</size>
         <input_file_ref idref="fl-9"/>
      </object_component>
      <object_component id="oc-1ce">
         <name>.data</name>
         <load_address>0x20018a58</load_address>
         <run_address>0x20018a58</run_address>
         <size>0x8</size>
         <input_file_ref idref="fl-b"/>
      </object_component>
      <object_component id="oc-39e">
         <name>.data</name>
         <load_address>0x20018a6c</load_address>
         <run_address>0x20018a6c</run_address>
         <size>0x4</size>
         <input_file_ref idref="fl-e9"/>
      </object_component>
      <object_component id="oc-e9">
         <name>.bss:pxReadyTasksLists</name>
         <uninitialized>true</uninitialized>
         <run_address>0x200186a0</run_address>
         <size>0x64</size>
         <input_file_ref idref="fl-7"/>
      </object_component>
      <object_component id="oc-fe">
         <name>.bss:xDelayedTaskList1</name>
         <uninitialized>true</uninitialized>
         <run_address>0x2001876c</run_address>
         <size>0x14</size>
         <input_file_ref idref="fl-7"/>
      </object_component>
      <object_component id="oc-101">
         <name>.bss:xDelayedTaskList2</name>
         <uninitialized>true</uninitialized>
         <run_address>0x20018780</run_address>
         <size>0x14</size>
         <input_file_ref idref="fl-7"/>
      </object_component>
      <object_component id="oc-ef">
         <name>.bss</name>
         <uninitialized>true</uninitialized>
         <run_address>0x200187d0</run_address>
         <size>0x8</size>
         <input_file_ref idref="fl-7"/>
      </object_component>
      <object_component id="oc-fb">
         <name>.bss:xPendingReadyList</name>
         <uninitialized>true</uninitialized>
         <run_address>0x20018794</run_address>
         <size>0x14</size>
         <input_file_ref idref="fl-7"/>
      </object_component>
      <object_component id="oc-ec">
         <name>.bss:xTasksWaitingTermination</name>
         <uninitialized>true</uninitialized>
         <run_address>0x200187bc</run_address>
         <size>0x14</size>
         <input_file_ref idref="fl-7"/>
      </object_component>
      <object_component id="oc-f2">
         <name>.bss:xSuspendedTaskList</name>
         <uninitialized>true</uninitialized>
         <run_address>0x200187a8</run_address>
         <size>0x14</size>
         <input_file_ref idref="fl-7"/>
      </object_component>
      <object_component id="oc-1ea">
         <name>.bss:xActiveTimerList1</name>
         <uninitialized>true</uninitialized>
         <run_address>0x20018744</run_address>
         <size>0x14</size>
         <input_file_ref idref="fl-8"/>
      </object_component>
      <object_component id="oc-1ed">
         <name>.bss:xActiveTimerList2</name>
         <uninitialized>true</uninitialized>
         <run_address>0x20018758</run_address>
         <size>0x14</size>
         <input_file_ref idref="fl-8"/>
      </object_component>
      <object_component id="oc-1e7">
         <name>.bss</name>
         <uninitialized>true</uninitialized>
         <run_address>0x200187d8</run_address>
         <size>0x8</size>
         <input_file_ref idref="fl-8"/>
      </object_component>
      <object_component id="oc-1d7">
         <name>.bss:ucHeap</name>
         <uninitialized>true</uninitialized>
         <run_address>0x20000000</run_address>
         <size>0x186a0</size>
         <input_file_ref idref="fl-b"/>
      </object_component>
      <object_component id="oc-1d1">
         <name>.bss:xStart</name>
         <uninitialized>true</uninitialized>
         <run_address>0x200187e8</run_address>
         <size>0x8</size>
         <input_file_ref idref="fl-b"/>
      </object_component>
      <object_component id="oc-1d4">
         <name>.bss:xEnd</name>
         <uninitialized>true</uninitialized>
         <run_address>0x200187e0</run_address>
         <size>0x8</size>
         <input_file_ref idref="fl-b"/>
      </object_component>
      <object_component id="oc-162">
         <name>.common:gui32_sys_clock_rate</name>
         <uninitialized>true</uninitialized>
         <run_address>0x200187f4</run_address>
         <size>0x4</size>
      </object_component>
      <object_component id="oc-14e">
         <name>.common:gui32_led_status</name>
         <uninitialized>true</uninitialized>
         <run_address>0x200187f0</run_address>
         <size>0x4</size>
      </object_component>
      <object_component id="oc-166">
         <name>.common:hdl_toggle_led_event_task</name>
         <uninitialized>true</uninitialized>
         <run_address>0x20018800</run_address>
         <size>0x4</size>
      </object_component>
      <object_component id="oc-167">
         <name>.common:hdl_log_str_event_task</name>
         <uninitialized>true</uninitialized>
         <run_address>0x200187f8</run_address>
         <size>0x4</size>
      </object_component>
      <object_component id="oc-168">
         <name>.common:hdl_sig_handler_task</name>
         <uninitialized>true</uninitialized>
         <run_address>0x200187fc</run_address>
         <size>0x4</size>
      </object_component>
      <object_component id="oc-169">
         <name>.common:xLEDEventTaskTimer</name>
         <uninitialized>true</uninitialized>
         <run_address>0x20018804</run_address>
         <size>0x4</size>
      </object_component>
      <object_component id="oc-171">
         <name>.common:xLogStringEventTaskTimer</name>
         <uninitialized>true</uninitialized>
         <run_address>0x20018808</run_address>
         <size>0x4</size>
      </object_component>
      <object_component id="oc-170">
         <name>.common:xTimer1Start</name>
         <uninitialized>true</uninitialized>
         <run_address>0x2001880c</run_address>
         <size>0x4</size>
      </object_component>
      <object_component id="oc-178">
         <name>.common:xTimer2Start</name>
         <uninitialized>true</uninitialized>
         <run_address>0x20018810</run_address>
         <size>0x4</size>
      </object_component>
      <object_component id="oc-229">
         <name>.common:xQueueRegistry</name>
         <uninitialized>true</uninitialized>
         <run_address>0x20018704</run_address>
         <size>0x40</size>
      </object_component>
      <object_component id="oc-21">
         <name>.stack</name>
         <uninitialized>true</uninitialized>
         <run_address>0x20018818</run_address>
         <size>0x4</size>
         <input_file_ref idref="fl-cd"/>
      </object_component>
      <object_component id="oc-439">
         <name>.stack</name>
         <uninitialized>true</uninitialized>
         <run_address>0x20018818</run_address>
         <size>0x0</size>
      </object_component>
      <object_component id="oc-113">
         <name>.debug_info</name>
         <load_address>0x0</load_address>
         <run_address>0x0</run_address>
         <size>0xac2</size>
         <input_file_ref idref="fl-1"/>
      </object_component>
      <object_component id="oc-164">
         <name>.debug_info</name>
         <load_address>0xac2</load_address>
         <run_address>0xac2</run_address>
         <size>0xfc</size>
         <input_file_ref idref="fl-1"/>
      </object_component>
      <object_component id="oc-c1">
         <name>.debug_info</name>
         <load_address>0xbbe</load_address>
         <run_address>0xbbe</run_address>
         <size>0xd57</size>
         <input_file_ref idref="fl-1"/>
      </object_component>
      <object_component id="oc-d6">
         <name>.debug_info</name>
         <load_address>0x1915</load_address>
         <run_address>0x1915</run_address>
         <size>0x30c</size>
         <input_file_ref idref="fl-1"/>
      </object_component>
      <object_component id="oc-95">
         <name>.debug_info</name>
         <load_address>0x1c21</load_address>
         <run_address>0x1c21</run_address>
         <size>0x26b</size>
         <input_file_ref idref="fl-1"/>
      </object_component>
      <object_component id="oc-10e">
         <name>.debug_info</name>
         <load_address>0x1e8c</load_address>
         <run_address>0x1e8c</run_address>
         <size>0x3cd</size>
         <input_file_ref idref="fl-1"/>
      </object_component>
      <object_component id="oc-3e">
         <name>.debug_info</name>
         <load_address>0x2259</load_address>
         <run_address>0x2259</run_address>
         <size>0x84</size>
         <input_file_ref idref="fl-1"/>
      </object_component>
      <object_component id="oc-203">
         <name>.debug_info</name>
         <load_address>0x22dd</load_address>
         <run_address>0x22dd</run_address>
         <size>0x46</size>
         <input_file_ref idref="fl-1"/>
      </object_component>
      <object_component id="oc-275">
         <name>.debug_info</name>
         <load_address>0x2323</load_address>
         <run_address>0x2323</run_address>
         <size>0x2c</size>
         <input_file_ref idref="fl-1"/>
      </object_component>
      <object_component id="oc-17a">
         <name>.debug_info</name>
         <load_address>0x234f</load_address>
         <run_address>0x234f</run_address>
         <size>0x46</size>
         <input_file_ref idref="fl-1"/>
      </object_component>
      <object_component id="oc-89">
         <name>.debug_info</name>
         <load_address>0x2395</load_address>
         <run_address>0x2395</run_address>
         <size>0x2c</size>
         <input_file_ref idref="fl-1"/>
      </object_component>
      <object_component id="oc-115">
         <name>.debug_info</name>
         <load_address>0x23c1</load_address>
         <run_address>0x23c1</run_address>
         <size>0x297</size>
         <input_file_ref idref="fl-1"/>
      </object_component>
      <object_component id="oc-9a">
         <name>.debug_info</name>
         <load_address>0x2658</load_address>
         <run_address>0x2658</run_address>
         <size>0xbb</size>
         <input_file_ref idref="fl-1"/>
      </object_component>
      <object_component id="oc-8e">
         <name>.debug_info</name>
         <load_address>0x2713</load_address>
         <run_address>0x2713</run_address>
         <size>0x53</size>
         <input_file_ref idref="fl-1"/>
      </object_component>
      <object_component id="oc-1fe">
         <name>.debug_info</name>
         <load_address>0x2766</load_address>
         <run_address>0x2766</run_address>
         <size>0xcc</size>
         <input_file_ref idref="fl-1"/>
      </object_component>
      <object_component id="oc-23f">
         <name>.debug_info</name>
         <load_address>0x2832</load_address>
         <run_address>0x2832</run_address>
         <size>0x2c</size>
         <input_file_ref idref="fl-1"/>
      </object_component>
      <object_component id="oc-17f">
         <name>.debug_info</name>
         <load_address>0x285e</load_address>
         <run_address>0x285e</run_address>
         <size>0x57</size>
         <input_file_ref idref="fl-1"/>
      </object_component>
      <object_component id="oc-109">
         <name>.debug_info</name>
         <load_address>0x28b5</load_address>
         <run_address>0x28b5</run_address>
         <size>0x14c</size>
         <input_file_ref idref="fl-1"/>
      </object_component>
      <object_component id="oc-37">
         <name>.debug_info</name>
         <load_address>0x2a01</load_address>
         <run_address>0x2a01</run_address>
         <size>0x339</size>
         <input_file_ref idref="fl-2"/>
      </object_component>
      <object_component id="oc-10">
         <name>.debug_info</name>
         <load_address>0x2d3a</load_address>
         <run_address>0x2d3a</run_address>
         <size>0xf8</size>
         <input_file_ref idref="fl-2"/>
      </object_component>
      <object_component id="oc-25">
         <name>.debug_info</name>
         <load_address>0x2e32</load_address>
         <run_address>0x2e32</run_address>
         <size>0x277</size>
         <input_file_ref idref="fl-2"/>
      </object_component>
      <object_component id="oc-14f">
         <name>.debug_info</name>
         <load_address>0x30a9</load_address>
         <run_address>0x30a9</run_address>
         <size>0x245</size>
         <input_file_ref idref="fl-3"/>
      </object_component>
      <object_component id="oc-24a">
         <name>.debug_info</name>
         <load_address>0x32ee</load_address>
         <run_address>0x32ee</run_address>
         <size>0xcc</size>
         <input_file_ref idref="fl-3"/>
      </object_component>
      <object_component id="oc-151">
         <name>.debug_info</name>
         <load_address>0x33ba</load_address>
         <run_address>0x33ba</run_address>
         <size>0x67d</size>
         <input_file_ref idref="fl-4"/>
      </object_component>
      <object_component id="oc-1c9">
         <name>.debug_info</name>
         <load_address>0x3a37</load_address>
         <run_address>0x3a37</run_address>
         <size>0x110</size>
         <input_file_ref idref="fl-4"/>
      </object_component>
      <object_component id="oc-251">
         <name>.debug_info</name>
         <load_address>0x3b47</load_address>
         <run_address>0x3b47</run_address>
         <size>0x39</size>
         <input_file_ref idref="fl-4"/>
      </object_component>
      <object_component id="oc-256">
         <name>.debug_info</name>
         <load_address>0x3b80</load_address>
         <run_address>0x3b80</run_address>
         <size>0x76</size>
         <input_file_ref idref="fl-4"/>
      </object_component>
      <object_component id="oc-153">
         <name>.debug_info</name>
         <load_address>0x3bf6</load_address>
         <run_address>0x3bf6</run_address>
         <size>0x3cd</size>
         <input_file_ref idref="fl-5"/>
      </object_component>
      <object_component id="oc-e4">
         <name>.debug_info</name>
         <load_address>0x3fc3</load_address>
         <run_address>0x3fc3</run_address>
         <size>0x4b3</size>
         <input_file_ref idref="fl-5"/>
      </object_component>
      <object_component id="oc-155">
         <name>.debug_info</name>
         <load_address>0x4476</load_address>
         <run_address>0x4476</run_address>
         <size>0x878</size>
         <input_file_ref idref="fl-6"/>
      </object_component>
      <object_component id="oc-137">
         <name>.debug_info</name>
         <load_address>0x4cee</load_address>
         <run_address>0x4cee</run_address>
         <size>0x2d4c</size>
         <input_file_ref idref="fl-6"/>
      </object_component>
      <object_component id="oc-25f">
         <name>.debug_info</name>
         <load_address>0x7a3a</load_address>
         <run_address>0x7a3a</run_address>
         <size>0x1cd</size>
         <input_file_ref idref="fl-6"/>
      </object_component>
      <object_component id="oc-d4">
         <name>.debug_info</name>
         <load_address>0x7c07</load_address>
         <run_address>0x7c07</run_address>
         <size>0x7d9</size>
         <input_file_ref idref="fl-7"/>
      </object_component>
      <object_component id="oc-77">
         <name>.debug_info</name>
         <load_address>0x83e0</load_address>
         <run_address>0x83e0</run_address>
         <size>0x350</size>
         <input_file_ref idref="fl-7"/>
      </object_component>
      <object_component id="oc-ea">
         <name>.debug_info</name>
         <load_address>0x8730</load_address>
         <run_address>0x8730</run_address>
         <size>0xf7</size>
         <input_file_ref idref="fl-7"/>
      </object_component>
      <object_component id="oc-ff">
         <name>.debug_info</name>
         <load_address>0x8827</load_address>
         <run_address>0x8827</run_address>
         <size>0xf7</size>
         <input_file_ref idref="fl-7"/>
      </object_component>
      <object_component id="oc-102">
         <name>.debug_info</name>
         <load_address>0x891e</load_address>
         <run_address>0x891e</run_address>
         <size>0xf7</size>
         <input_file_ref idref="fl-7"/>
      </object_component>
      <object_component id="oc-f0">
         <name>.debug_info</name>
         <load_address>0x8a15</load_address>
         <run_address>0x8a15</run_address>
         <size>0x13a</size>
         <input_file_ref idref="fl-7"/>
      </object_component>
      <object_component id="oc-fc">
         <name>.debug_info</name>
         <load_address>0x8b4f</load_address>
         <run_address>0x8b4f</run_address>
         <size>0xf7</size>
         <input_file_ref idref="fl-7"/>
      </object_component>
      <object_component id="oc-ed">
         <name>.debug_info</name>
         <load_address>0x8c46</load_address>
         <run_address>0x8c46</run_address>
         <size>0x105</size>
         <input_file_ref idref="fl-7"/>
      </object_component>
      <object_component id="oc-f3">
         <name>.debug_info</name>
         <load_address>0x8d4b</load_address>
         <run_address>0x8d4b</run_address>
         <size>0xf9</size>
         <input_file_ref idref="fl-7"/>
      </object_component>
      <object_component id="oc-7d">
         <name>.debug_info</name>
         <load_address>0x8e44</load_address>
         <run_address>0x8e44</run_address>
         <size>0x4682</size>
         <input_file_ref idref="fl-7"/>
      </object_component>
      <object_component id="oc-1c4">
         <name>.debug_info</name>
         <load_address>0xd4c6</load_address>
         <run_address>0xd4c6</run_address>
         <size>0x146</size>
         <input_file_ref idref="fl-7"/>
      </object_component>
      <object_component id="oc-157">
         <name>.debug_info</name>
         <load_address>0xd60c</load_address>
         <run_address>0xd60c</run_address>
         <size>0x8ad</size>
         <input_file_ref idref="fl-8"/>
      </object_component>
      <object_component id="oc-1eb">
         <name>.debug_info</name>
         <load_address>0xdeb9</load_address>
         <run_address>0xdeb9</run_address>
         <size>0xf7</size>
         <input_file_ref idref="fl-8"/>
      </object_component>
      <object_component id="oc-1ee">
         <name>.debug_info</name>
         <load_address>0xdfb0</load_address>
         <run_address>0xdfb0</run_address>
         <size>0xf7</size>
         <input_file_ref idref="fl-8"/>
      </object_component>
      <object_component id="oc-1e8">
         <name>.debug_info</name>
         <load_address>0xe0a7</load_address>
         <run_address>0xe0a7</run_address>
         <size>0x12f</size>
         <input_file_ref idref="fl-8"/>
      </object_component>
      <object_component id="oc-1e5">
         <name>.debug_info</name>
         <load_address>0xe1d6</load_address>
         <run_address>0xe1d6</run_address>
         <size>0x11b</size>
         <input_file_ref idref="fl-8"/>
      </object_component>
      <object_component id="oc-f6">
         <name>.debug_info</name>
         <load_address>0xe2f1</load_address>
         <run_address>0xe2f1</run_address>
         <size>0x1af6</size>
         <input_file_ref idref="fl-8"/>
      </object_component>
      <object_component id="oc-1f1">
         <name>.debug_info</name>
         <load_address>0xfde7</load_address>
         <run_address>0xfde7</run_address>
         <size>0x1ce</size>
         <input_file_ref idref="fl-8"/>
      </object_component>
      <object_component id="oc-87">
         <name>.debug_info</name>
         <load_address>0xffb5</load_address>
         <run_address>0xffb5</run_address>
         <size>0x462</size>
         <input_file_ref idref="fl-9"/>
      </object_component>
      <object_component id="oc-7a">
         <name>.debug_info</name>
         <load_address>0x10417</load_address>
         <run_address>0x10417</run_address>
         <size>0x124</size>
         <input_file_ref idref="fl-9"/>
      </object_component>
      <object_component id="oc-84">
         <name>.debug_info</name>
         <load_address>0x1053b</load_address>
         <run_address>0x1053b</run_address>
         <size>0x10b</size>
         <input_file_ref idref="fl-9"/>
      </object_component>
      <object_component id="oc-30">
         <name>.debug_info</name>
         <load_address>0x10646</load_address>
         <run_address>0x10646</run_address>
         <size>0x6be</size>
         <input_file_ref idref="fl-9"/>
      </object_component>
      <object_component id="oc-2b">
         <name>.debug_info</name>
         <load_address>0x10d04</load_address>
         <run_address>0x10d04</run_address>
         <size>0x25c</size>
         <input_file_ref idref="fl-a"/>
      </object_component>
      <object_component id="oc-159">
         <name>.debug_info</name>
         <load_address>0x10f60</load_address>
         <run_address>0x10f60</run_address>
         <size>0x473</size>
         <input_file_ref idref="fl-b"/>
      </object_component>
      <object_component id="oc-1d8">
         <name>.debug_info</name>
         <load_address>0x113d3</load_address>
         <run_address>0x113d3</run_address>
         <size>0xf2</size>
         <input_file_ref idref="fl-b"/>
      </object_component>
      <object_component id="oc-1d2">
         <name>.debug_info</name>
         <load_address>0x114c5</load_address>
         <run_address>0x114c5</run_address>
         <size>0xf2</size>
         <input_file_ref idref="fl-b"/>
      </object_component>
      <object_component id="oc-1d5">
         <name>.debug_info</name>
         <load_address>0x115b7</load_address>
         <run_address>0x115b7</run_address>
         <size>0xee</size>
         <input_file_ref idref="fl-b"/>
      </object_component>
      <object_component id="oc-1cf">
         <name>.debug_info</name>
         <load_address>0x116a5</load_address>
         <run_address>0x116a5</run_address>
         <size>0x10c</size>
         <input_file_ref idref="fl-b"/>
      </object_component>
      <object_component id="oc-de">
         <name>.debug_info</name>
         <load_address>0x117b1</load_address>
         <run_address>0x117b1</run_address>
         <size>0x675</size>
         <input_file_ref idref="fl-b"/>
      </object_component>
      <object_component id="oc-268">
         <name>.debug_info</name>
         <load_address>0x11e26</load_address>
         <run_address>0x11e26</run_address>
         <size>0x62</size>
         <input_file_ref idref="fl-b"/>
      </object_component>
      <object_component id="oc-26e">
         <name>.debug_info</name>
         <load_address>0x11e88</load_address>
         <run_address>0x11e88</run_address>
         <size>0x8b</size>
         <input_file_ref idref="fl-c"/>
      </object_component>
      <object_component id="oc-45">
         <name>.debug_info</name>
         <load_address>0x11f13</load_address>
         <run_address>0x11f13</run_address>
         <size>0x111</size>
         <input_file_ref idref="fl-c8"/>
      </object_component>
      <object_component id="oc-b7">
         <name>.debug_info</name>
         <load_address>0x12024</load_address>
         <run_address>0x12024</run_address>
         <size>0x13f</size>
         <input_file_ref idref="fl-c9"/>
      </object_component>
      <object_component id="oc-b3">
         <name>.debug_info</name>
         <load_address>0x12163</load_address>
         <run_address>0x12163</run_address>
         <size>0x313</size>
         <input_file_ref idref="fl-ca"/>
      </object_component>
      <object_component id="oc-58">
         <name>.debug_info</name>
         <load_address>0x12476</load_address>
         <run_address>0x12476</run_address>
         <size>0x1aa</size>
         <input_file_ref idref="fl-ca"/>
      </object_component>
      <object_component id="oc-ae">
         <name>.debug_info</name>
         <load_address>0x12620</load_address>
         <run_address>0x12620</run_address>
         <size>0x46</size>
         <input_file_ref idref="fl-ca"/>
      </object_component>
      <object_component id="oc-121">
         <name>.debug_info</name>
         <load_address>0x12666</load_address>
         <run_address>0x12666</run_address>
         <size>0x2c</size>
         <input_file_ref idref="fl-ca"/>
      </object_component>
      <object_component id="oc-4e">
         <name>.debug_info</name>
         <load_address>0x12692</load_address>
         <run_address>0x12692</run_address>
         <size>0x29d</size>
         <input_file_ref idref="fl-cb"/>
      </object_component>
      <object_component id="oc-1b">
         <name>.debug_info</name>
         <load_address>0x1292f</load_address>
         <run_address>0x1292f</run_address>
         <size>0x1df</size>
         <input_file_ref idref="fl-cb"/>
      </object_component>
      <object_component id="oc-49">
         <name>.debug_info</name>
         <load_address>0x12b0e</load_address>
         <run_address>0x12b0e</run_address>
         <size>0x46</size>
         <input_file_ref idref="fl-cb"/>
      </object_component>
      <object_component id="oc-a6">
         <name>.debug_info</name>
         <load_address>0x12b54</load_address>
         <run_address>0x12b54</run_address>
         <size>0x2c</size>
         <input_file_ref idref="fl-cb"/>
      </object_component>
      <object_component id="oc-a4">
         <name>.debug_info</name>
         <load_address>0x12b80</load_address>
         <run_address>0x12b80</run_address>
         <size>0x293</size>
         <input_file_ref idref="fl-cc"/>
      </object_component>
      <object_component id="oc-13">
         <name>.debug_info</name>
         <load_address>0x12e13</load_address>
         <run_address>0x12e13</run_address>
         <size>0x245</size>
         <input_file_ref idref="fl-cc"/>
      </object_component>
      <object_component id="oc-39">
         <name>.debug_info</name>
         <load_address>0x13058</load_address>
         <run_address>0x13058</run_address>
         <size>0x60</size>
         <input_file_ref idref="fl-cc"/>
      </object_component>
      <object_component id="oc-11a">
         <name>.debug_info</name>
         <load_address>0x130b8</load_address>
         <run_address>0x130b8</run_address>
         <size>0x46</size>
         <input_file_ref idref="fl-cc"/>
      </object_component>
      <object_component id="oc-9f">
         <name>.debug_info</name>
         <load_address>0x130fe</load_address>
         <run_address>0x130fe</run_address>
         <size>0x39</size>
         <input_file_ref idref="fl-cc"/>
      </object_component>
      <object_component id="oc-22">
         <name>.debug_info</name>
         <load_address>0x13137</load_address>
         <run_address>0x13137</run_address>
         <size>0x100</size>
         <input_file_ref idref="fl-cd"/>
      </object_component>
      <object_component id="oc-65">
         <name>.debug_info</name>
         <load_address>0x13237</load_address>
         <run_address>0x13237</run_address>
         <size>0x1a4</size>
         <input_file_ref idref="fl-cd"/>
      </object_component>
      <object_component id="oc-185">
         <name>.debug_info</name>
         <load_address>0x133db</load_address>
         <run_address>0x133db</run_address>
         <size>0x117</size>
         <input_file_ref idref="fl-ce"/>
      </object_component>
      <object_component id="oc-23e">
         <name>.debug_info</name>
         <load_address>0x134f2</load_address>
         <run_address>0x134f2</run_address>
         <size>0x328</size>
         <input_file_ref idref="fl-d1"/>
      </object_component>
      <object_component id="oc-13d">
         <name>.debug_info</name>
         <load_address>0x1381a</load_address>
         <run_address>0x1381a</run_address>
         <size>0x1c6</size>
         <input_file_ref idref="fl-d1"/>
      </object_component>
      <object_component id="oc-232">
         <name>.debug_info</name>
         <load_address>0x139e0</load_address>
         <run_address>0x139e0</run_address>
         <size>0x182</size>
         <input_file_ref idref="fl-d1"/>
      </object_component>
      <object_component id="oc-239">
         <name>.debug_info</name>
         <load_address>0x13b62</load_address>
         <run_address>0x13b62</run_address>
         <size>0x162</size>
         <input_file_ref idref="fl-d1"/>
      </object_component>
      <object_component id="oc-3a5">
         <name>.debug_info</name>
         <load_address>0x13cc4</load_address>
         <run_address>0x13cc4</run_address>
         <size>0x2c</size>
         <input_file_ref idref="fl-d1"/>
      </object_component>
      <object_component id="oc-247">
         <name>.debug_info</name>
         <load_address>0x13cf0</load_address>
         <run_address>0x13cf0</run_address>
         <size>0x299</size>
         <input_file_ref idref="fl-d2"/>
      </object_component>
      <object_component id="oc-149">
         <name>.debug_info</name>
         <load_address>0x13f89</load_address>
         <run_address>0x13f89</run_address>
         <size>0x231</size>
         <input_file_ref idref="fl-d2"/>
      </object_component>
      <object_component id="oc-245">
         <name>.debug_info</name>
         <load_address>0x141ba</load_address>
         <run_address>0x141ba</run_address>
         <size>0x284</size>
         <input_file_ref idref="fl-d3"/>
      </object_component>
      <object_component id="oc-143">
         <name>.debug_info</name>
         <load_address>0x1443e</load_address>
         <run_address>0x1443e</run_address>
         <size>0x22a</size>
         <input_file_ref idref="fl-d3"/>
      </object_component>
      <object_component id="oc-3c9">
         <name>.debug_info</name>
         <load_address>0x14668</load_address>
         <run_address>0x14668</run_address>
         <size>0x10d</size>
         <input_file_ref idref="fl-d4"/>
      </object_component>
      <object_component id="oc-288">
         <name>.debug_info</name>
         <load_address>0x14775</load_address>
         <run_address>0x14775</run_address>
         <size>0x547</size>
         <input_file_ref idref="fl-d5"/>
      </object_component>
      <object_component id="oc-191">
         <name>.debug_info</name>
         <load_address>0x14cbc</load_address>
         <run_address>0x14cbc</run_address>
         <size>0x19b</size>
         <input_file_ref idref="fl-d5"/>
      </object_component>
      <object_component id="oc-324">
         <name>.debug_info</name>
         <load_address>0x14e57</load_address>
         <run_address>0x14e57</run_address>
         <size>0x39</size>
         <input_file_ref idref="fl-d5"/>
      </object_component>
      <object_component id="oc-3b7">
         <name>.debug_info</name>
         <load_address>0x14e90</load_address>
         <run_address>0x14e90</run_address>
         <size>0x39</size>
         <input_file_ref idref="fl-d5"/>
      </object_component>
      <object_component id="oc-329">
         <name>.debug_info</name>
         <load_address>0x14ec9</load_address>
         <run_address>0x14ec9</run_address>
         <size>0x39</size>
         <input_file_ref idref="fl-d5"/>
      </object_component>
      <object_component id="oc-32e">
         <name>.debug_info</name>
         <load_address>0x14f02</load_address>
         <run_address>0x14f02</run_address>
         <size>0xcd</size>
         <input_file_ref idref="fl-d5"/>
      </object_component>
      <object_component id="oc-bb">
         <name>.debug_info</name>
         <load_address>0x14fcf</load_address>
         <run_address>0x14fcf</run_address>
         <size>0x148</size>
         <input_file_ref idref="fl-d6"/>
      </object_component>
      <object_component id="oc-2ff">
         <name>.debug_info</name>
         <load_address>0x15117</load_address>
         <run_address>0x15117</run_address>
         <size>0x8a6</size>
         <input_file_ref idref="fl-d8"/>
      </object_component>
      <object_component id="oc-2ca">
         <name>.debug_info</name>
         <load_address>0x159bd</load_address>
         <run_address>0x159bd</run_address>
         <size>0x213</size>
         <input_file_ref idref="fl-d8"/>
      </object_component>
      <object_component id="oc-368">
         <name>.debug_info</name>
         <load_address>0x15bd0</load_address>
         <run_address>0x15bd0</run_address>
         <size>0x1a8</size>
         <input_file_ref idref="fl-d8"/>
      </object_component>
      <object_component id="oc-36e">
         <name>.debug_info</name>
         <load_address>0x15d78</load_address>
         <run_address>0x15d78</run_address>
         <size>0x210</size>
         <input_file_ref idref="fl-d8"/>
      </object_component>
      <object_component id="oc-2d5">
         <name>.debug_info</name>
         <load_address>0x15f88</load_address>
         <run_address>0x15f88</run_address>
         <size>0x3b0</size>
         <input_file_ref idref="fl-d8"/>
      </object_component>
      <object_component id="oc-375">
         <name>.debug_info</name>
         <load_address>0x16338</load_address>
         <run_address>0x16338</run_address>
         <size>0x2fa</size>
         <input_file_ref idref="fl-d8"/>
      </object_component>
      <object_component id="oc-37b">
         <name>.debug_info</name>
         <load_address>0x16632</load_address>
         <run_address>0x16632</run_address>
         <size>0x20a</size>
         <input_file_ref idref="fl-d8"/>
      </object_component>
      <object_component id="oc-2db">
         <name>.debug_info</name>
         <load_address>0x1683c</load_address>
         <run_address>0x1683c</run_address>
         <size>0x20a</size>
         <input_file_ref idref="fl-d8"/>
      </object_component>
      <object_component id="oc-2e1">
         <name>.debug_info</name>
         <load_address>0x16a46</load_address>
         <run_address>0x16a46</run_address>
         <size>0x2f9</size>
         <input_file_ref idref="fl-d8"/>
      </object_component>
      <object_component id="oc-2e7">
         <name>.debug_info</name>
         <load_address>0x16d3f</load_address>
         <run_address>0x16d3f</run_address>
         <size>0x4a5</size>
         <input_file_ref idref="fl-d8"/>
      </object_component>
      <object_component id="oc-22c">
         <name>.debug_info</name>
         <load_address>0x171e4</load_address>
         <run_address>0x171e4</run_address>
         <size>0x5cd</size>
         <input_file_ref idref="fl-d8"/>
      </object_component>
      <object_component id="oc-300">
         <name>.debug_info</name>
         <load_address>0x177b1</load_address>
         <run_address>0x177b1</run_address>
         <size>0x86</size>
         <input_file_ref idref="fl-d8"/>
      </object_component>
      <object_component id="oc-3aa">
         <name>.debug_info</name>
         <load_address>0x17837</load_address>
         <run_address>0x17837</run_address>
         <size>0x39</size>
         <input_file_ref idref="fl-d8"/>
      </object_component>
      <object_component id="oc-3f8">
         <name>.debug_info</name>
         <load_address>0x17870</load_address>
         <run_address>0x17870</run_address>
         <size>0xb6</size>
         <input_file_ref idref="fl-d8"/>
      </object_component>
      <object_component id="oc-3af">
         <name>.debug_info</name>
         <load_address>0x17926</load_address>
         <run_address>0x17926</run_address>
         <size>0x46</size>
         <input_file_ref idref="fl-d8"/>
      </object_component>
      <object_component id="oc-305">
         <name>.debug_info</name>
         <load_address>0x1796c</load_address>
         <run_address>0x1796c</run_address>
         <size>0x46</size>
         <input_file_ref idref="fl-d8"/>
      </object_component>
      <object_component id="oc-33b">
         <name>.debug_info</name>
         <load_address>0x179b2</load_address>
         <run_address>0x179b2</run_address>
         <size>0x2ae</size>
         <input_file_ref idref="fl-d9"/>
      </object_component>
      <object_component id="oc-2c4">
         <name>.debug_info</name>
         <load_address>0x17c60</load_address>
         <run_address>0x17c60</run_address>
         <size>0x171</size>
         <input_file_ref idref="fl-d9"/>
      </object_component>
      <object_component id="oc-3c5">
         <name>.debug_info</name>
         <load_address>0x17dd1</load_address>
         <run_address>0x17dd1</run_address>
         <size>0xee</size>
         <input_file_ref idref="fl-da"/>
      </object_component>
      <object_component id="oc-338">
         <name>.debug_info</name>
         <load_address>0x17ebf</load_address>
         <run_address>0x17ebf</run_address>
         <size>0xfa</size>
         <input_file_ref idref="fl-da"/>
      </object_component>
      <object_component id="oc-3d3">
         <name>.debug_info</name>
         <load_address>0x17fb9</load_address>
         <run_address>0x17fb9</run_address>
         <size>0x290</size>
         <input_file_ref idref="fl-db"/>
      </object_component>
      <object_component id="oc-358">
         <name>.debug_info</name>
         <load_address>0x18249</load_address>
         <run_address>0x18249</run_address>
         <size>0x1c2</size>
         <input_file_ref idref="fl-db"/>
      </object_component>
      <object_component id="oc-396">
         <name>.debug_info</name>
         <load_address>0x1840b</load_address>
         <run_address>0x1840b</run_address>
         <size>0x28b</size>
         <input_file_ref idref="fl-dc"/>
      </object_component>
      <object_component id="oc-2ed">
         <name>.debug_info</name>
         <load_address>0x18696</load_address>
         <run_address>0x18696</run_address>
         <size>0x1ab</size>
         <input_file_ref idref="fl-dc"/>
      </object_component>
      <object_component id="oc-3ea">
         <name>.debug_info</name>
         <load_address>0x18841</load_address>
         <run_address>0x18841</run_address>
         <size>0x28f</size>
         <input_file_ref idref="fl-dd"/>
      </object_component>
      <object_component id="oc-38f">
         <name>.debug_info</name>
         <load_address>0x18ad0</load_address>
         <run_address>0x18ad0</run_address>
         <size>0x247</size>
         <input_file_ref idref="fl-dd"/>
      </object_component>
      <object_component id="oc-3db">
         <name>.debug_info</name>
         <load_address>0x18d17</load_address>
         <run_address>0x18d17</run_address>
         <size>0x28f</size>
         <input_file_ref idref="fl-de"/>
      </object_component>
      <object_component id="oc-383">
         <name>.debug_info</name>
         <load_address>0x18fa6</load_address>
         <run_address>0x18fa6</run_address>
         <size>0x18a</size>
         <input_file_ref idref="fl-de"/>
      </object_component>
      <object_component id="oc-404">
         <name>.debug_info</name>
         <load_address>0x19130</load_address>
         <run_address>0x19130</run_address>
         <size>0x39</size>
         <input_file_ref idref="fl-de"/>
      </object_component>
      <object_component id="oc-3dc">
         <name>.debug_info</name>
         <load_address>0x19169</load_address>
         <run_address>0x19169</run_address>
         <size>0x2c</size>
         <input_file_ref idref="fl-de"/>
      </object_component>
      <object_component id="oc-3e8">
         <name>.debug_info</name>
         <load_address>0x19195</load_address>
         <run_address>0x19195</run_address>
         <size>0x2f2</size>
         <input_file_ref idref="fl-df"/>
      </object_component>
      <object_component id="oc-38b">
         <name>.debug_info</name>
         <load_address>0x19487</load_address>
         <run_address>0x19487</run_address>
         <size>0x21a</size>
         <input_file_ref idref="fl-df"/>
      </object_component>
      <object_component id="oc-3e3">
         <name>.debug_info</name>
         <load_address>0x196a1</load_address>
         <run_address>0x196a1</run_address>
         <size>0x156</size>
         <input_file_ref idref="fl-e0"/>
      </object_component>
      <object_component id="oc-39d">
         <name>.debug_info</name>
         <load_address>0x197f7</load_address>
         <run_address>0x197f7</run_address>
         <size>0x284</size>
         <input_file_ref idref="fl-e1"/>
      </object_component>
      <object_component id="oc-2f4">
         <name>.debug_info</name>
         <load_address>0x19a7b</load_address>
         <run_address>0x19a7b</run_address>
         <size>0x14f</size>
         <input_file_ref idref="fl-e1"/>
      </object_component>
      <object_component id="oc-3ed">
         <name>.debug_info</name>
         <load_address>0x19bca</load_address>
         <run_address>0x19bca</run_address>
         <size>0x46</size>
         <input_file_ref idref="fl-e1"/>
      </object_component>
      <object_component id="oc-398">
         <name>.debug_info</name>
         <load_address>0x19c10</load_address>
         <run_address>0x19c10</run_address>
         <size>0x39</size>
         <input_file_ref idref="fl-e1"/>
      </object_component>
      <object_component id="oc-363">
         <name>.debug_info</name>
         <load_address>0x19c49</load_address>
         <run_address>0x19c49</run_address>
         <size>0x144</size>
         <input_file_ref idref="fl-e2"/>
      </object_component>
      <object_component id="oc-2d1">
         <name>.debug_info</name>
         <load_address>0x19d8d</load_address>
         <run_address>0x19d8d</run_address>
         <size>0x120</size>
         <input_file_ref idref="fl-e3"/>
      </object_component>
      <object_component id="oc-34f">
         <name>.debug_info</name>
         <load_address>0x19ead</load_address>
         <run_address>0x19ead</run_address>
         <size>0x122</size>
         <input_file_ref idref="fl-e3"/>
      </object_component>
      <object_component id="oc-34b">
         <name>.debug_info</name>
         <load_address>0x19fcf</load_address>
         <run_address>0x19fcf</run_address>
         <size>0x132</size>
         <input_file_ref idref="fl-e4"/>
      </object_component>
      <object_component id="oc-344">
         <name>.debug_info</name>
         <load_address>0x1a101</load_address>
         <run_address>0x1a101</run_address>
         <size>0x132</size>
         <input_file_ref idref="fl-e5"/>
      </object_component>
      <object_component id="oc-354">
         <name>.debug_info</name>
         <load_address>0x1a233</load_address>
         <run_address>0x1a233</run_address>
         <size>0x126</size>
         <input_file_ref idref="fl-e6"/>
      </object_component>
      <object_component id="oc-35e">
         <name>.debug_info</name>
         <load_address>0x1a359</load_address>
         <run_address>0x1a359</run_address>
         <size>0x124</size>
         <input_file_ref idref="fl-e7"/>
      </object_component>
      <object_component id="oc-33d">
         <name>.debug_info</name>
         <load_address>0x1a47d</load_address>
         <run_address>0x1a47d</run_address>
         <size>0x12c</size>
         <input_file_ref idref="fl-e8"/>
      </object_component>
      <object_component id="oc-3a2">
         <name>.debug_info</name>
         <load_address>0x1a5a9</load_address>
         <run_address>0x1a5a9</run_address>
         <size>0x27e</size>
         <input_file_ref idref="fl-e9"/>
      </object_component>
      <object_component id="oc-39f">
         <name>.debug_info</name>
         <load_address>0x1a827</load_address>
         <run_address>0x1a827</run_address>
         <size>0x103</size>
         <input_file_ref idref="fl-e9"/>
      </object_component>
      <object_component id="oc-2f9">
         <name>.debug_info</name>
         <load_address>0x1a92a</load_address>
         <run_address>0x1a92a</run_address>
         <size>0x143</size>
         <input_file_ref idref="fl-e9"/>
      </object_component>
      <object_component id="oc-228">
         <name>.debug_info</name>
         <load_address>0x1aa6d</load_address>
         <run_address>0x1aa6d</run_address>
         <size>0x240</size>
         <input_file_ref idref="fl-ea"/>
      </object_component>
      <object_component id="oc-225">
         <name>.debug_info</name>
         <load_address>0x1acad</load_address>
         <run_address>0x1acad</run_address>
         <size>0x15b</size>
         <input_file_ref idref="fl-ea"/>
      </object_component>
      <object_component id="oc-16b">
         <name>.debug_info</name>
         <load_address>0x1ae08</load_address>
         <run_address>0x1ae08</run_address>
         <size>0x2a3</size>
         <input_file_ref idref="fl-ea"/>
      </object_component>
      <object_component id="oc-15c">
         <name>.debug_info</name>
         <load_address>0x1b0ab</load_address>
         <run_address>0x1b0ab</run_address>
         <size>0x316</size>
         <input_file_ref idref="fl-ea"/>
      </object_component>
      <object_component id="oc-131">
         <name>.debug_info</name>
         <load_address>0x1b3c1</load_address>
         <run_address>0x1b3c1</run_address>
         <size>0x280</size>
         <input_file_ref idref="fl-ea"/>
      </object_component>
      <object_component id="oc-21e">
         <name>.debug_info</name>
         <load_address>0x1b641</load_address>
         <run_address>0x1b641</run_address>
         <size>0x18b</size>
         <input_file_ref idref="fl-ea"/>
      </object_component>
      <object_component id="oc-223">
         <name>.debug_info</name>
         <load_address>0x1b7cc</load_address>
         <run_address>0x1b7cc</run_address>
         <size>0x298</size>
         <input_file_ref idref="fl-ec"/>
      </object_component>
      <object_component id="oc-215">
         <name>.debug_info</name>
         <load_address>0x1ba64</load_address>
         <run_address>0x1ba64</run_address>
         <size>0x14d</size>
         <input_file_ref idref="fl-ec"/>
      </object_component>
      <object_component id="oc-218">
         <name>.debug_info</name>
         <load_address>0x1bbb1</load_address>
         <run_address>0x1bbb1</run_address>
         <size>0x159</size>
         <input_file_ref idref="fl-ec"/>
      </object_component>
      <object_component id="oc-2ae">
         <name>.debug_info</name>
         <load_address>0x1bd0a</load_address>
         <run_address>0x1bd0a</run_address>
         <size>0x153</size>
         <input_file_ref idref="fl-ec"/>
      </object_component>
      <object_component id="oc-21b">
         <name>.debug_info</name>
         <load_address>0x1be5d</load_address>
         <run_address>0x1be5d</run_address>
         <size>0x160</size>
         <input_file_ref idref="fl-ec"/>
      </object_component>
      <object_component id="oc-20c">
         <name>.debug_info</name>
         <load_address>0x1bfbd</load_address>
         <run_address>0x1bfbd</run_address>
         <size>0x270</size>
         <input_file_ref idref="fl-ec"/>
      </object_component>
      <object_component id="oc-212">
         <name>.debug_info</name>
         <load_address>0x1c22d</load_address>
         <run_address>0x1c22d</run_address>
         <size>0x2ba</size>
         <input_file_ref idref="fl-ec"/>
      </object_component>
      <object_component id="oc-12e">
         <name>.debug_info</name>
         <load_address>0x1c4e7</load_address>
         <run_address>0x1c4e7</run_address>
         <size>0x49a</size>
         <input_file_ref idref="fl-ec"/>
      </object_component>
      <object_component id="oc-2ba">
         <name>.debug_info</name>
[...]
         <name>xTaskCheckForTimeOut</name>
         <value>0xf85</value>
         <object_component_ref idref="oc-7c"/>
      </symbol>
      <symbol id="sm-3e4">
         <name>xTaskRemoveFromUnorderedEventList</name>
         <value>0xeed</value>
         <object_component_ref idref="oc-7c"/>
      </symbol>
      <symbol id="sm-3e5">
         <name>vTaskPrioritySet</name>
         <value>0x68d</value>
         <object_component_ref idref="oc-7c"/>
      </symbol>
      <symbol id="sm-3e6">
         <name>xTaskPriorityDisinherit</name>
         <value>0x140f</value>
         <object_component_ref idref="oc-7c"/>
      </symbol>
      <symbol id="sm-3e7">
         <name>vTaskStartScheduler</name>
         <value>0x9a9</value>
         <object_component_ref idref="oc-7c"/>
      </symbol>
      <symbol id="sm-3e8">
         <name>xTaskNotifyStateClear</name>
         <value>0x18c1</value>
         <object_component_ref idref="oc-7c"/>
      </symbol>
      <symbol id="sm-3e9">
         <name>pvTaskIncrementMutexHeldCount</name>
         <value>0x14cf</value>
         <object_component_ref idref="oc-7c"/>
      </symbol>
      <symbol id="sm-3ea">
         <name>xTaskGenericNotify</name>
         <value>0x161d</value>
         <object_component_ref idref="oc-7c"/>
      </symbol>
      <symbol id="sm-3eb">
         <name>xTaskCreate</name>
         <value>0x209</value>
         <object_component_ref idref="oc-7c"/>
      </symbol>
      <symbol id="sm-3ec">
         <name>vTaskDelayUntil</name>
         <value>0x4b1</value>
         <object_component_ref idref="oc-7c"/>
      </symbol>
      <symbol id="sm-3ed">
         <name>uxTaskGetTaskNumber</name>
         <value>0x1011</value>
         <object_component_ref idref="oc-7c"/>
      </symbol>
      <symbol id="sm-3ee">
         <name>vTaskEndScheduler</name>
         <value>0xa01</value>
         <object_component_ref idref="oc-7c"/>
      </symbol>
      <symbol id="sm-3ef">
         <name>xTaskNotifyWait</name>
         <value>0x156d</value>
         <object_component_ref idref="oc-7c"/>
      </symbol>
      <symbol id="sm-3f0">
         <name>vTaskMissedYield</name>
         <value>0xfff</value>
         <object_component_ref idref="oc-7c"/>
      </symbol>
      <symbol id="sm-3f1">
         <name>uxTaskGetNumberOfTasks</name>
         <value>0xb3d</value>
         <object_component_ref idref="oc-7c"/>
      </symbol>
      <symbol id="sm-3f2">
         <name>xTaskGenericNotifyFromISR</name>
         <value>0x1709</value>
         <object_component_ref idref="oc-7c"/>
      </symbol>
      <symbol id="sm-3f3">
         <name>vTaskGetInfo</name>
         <value>0x1125</value>
         <object_component_ref idref="oc-7c"/>
      </symbol>
      <symbol id="sm-3f4">
         <name>uxTaskPriorityGet</name>
         <value>0x611</value>
         <object_component_ref idref="oc-7c"/>
      </symbol>
      <symbol id="sm-3f5">
         <name>xTaskResumeAll</name>
         <value>0xa35</value>
         <object_component_ref idref="oc-7c"/>
      </symbol>
      <symbol id="sm-3f6">
         <name>xTaskGetTickCount</name>
         <value>0xb19</value>
         <object_component_ref idref="oc-7c"/>
      </symbol>
      <symbol id="sm-3f7">
         <name>uxTaskGetSystemState</name>
         <value>0xb69</value>
         <object_component_ref idref="oc-7c"/>
      </symbol>
      <symbol id="sm-3f8">
         <name>vTaskDelete</name>
         <value>0x403</value>
         <object_component_ref idref="oc-7c"/>
      </symbol>
      <symbol id="sm-3f9">
         <name>pxCurrentTCB</name>
         <value>0x20018a18</value>
         <object_component_ref idref="oc-76"/>
      </symbol>
      <symbol id="sm-3fa">
         <name>vTaskNotifyGiveFromISR</name>
         <value>0x1813</value>
         <object_component_ref idref="oc-7c"/>
      </symbol>
      <symbol id="sm-3fb">
         <name>eTaskGetState</name>
         <value>0x57d</value>
         <object_component_ref idref="oc-7c"/>
      </symbol>
      <symbol id="sm-3fc">
         <name>vTaskSuspend</name>
         <value>0x7a1</value>
         <object_component_ref idref="oc-7c"/>
      </symbol>
      <symbol id="sm-3fd">
         <name>xTaskGetTickCountFromISR</name>
         <value>0xb29</value>
         <object_component_ref idref="oc-7c"/>
      </symbol>
      <symbol id="sm-3fe">
         <name>vTaskResume</name>
         <value>0x8a1</value>
         <object_component_ref idref="oc-7c"/>
      </symbol>
      <symbol id="sm-3ff">
         <name>vTaskPlaceOnEventListRestricted</name>
         <value>0xe33</value>
         <object_component_ref idref="oc-7c"/>
      </symbol>
      <symbol id="sm-400">
         <name>vTaskSetTimeOutState</name>
         <value>0xf61</value>
         <object_component_ref idref="oc-7c"/>
      </symbol>
      <symbol id="sm-401">
         <name>xTaskIncrementTick</name>
         <value>0xc5d</value>
         <object_component_ref idref="oc-7c"/>
      </symbol>
      <symbol id="sm-402">
         <name>vTaskSwitchContext</name>
         <value>0xd85</value>
         <object_component_ref idref="oc-7c"/>
      </symbol>
      <symbol id="sm-403">
         <name>uxTaskResetEventItemValue</name>
         <value>0x14ad</value>
         <object_component_ref idref="oc-7c"/>
      </symbol>
      <symbol id="sm-404">
         <name>xTaskGetSchedulerState</name>
         <value>0x1301</value>
         <object_component_ref idref="oc-7c"/>
      </symbol>
      <symbol id="sm-405">
         <name>xTaskResumeFromISR</name>
         <value>0x91b</value>
         <object_component_ref idref="oc-7c"/>
      </symbol>
      <symbol id="sm-406">
         <name>xTaskGetCurrentTaskHandle</name>
         <value>0x12e7</value>
         <object_component_ref idref="oc-7c"/>
      </symbol>
      <symbol id="sm-407">
         <name>vTaskPlaceOnUnorderedEventList</name>
         <value>0xe09</value>
         <object_component_ref idref="oc-7c"/>
      </symbol>
      <symbol id="sm-408">
         <name>xTaskRemoveFromEventList</name>
         <value>0xe6d</value>
         <object_component_ref idref="oc-7c"/>
      </symbol>
      <symbol id="sm-495">
         <name>xTimerGetTimerDaemonTaskHandle</name>
         <value>0x362d</value>
         <object_component_ref idref="oc-f5"/>
      </symbol>
      <symbol id="sm-496">
         <name>pcTimerGetName</name>
         <value>0x365b</value>
         <object_component_ref idref="oc-f5"/>
      </symbol>
      <symbol id="sm-497">
         <name>xTimerCreateTimerTask</name>
         <value>0x3521</value>
         <object_component_ref idref="oc-f5"/>
      </symbol>
      <symbol id="sm-498">
         <name>xTimerGetExpiryTime</name>
         <value>0x3645</value>
         <object_component_ref idref="oc-f5"/>
      </symbol>
      <symbol id="sm-499">
         <name>xTimerIsTimerActive</name>
         <value>0x3a1d</value>
         <object_component_ref idref="oc-f5"/>
      </symbol>
      <symbol id="sm-49a">
         <name>xTimerGetPeriod</name>
         <value>0x3633</value>
         <object_component_ref idref="oc-f5"/>
      </symbol>
      <symbol id="sm-49b">
         <name>xTimerCreate</name>
         <value>0x354d</value>
         <object_component_ref idref="oc-f5"/>
      </symbol>
      <symbol id="sm-49c">
         <name>xTimerGenericCommand</name>
         <value>0x35c1</value>
         <object_component_ref idref="oc-f5"/>
      </symbol>
      <symbol id="sm-49d">
         <name>pvTimerGetTimerID</name>
         <value>0x3a49</value>
         <object_component_ref idref="oc-f5"/>
      </symbol>
      <symbol id="sm-49e">
         <name>vTimerSetTimerID</name>
         <value>0x3a63</value>
         <object_component_ref idref="oc-f5"/>
      </symbol>
      <symbol id="sm-4ce">
         <name>ulMaxSyscallInterruptPriority</name>
         <value>0x5b28</value>
         <object_component_ref idref="oc-79"/>
      </symbol>
      <symbol id="sm-4cf">
         <name>vPortSetupTimerInterrupt</name>
         <value>0x48e7</value>
         <object_component_ref idref="oc-2f"/>
      </symbol>
      <symbol id="sm-4d0">
         <name>vPortEndScheduler</name>
         <value>0x4889</value>
         <object_component_ref idref="oc-2f"/>
      </symbol>
      <symbol id="sm-4d1">
         <name>xPortSysTickHandler</name>
         <value>0x48c1</value>
         <object_component_ref idref="oc-2f"/>
      </symbol>
      <symbol id="sm-4d2">
         <name>pxPortInitialiseStack</name>
         <value>0x47e9</value>
         <object_component_ref idref="oc-2f"/>
      </symbol>
      <symbol id="sm-4d3">
         <name>vPortExitCritical</name>
         <value>0x48ab</value>
         <object_component_ref idref="oc-2f"/>
      </symbol>
      <symbol id="sm-4d4">
         <name>xPortStartScheduler</name>
         <value>0x4853</value>
         <object_component_ref idref="oc-2f"/>
      </symbol>
      <symbol id="sm-4d5">
         <name>vPortEnterCritical</name>
         <value>0x488b</value>
         <object_component_ref idref="oc-2f"/>
      </symbol>
      <symbol id="sm-4e4">
         <name>vPortStartFirstTask</name>
         <value>0x4e15</value>
         <object_component_ref idref="oc-2a"/>
      </symbol>
      <symbol id="sm-4e5">
         <name>ulPortGetIPSR</name>
         <value>0x4d7d</value>
         <object_component_ref idref="oc-2a"/>
      </symbol>
      <symbol id="sm-4e6">
         <name>vPortEnableVFP</name>
         <value>0x4e31</value>
         <object_component_ref idref="oc-2a"/>
      </symbol>
      <symbol id="sm-4e7">
         <name>xPortPendSVHandler</name>
         <value>0x4d95</value>
         <object_component_ref idref="oc-2a"/>
      </symbol>
      <symbol id="sm-4e8">
         <name>vPortSVCHandler</name>
         <value>0x4df5</value>
         <object_component_ref idref="oc-2a"/>
      </symbol>
      <symbol id="sm-531">
         <name>vPortInitialiseBlocks</name>
         <value>0x43eb</value>
         <object_component_ref idref="oc-dd"/>
      </symbol>
      <symbol id="sm-532">
         <name>xPortGetFreeHeapSize</name>
         <value>0x43e5</value>
         <object_component_ref idref="oc-dd"/>
      </symbol>
      <symbol id="sm-533">
         <name>pvPortMalloc</name>
         <value>0x4291</value>
         <object_component_ref idref="oc-dd"/>
      </symbol>
      <symbol id="sm-534">
         <name>vPortFree</name>
         <value>0x4387</value>
         <object_component_ref idref="oc-dd"/>
      </symbol>
      <symbol id="sm-556">
         <name>memcpy</name>
         <value>0x4ef3</value>
         <object_component_ref idref="oc-43"/>
      </symbol>
      <symbol id="sm-557">
         <name>__aeabi_memcpy</name>
         <value>0x4ef3</value>
         <object_component_ref idref="oc-43"/>
      </symbol>
      <symbol id="sm-558">
         <name>__aeabi_memcpy8</name>
         <value>0x4ef3</value>
         <object_component_ref idref="oc-43"/>
      </symbol>
      <symbol id="sm-559">
         <name>__aeabi_memcpy4</name>
         <value>0x4ef3</value>
         <object_component_ref idref="oc-43"/>
      </symbol>
      <symbol id="sm-568">
         <name>__aeabi_memset</name>
         <value>0x5133</value>
         <object_component_ref idref="oc-b4"/>
      </symbol>
      <symbol id="sm-569">
         <name>memset</name>
         <value>0x5139</value>
         <object_component_ref idref="oc-b4"/>
      </symbol>
      <symbol id="sm-56a">
         <name>__aeabi_memset8</name>
         <value>0x5133</value>
         <object_component_ref idref="oc-b4"/>
      </symbol>
      <symbol id="sm-56b">
         <name>__aeabi_memset4</name>
         <value>0x5133</value>
         <object_component_ref idref="oc-b4"/>
      </symbol>
      <symbol id="sm-56c">
         <name>__aeabi_memclr8</name>
         <value>0x5131</value>
         <object_component_ref idref="oc-b4"/>
      </symbol>
      <symbol id="sm-56d">
         <name>__aeabi_memclr4</name>
         <value>0x5131</value>
         <object_component_ref idref="oc-b4"/>
      </symbol>
      <symbol id="sm-56e">
         <name>__aeabi_memclr</name>
         <value>0x5131</value>
         <object_component_ref idref="oc-b4"/>
      </symbol>
      <symbol id="sm-585">
         <name>__TI_zero_init</name>
         <value>0x56f7</value>
         <object_component_ref idref="oc-55"/>
      </symbol>
      <symbol id="sm-59c">
         <name>__TI_decompress_none</name>
         <value>0x56e9</value>
         <object_component_ref idref="oc-18"/>
      </symbol>
      <symbol id="sm-5bf">
         <name>__TI_decompress_lzss</name>
         <value>0x5219</value>
         <object_component_ref idref="oc-12"/>
      </symbol>
      <symbol id="sm-5d2">
         <name>__stack</name>
         <value>0x20018818</value>
         <object_component_ref idref="oc-21"/>
      </symbol>
      <symbol id="sm-5d3">
         <name>_c_int00_noargs</name>
         <value>0x55c9</value>
         <object_component_ref idref="oc-61"/>
      </symbol>
      <symbol id="sm-5de">
         <name>C$$EXIT</name>
         <value>0x573d</value>
         <object_component_ref idref="oc-184"/>
      </symbol>
      <symbol id="sm-5df">
         <name>abort</name>
         <value>0x573d</value>
         <object_component_ref idref="oc-184"/>
      </symbol>
      <symbol id="sm-608">
         <name>sprintf</name>
         <value>0x5549</value>
         <object_component_ref idref="oc-13c"/>
      </symbol>
      <symbol id="sm-616">
         <name>strcpy</name>
         <value>0x56af</value>
         <object_component_ref idref="oc-148"/>
      </symbol>
      <symbol id="sm-624">
         <name>strlen</name>
         <value>0x56c3</value>
         <object_component_ref idref="oc-142"/>
      </symbol>
      <symbol id="sm-62e">
         <name>__aeabi_idiv0</name>
         <value>0x2eef</value>
         <object_component_ref idref="oc-3c8"/>
      </symbol>
      <symbol id="sm-62f">
         <name>__aeabi_ldiv0</name>
         <value>0x2eef</value>
         <object_component_ref idref="oc-3c8"/>
      </symbol>
      <symbol id="sm-657">
         <name>__TI_auto_init_nobinit_nopinit</name>
         <value>0x5505</value>
         <object_component_ref idref="oc-190"/>
      </symbol>
      <symbol id="sm-661">
         <name>_system_pre_init</name>
         <value>0x5739</value>
         <object_component_ref idref="oc-ba"/>
      </symbol>
      <symbol id="sm-7c7">
         <name>__TI_printfi</name>
         <value>0x2491</value>
         <object_component_ref idref="oc-22b"/>
      </symbol>
      <symbol id="sm-7dd">
         <name>atoi</name>
         <value>0x53e1</value>
         <object_component_ref idref="oc-2c3"/>
      </symbol>
      <symbol id="sm-7e8">
         <name>_ctypes_</name>
         <value>0x58f0</value>
         <object_component_ref idref="oc-337"/>
      </symbol>
      <symbol id="sm-7f7">
         <name>ltoa</name>
         <value>0x533b</value>
         <object_component_ref idref="oc-357"/>
      </symbol>
      <symbol id="sm-807">
         <name>memccpy</name>
         <value>0x5651</value>
         <object_component_ref idref="oc-2ec"/>
      </symbol>
      <symbol id="sm-817">
         <name>strchr</name>
         <value>0x5685</value>
         <object_component_ref idref="oc-38e"/>
      </symbol>
      <symbol id="sm-837">
         <name>frexpl</name>
         <value>0x5281</value>
         <object_component_ref idref="oc-382"/>
      </symbol>
      <symbol id="sm-838">
         <name>frexp</name>
         <value>0x5281</value>
         <object_component_ref idref="oc-382"/>
      </symbol>
      <symbol id="sm-855">
         <name>scalbn</name>
         <value>0x4b61</value>
         <object_component_ref idref="oc-388"/>
      </symbol>
      <symbol id="sm-856">
         <name>scalbnl</name>
         <value>0x4b61</value>
         <object_component_ref idref="oc-388"/>
      </symbol>
      <symbol id="sm-857">
         <name>ldexpl</name>
         <value>0x4b61</value>
         <object_component_ref idref="oc-388"/>
      </symbol>
      <symbol id="sm-858">
         <name>ldexp</name>
         <value>0x4b61</value>
         <object_component_ref idref="oc-388"/>
      </symbol>
      <symbol id="sm-862">
         <name>copysign</name>
         <value>0x569b</value>
         <object_component_ref idref="oc-3e1"/>
      </symbol>
      <symbol id="sm-863">
         <name>copysignl</name>
         <value>0x569b</value>
         <object_component_ref idref="oc-3e1"/>
      </symbol>
      <symbol id="sm-87c">
         <name>wcslen</name>
         <value>0x56d7</value>
         <object_component_ref idref="oc-2f2"/>
      </symbol>
      <symbol id="sm-893">
         <name>__aeabi_dsub</name>
         <value>0x40d9</value>
         <object_component_ref idref="oc-362"/>
      </symbol>
      <symbol id="sm-894">
         <name>__aeabi_dadd</name>
         <value>0x40e3</value>
         <object_component_ref idref="oc-362"/>
      </symbol>
      <symbol id="sm-8b6">
         <name>__aeabi_cdcmpeq</name>
         <value>0x5025</value>
         <object_component_ref idref="oc-2cf"/>
      </symbol>
      <symbol id="sm-8b7">
         <name>__aeabi_cdcmple</name>
         <value>0x5025</value>
         <object_component_ref idref="oc-2cf"/>
      </symbol>
      <symbol id="sm-8b8">
         <name>__aeabi_cdrcmple</name>
         <value>0x50ab</value>
         <object_component_ref idref="oc-34d"/>
      </symbol>
      <symbol id="sm-8cc">
         <name>__aeabi_ddiv</name>
         <value>0x4581</value>
         <object_component_ref idref="oc-348"/>
      </symbol>
      <symbol id="sm-8d7">
         <name>__aeabi_dmul</name>
         <value>0x4c71</value>
         <object_component_ref idref="oc-343"/>
      </symbol>
      <symbol id="sm-8e1">
         <name>__aeabi_d2iz</name>
         <value>0x54bd</value>
         <object_component_ref idref="oc-352"/>
      </symbol>
      <symbol id="sm-8eb">
         <name>__aeabi_i2d</name>
         <value>0x5601</value>
         <object_component_ref idref="oc-35d"/>
      </symbol>
      <symbol id="sm-8f8">
         <name>__aeabi_uldivmod</name>
         <value>0x4f8f</value>
         <object_component_ref idref="oc-33c"/>
      </symbol>
      <symbol id="sm-90e">
         <name>__aeabi_errno_addr</name>
         <value>0x5725</value>
         <object_component_ref idref="oc-2f8"/>
      </symbol>
      <symbol id="sm-90f">
         <name>errno</name>
         <value>0x20018a6c</value>
         <object_component_ref idref="oc-39e"/>
      </symbol>
      <symbol id="sm-93e">
         <name>GPIOPinConfigure</name>
         <value>0x542d</value>
         <object_component_ref idref="oc-130"/>
      </symbol>
      <symbol id="sm-93f">
         <name>GPIOPinWrite</name>
         <value>0x572d</value>
         <object_component_ref idref="oc-16a"/>
      </symbol>
      <symbol id="sm-940">
         <name>GPIOPadConfigSet</name>
         <value>0x46b7</value>
         <object_component_ref idref="oc-15b"/>
      </symbol>
      <symbol id="sm-9a8">
         <name>SysCtlDelay</name>
         <value>0x5733</value>
         <object_component_ref idref="oc-161"/>
      </symbol>
      <symbol id="sm-9a9">
         <name>SysCtlClockFreqSet</name>
         <value>0x3d09</value>
         <object_component_ref idref="oc-12a"/>
      </symbol>
      <symbol id="sm-9b7">
         <name>UARTCharPut</name>
         <value>0x570f</value>
         <object_component_ref idref="oc-172"/>
      </symbol>
      <symbol id="sm-9b9">
         <name>__TI_static_base__</name>
         <value>0x0</value>
      </symbol>
      <symbol id="sm-9bc">
         <name>__mpu_init</name>
         <value>0x0</value>
      </symbol>
      <symbol id="sm-9bd">
         <name>_system_post_cinit</name>
         <value>0x0</value>
      </symbol>
   </symbol_table>
   <title>Link successful</title>
</link_info>
