******************************************************************************
                  TI ARM Linker Unix v18.1.1                   
******************************************************************************
>> Linked Sun Apr  8 14:01:42 2018

OUTPUT FILE NAME:   <freeRTOSTest3Tasks.out>
ENTRY POINT SYMBOL: "_c_int00_noargs"  address: 00005e09


MEMORY CONFIGURATION

         name            origin    length      used     unused   attr    fill
----------------------  --------  ---------  --------  --------  ----  --------
  FLASH                 00000000   00100000  000065e8  000f9a18  R  X
  SRAM                  20000000   00040000  00018e1c  000271e4  RW X


SEGMENT ALLOCATION MAP

run origin  load origin   length   init length attrs members
----------  ----------- ---------- ----------- ----- -------
00000000    00000000    000065e8   000065e8    r-x
  00000000    00000000    00000208   00000208    r-- .intvecs
  00000208    00000208    00005f4c   00005f4c    r-x .text
  00006154    00006154    000003f4   000003f4    r-- .const
  00006548    00006548    000000a0   000000a0    r-- .cinit
20000000    20000000    00018e20   00000000    rw-
  20000000    20000000    000189d8   00000000    rw- .bss
  200189d8    200189d8    0000023c   00000000    rw- .data
  20018c18    20018c18    00000200   00000000    rw- .stack
  20018e18    20018e18    00000008   00000000    rw- .sysmem


SECTION ALLOCATION MAP

 output                                  attributes/
section   page    origin      length       input sections
--------  ----  ----------  ----------   ----------------
.intvecs   0    00000000    00000208     
                  00000000    00000208     tm4c1294ncpdt_startup_ccs.obj (.intvecs)

.text      0    00000208    00005f4c     
                  00000208    000017b8     tasks.obj (.text)
                  000019c0    00000ad0     queue.obj (.text)
                  00002490    00000a5e     rtsv7M4_T_le_v4SPD16_eabi.lib : _printfi.c.obj (.text:__TI_printfi)
                  00002eee    00000002                                   : _lock.c.obj (.text:_nop)
                  00002ef0    00000578     timers.obj (.text)
                  00003468    0000052c     main.obj (.text)
                  00003994    00000270     rtsv7M4_T_le_v4SPD16_eabi.lib : _printfi.c.obj (.text:_pconv_a)
                  00003c04    00000200     driverlib.lib : sysctl.obj (.text:SysCtlClockFreqSet)
                  00003e04    000001d0     rtsv7M4_T_le_v4SPD16_eabi.lib : _printfi.c.obj (.text:_pconv_g)
                  00003fd4    000001b6                                   : fd_add_t2.asm.obj (.text)
                  0000418a    00000002                                   : div0.asm.obj (.text)
                  0000418c    000001b4     heap_2.obj (.text)
                  00004340    0000013c     rtsv7M4_T_le_v4SPD16_eabi.lib : _printfi.c.obj (.text:_pconv_e)
                  0000447c    00000136                                   : fd_div_t2.asm.obj (.text)
                  000045b2    00000132     driverlib.lib : gpio.obj (.text:GPIOPadConfigSet)
                  000046e4    0000012c     port.obj (.text)
                  00004810    0000012a     list.obj (.text)
                  0000493a    00000002     --HOLE-- [fill = 0]
                  0000493c    00000120     rtsv7M4_T_le_v4SPD16_eabi.lib : _printfi.c.obj (.text:fcvt)
                  00004a5c    00000114                                   : fputs.c.obj (.text:fputs)
                  00004b70    00000110                                   : s_scalbn.c.obj (.text:scalbn)
                  00004c80    000000fc                                   : fd_mul_t2.asm.obj (.text)
                  00004d7c    000000dc                                   : setvbuf.c.obj (.text:setvbuf)
                  00004e58    000000d8                                   : memory.c.obj (.text:free)
                  00004f30    000000d2     portasm.obj (.text)
                  00005002    00000002     --HOLE-- [fill = 0]
                  00005004    000000b1     rtsv7M4_T_le_v4SPD16_eabi.lib : _printfi.c.obj (.text:_ltostr)
                  000050b5    00000001     --HOLE-- [fill = 0]
                  000050b6    0000009c                                   : memcpy_t2.asm.obj (.text)
                  00005152    00000096                                   : ull_div_t2.asm.obj (.text)
                  000051e8    0000008c                                   : fputc.c.obj (.text:fputc)
                  00005274    00000086                                   : fd_cmp_t2.asm.obj (.text:__aeabi_cdcmple)
                  000052fa    00000086                                   : fd_cmp_t2.asm.obj (.text:__aeabi_cdrcmple)
                  00005380    0000007a                                   : memset_t2.asm.obj (.text)
                  000053fa    00000002     --HOLE-- [fill = 0]
                  000053fc    00000078                                   : memory.c.obj (.text:malloc)
                  00005474    00000074                                   : fclose.c.obj (.text:__TI_closefile)
                  000054e8    0000006e                                   : _printfi.c.obj (.text:_mcpy)
                  00005556    00000002     --HOLE-- [fill = 0]
                  00005558    00000068                                   : hostlseek.c.obj (.text:HOSTlseek)
                  000055c0    00000068                                   : hostrename.c.obj (.text:HOSTrename)
                  00005628    00000068                                   : copy_decompress_lzss.c.obj (.text:decompress:lzss:__TI_decompress_lzss)
                  00005690    00000068                                   : printf.c.obj (.text:printf)
                  000056f8    00000064                                   : s_frexp.c.obj (.text:frexp)
                  0000575c    00000064                                   : fseek.c.obj (.text:fseek)
                  000057c0    00000062                                   : _io_perm.c.obj (.text:__TI_wrt_ok)
                  00005822    00000002     --HOLE-- [fill = 0]
                  00005824    00000060                                   : hostopen.c.obj (.text:HOSTopen)
                  00005884    0000005c                                   : close.c.obj (.text:close)
                  000058e0    00000058                                   : hostread.c.obj (.text:HOSTread)
                  00005938    00000058                                   : hostwrite.c.obj (.text:HOSTwrite)
                  00005990    00000056                                   : _printfi.c.obj (.text:_pconv_f)
                  000059e6    00000054                                   : ltoa.c.obj (.text:ltoa)
                  00005a3a    00000052                                   : _printfi.c.obj (.text:_ecpy)
                  00005a8c    0000004c                                   : fflush.c.obj (.text:__TI_doflush)
                  00005ad8    0000004c                                   : atoi.c.obj (.text:atoi)
                  00005b24    00000048     driverlib.lib : gpio.obj (.text:GPIOPinConfigure)
                  00005b6c    00000048                   : sysctl.obj (.text:_SysCtlFrequencyGet)
                  00005bb4    00000048     rtsv7M4_T_le_v4SPD16_eabi.lib : exit.c.obj (.text:exit)
                  00005bfc    00000048                                   : fd_toi_t2.asm.obj (.text)
                  00005c44    00000044                                   : hostclose.c.obj (.text:HOSTclose)
                  00005c88    00000044                                   : hostunlink.c.obj (.text:HOSTunlink)
                  00005ccc    00000044                                   : autoinit.c.obj (.text:__TI_auto_init_nobinit_nopinit:__TI_auto_init_nobinit_nopinit)
                  00005d10    00000044                                   : getdevice.c.obj (.text:getdevice)
                  00005d54    0000003e                                   : _printfi.c.obj (.text:_fcpy)
                  00005d92    00000002     --HOLE-- [fill = 0]
                  00005d94    0000003c                                   : memory.c.obj (.text:minsert)
                  00005dd0    00000038                                   : trgmsg.c.obj (.text:__TI_writemsg)
                  00005e08    00000038                                   : boot_cortex_m.c.obj (.text:_c_int00_noargs:_c_int00_noargs)
                  00005e40    00000038                                   : memory.c.obj (.text:minit)
                  00005e78    00000036                                   : strncpy.c.obj (.text:strncpy)
                  00005eae    00000002     --HOLE-- [fill = 0]
                  00005eb0    00000034                                   : fopen.c.obj (.text:__TI_cleanup)
                  00005ee4    00000034                                   : trgmsg.c.obj (.text:__TI_readmsg)
                  00005f18    00000030                                   : getdevice.c.obj (.text:finddevice)
                  00005f48    0000002e                                   : i_tofd_t2.asm.obj (.text)
                  00005f76    00000002     --HOLE-- [fill = 0]
                  00005f78    0000002c                                   : unlink.c.obj (.text:unlink)
                  00005fa4    00000028                                   : lseek.c.obj (.text:lseek)
                  00005fcc    00000028                                   : memory.c.obj (.text:mremove)
                  00005ff4    00000028                                   : write.c.obj (.text:write)
                  0000601c    00000020     driverlib.lib : sysctl.obj (.text:_SysCtlMemTimingGet)
                  0000603c    00000020     rtsv7M4_T_le_v4SPD16_eabi.lib : memchr.c.obj (.text:memchr)
                  0000605c    0000001c                                   : memccpy.c.obj (.text:memccpy)
                  00006078    00000018                                   : strcmp.c.obj (.text:strcmp)
                  00006090    00000016                                   : strchr.c.obj (.text:strchr)
                  000060a6    00000014                                   : s_copysign.c.obj (.text:copysign)
                  000060ba    00000014                                   : strcpy.c.obj (.text:strcpy)
                  000060ce    00000014                                   : strlen.c.obj (.text:strlen)
                  000060e2    00000012                                   : wcslen.c.obj (.text:wcslen)
                  000060f4    0000000e                                   : copy_decompress_none.c.obj (.text:decompress:none:__TI_decompress_none)
                  00006102    0000000c                                   : copy_zero_init.c.obj (.text:decompress:ZI:__TI_zero_init)
                  0000610e    0000000c     tm4c1294ncpdt_startup_ccs.obj (.text)
                  0000611a    0000000a     driverlib.lib : uart.obj (.text:UARTCharPut)
                  00006124    0000000a                   : uart.obj (.text:UARTLoopbackEnable)
                  0000612e    00000002     --HOLE-- [fill = 0]
                  00006130    00000008     rtsv7M4_T_le_v4SPD16_eabi.lib : errno.c.obj (.text:__aeabi_errno_addr)
                  00006138    00000006     driverlib.lib : gpio.obj (.text:GPIOPinWrite)
                  0000613e    00000006                   : sysctl.obj (.text:SysCtlDelay)
                  00006144    00000004     rtsv7M4_T_le_v4SPD16_eabi.lib : printf.c.obj (.text:_outc)
                  00006148    00000004                                   : printf.c.obj (.text:_outs)
                  0000614c    00000004                                   : pre_init.c.obj (.text:_system_pre_init)
                  00006150    00000004                                   : exit.c.obj (.text:abort:abort)

.const     0    00006154    000003f4     
                  00006154    000001b0     driverlib.lib : sysctl.obj (.const:g_pppui32XTALtoVCO)
                  00006304    00000101     rtsv7M4_T_le_v4SPD16_eabi.lib : ctype.c.obj (.const:.string:_ctypes_)
                  00006405    00000003     --HOLE-- [fill = 0]
                  00006408    00000090     driverlib.lib : gpio.obj (.const:g_pui32GPIOBaseAddrs)
                  00006498    0000006c                   : sysctl.obj (.const:g_pui32Xtals)
                  00006504    00000030                   : sysctl.obj (.const:g_sXTALtoMEMTIM)
                  00006534    00000008                   : sysctl.obj (.const)
                  0000653c    00000007     main.obj (.const:.string:$P$T0$1)
                  00006543    00000001     --HOLE-- [fill = 0]
                  00006544    00000004     port.obj (.const)

.cinit     0    00006548    000000a0     
                  00006548    0000007c     (.cinit..data.load) [load image, compression = lzss]
                  000065c4    0000000c     (__TI_handler_table)
                  000065d0    00000008     (.cinit..bss.load) [load image, compression = zero_init]
                  000065d8    00000010     (__TI_cinit_table)

.init_array 
*          0    00000000    00000000     UNINITIALIZED

.bss       0    20000000    000189d8     UNINITIALIZED
                  20000000    000186a0     heap_2.obj (.bss:ucHeap)
                  200186a0    00000120     rtsv7M4_T_le_v4SPD16_eabi.lib : trgmsg.c.obj (.bss:_CIOBUF_)
                  200187c0    000000a0     (.common:__TI_tmpnams)
                  20018860    00000064     tasks.obj (.bss:pxReadyTasksLists)
                  200188c4    00000040     (.common:xQueueRegistry)
                  20018904    00000014     timers.obj (.bss:xActiveTimerList1)
                  20018918    00000014     timers.obj (.bss:xActiveTimerList2)
                  2001892c    00000014     tasks.obj (.bss:xDelayedTaskList1)
                  20018940    00000014     tasks.obj (.bss:xDelayedTaskList2)
                  20018954    00000014     tasks.obj (.bss:xPendingReadyList)
                  20018968    00000014     tasks.obj (.bss:xSuspendedTaskList)
                  2001897c    00000014     tasks.obj (.bss:xTasksWaitingTermination)
                  20018990    00000008     tasks.obj (.bss)
                  20018998    00000008     timers.obj (.bss)
                  200189a0    00000008     heap_2.obj (.bss:xEnd)
                  200189a8    00000008     heap_2.obj (.bss:xStart)
                  200189b0    00000008     (.common:parmbuf)
                  200189b8    00000004     (.common:gui32_sys_clock_rate)
                  200189bc    00000004     (.common:hdl_log_str_event_task)
                  200189c0    00000004     (.common:hdl_sig_handler_task)
                  200189c4    00000004     (.common:hdl_toggle_led_event_task)
                  200189c8    00000004     (.common:xLEDEventTaskTimer)
                  200189cc    00000004     (.common:xLogStringEventTaskTimer)
                  200189d0    00000004     (.common:xTimer1Start)
                  200189d4    00000004     (.common:xTimer2Start)

.data      0    200189d8    0000023c     UNINITIALIZED
                  200189d8    000000f0     rtsv7M4_T_le_v4SPD16_eabi.lib : defs.c.obj (.data:_ftable)
                  20018ac8    00000078                                   : write.c.obj (.data:_device)
                  20018b40    00000050                                   : write.c.obj (.data:_stream)
                  20018b90    00000034     tasks.obj (.data)
                  20018bc4    00000010     rtsv7M4_T_le_v4SPD16_eabi.lib : defs.c.obj (.data)
                  20018bd4    0000000c                                   : exit.c.obj (.data:$O1$$)
                  20018be0    0000000c                                   : memory.c.obj (.data:$O1$$)
                  20018bec    0000000c     timers.obj (.data)
                  20018bf8    00000008     rtsv7M4_T_le_v4SPD16_eabi.lib : _lock.c.obj (.data:$O1$$)
                  20018c00    00000008     heap_2.obj (.data)
                  20018c08    00000004     main.obj (.data)
                  20018c0c    00000004     port.obj (.data)
                  20018c10    00000004     rtsv7M4_T_le_v4SPD16_eabi.lib : errno.c.obj (.data)

.stack     0    20018c18    00000200     UNINITIALIZED
                  20018c18    00000004     rtsv7M4_T_le_v4SPD16_eabi.lib : boot_cortex_m.c.obj (.stack)
                  20018c1c    000001fc     --HOLE--

.sysmem    0    20018e18    00000008     UNINITIALIZED
                  20018e18    00000008     rtsv7M4_T_le_v4SPD16_eabi.lib : memory.c.obj (.sysmem)

MODULE SUMMARY

       Module                          code    ro data   rw data
       ------                          ----    -------   -------
    ./
       main.obj                        1324    7         36     
       tm4c1294ncpdt_startup_ccs.obj   12      520       0      
    +--+-------------------------------+-------+---------+---------+
       Total:                          1336    527       36     
                                                                
    ./FreeRTOS/
       tasks.obj                       6072    0         260    
       queue.obj                       2768    0         64     
       timers.obj                      1400    0         60     
       list.obj                        298     0         0      
    +--+-------------------------------+-------+---------+---------+
       Total:                          10538   0         384    
                                                                
    ./FreeRTOS/portable/CCS/ARM_CM4F/
       port.obj                        300     4         4      
       portasm.obj                     210     0         0      
    +--+-------------------------------+-------+---------+---------+
       Total:                          510     4         4      
                                                                
    ./FreeRTOS/portable/MemMang/
       heap_2.obj                      436     0         100024 
    +--+-------------------------------+-------+---------+---------+
       Total:                          436     0         100024 
                                                                
    /Users/pavandhareshwar/CCS/ccsv8/tools/compiler/ti-cgt-arm_18.1.1.LTS/lib/rtsv7M4_T_le_v4SPD16_eabi.lib
       _printfi.c.obj                  4863    0         0      
       memory.c.obj                    492     0         12     
       fd_add_t2.asm.obj               438     0         0      
       defs.c.obj                      0       0         416    
       trgmsg.c.obj                    108     0         288    
       fd_div_t2.asm.obj               310     0         0      
       fputs.c.obj                     276     0         0      
       s_scalbn.c.obj                  272     0         0      
       fd_cmp_t2.asm.obj               268     0         0      
       ctype.c.obj                     0       257       0      
       fd_mul_t2.asm.obj               252     0         0      
       write.c.obj                     40      0         200    
       setvbuf.c.obj                   220     0         0      
       memcpy_t2.asm.obj               156     0         0      
       ull_div_t2.asm.obj              150     0         0      
       fputc.c.obj                     140     0         0      
       memset_t2.asm.obj               122     0         0      
       fclose.c.obj                    116     0         0      
       getdevice.c.obj                 116     0         0      
       printf.c.obj                    112     0         0      
       copy_decompress_lzss.c.obj      104     0         0      
       hostlseek.c.obj                 104     0         0      
       hostopen.c.obj                  96      0         8      
       hostrename.c.obj                104     0         0      
       fseek.c.obj                     100     0         0      
       s_frexp.c.obj                   100     0         0      
       _io_perm.c.obj                  98      0         0      
       close.c.obj                     92      0         0      
       exit.c.obj                      76      0         12     
       hostread.c.obj                  88      0         0      
       hostwrite.c.obj                 88      0         0      
       ltoa.c.obj                      84      0         0      
       atoi.c.obj                      76      0         0      
       fflush.c.obj                    76      0         0      
       fd_toi_t2.asm.obj               72      0         0      
       autoinit.c.obj                  68      0         0      
       hostclose.c.obj                 68      0         0      
       hostunlink.c.obj                68      0         0      
       boot_cortex_m.c.obj             56      0         0      
       strncpy.c.obj                   54      0         0      
       fopen.c.obj                     52      0         0      
       i_tofd_t2.asm.obj               46      0         0      
       unlink.c.obj                    44      0         0      
       lseek.c.obj                     40      0         0      
       memchr.c.obj                    32      0         0      
       memccpy.c.obj                   28      0         0      
       strcmp.c.obj                    24      0         0      
       strchr.c.obj                    22      0         0      
       s_copysign.c.obj                20      0         0      
       strcpy.c.obj                    20      0         0      
       strlen.c.obj                    20      0         0      
       wcslen.c.obj                    18      0         0      
       copy_decompress_none.c.obj      14      0         0      
       copy_zero_init.c.obj            12      0         0      
       errno.c.obj                     8       0         4      
       _lock.c.obj                     2       0         8      
       pre_init.c.obj                  4       0         0      
       div0.asm.obj                    2       0         0      
    +--+-------------------------------+-------+---------+---------+
       Total:                          10531   257       948    
                                                                
    /Users/pavandhareshwar/Downloads/TivaWare/SW-TM4C-2.1.4.178/driverlib/ccs/Debug/driverlib.lib
       sysctl.obj                      622     596       0      
       gpio.obj                        384     144       0      
       uart.obj                        20      0         0      
    +--+-------------------------------+-------+---------+---------+
       Total:                          1026    740       0      
                                                                
       Heap:                           0       0         8      
       Stack:                          0       0         512    
       Linker Generated:               0       160       0      
    +--+-------------------------------+-------+---------+---------+
       Grand Total:                    24377   1688      101916 


LINKER GENERATED COPY TABLES

__TI_cinit_table @ 000065d8 records: 2, size/record: 8, table size: 16
	.data: load addr=00006548, load size=0000007c bytes, run addr=200189d8, run size=0000023c bytes, compression=lzss
	.bss: load addr=000065d0, load size=00000008 bytes, run addr=20000000, run size=000189d8 bytes, compression=zero_init


LINKER GENERATED HANDLER TABLE

__TI_handler_table @ 000065c4 records: 3, size/record: 4, table size: 12
	index: 0, handler: __TI_decompress_lzss
	index: 1, handler: __TI_decompress_none
	index: 2, handler: __TI_zero_init


GLOBAL SYMBOLS: SORTED ALPHABETICALLY BY Name 

address   name                             
-------   ----                             
00006151  C$$EXIT                          
00005dff  C$$IO$$                          
000045b3  GPIOPadConfigSet                 
00005b25  GPIOPinConfigure                 
00006139  GPIOPinWrite                     
00005c45  HOSTclose                        
00005559  HOSTlseek                        
00005825  HOSTopen                         
000058e1  HOSTread                         
000055c1  HOSTrename                       
00005c89  HOSTunlink                       
00005939  HOSTwrite                        
00003779  ProcessEvents                    
0000610f  ResetISR                         
00003c05  SysCtlClockFreqSet               
0000613f  SysCtlDelay                      
0000611b  UARTCharPut                      
00003859  UARTHandler                      
00006125  UARTLoopbackEnable               
000037a9  UARTSend                         
00003481  UART_Init                        
200186a0  __CIOBUF_                        
20018e18  __STACK_END                      
00000200  __STACK_SIZE                     
20018e18  __STACK_TOP                      
00000008  __SYSMEM_SIZE                    
000065d8  __TI_CINIT_Base                  
000065e8  __TI_CINIT_Limit                 
000065c4  __TI_Handler_Table_Base          
000065d0  __TI_Handler_Table_Limit         
00005ccd  __TI_auto_init_nobinit_nopinit   
00005eb1  __TI_cleanup                     
20018bd4  __TI_cleanup_ptr                 
00005475  __TI_closefile                   
00005629  __TI_decompress_lzss             
000060f5  __TI_decompress_none             
00005a8d  __TI_doflush                     
20018bd8  __TI_dtors_ptr                   
20018bdc  __TI_enable_exit_profile_output  
20018bc4  __TI_ft_end                      
ffffffff  __TI_pprof_out_hndl              
00002491  __TI_printfi                     
ffffffff  __TI_prof_data_size              
ffffffff  __TI_prof_data_start             
00005ee5  __TI_readmsg                     
00000000  __TI_static_base__               
200187c0  __TI_tmpnams                     
00005dd1  __TI_writemsg                    
000057c1  __TI_wrt_ok                      
00006103  __TI_zero_init                   
00005275  __aeabi_cdcmpeq                  
00005275  __aeabi_cdcmple                  
000052fb  __aeabi_cdrcmple                 
00005bfd  __aeabi_d2iz                     
00003fdf  __aeabi_dadd                     
0000447d  __aeabi_ddiv                     
00004c81  __aeabi_dmul                     
00003fd5  __aeabi_dsub                     
00006131  __aeabi_errno_addr               
00005f49  __aeabi_i2d                      
0000418b  __aeabi_idiv0                    
0000418b  __aeabi_ldiv0                    
00005381  __aeabi_memclr                   
00005381  __aeabi_memclr4                  
00005381  __aeabi_memclr8                  
000050b7  __aeabi_memcpy                   
000050b7  __aeabi_memcpy4                  
000050b7  __aeabi_memcpy8                  
00005383  __aeabi_memset                   
00005383  __aeabi_memset4                  
00005383  __aeabi_memset8                  
20018bd0  __aeabi_stderr                   
20018bc8  __aeabi_stdin                    
20018bcc  __aeabi_stdout                   
00005153  __aeabi_uldivmod                 
ffffffff  __binit__                        
ffffffff  __c_args__                       
UNDEFED   __mpu_init                       
20018c18  __stack                          
00005e09  _c_int00_noargs                  
00006304  _ctypes_                         
20018ac8  _device                          
200189d8  _ftable                          
20018bf8  _lock                            
00002eef  _nop                             
20018b40  _stream                          
20018e18  _sys_memory                      
UNDEFED   _system_post_cinit               
0000614d  _system_pre_init                 
20018bfc  _unlock                          
00006151  abort                            
00005ad9  atoi                             
ffffffff  binit                            
00005885  close                            
000060a7  copysign                         
000060a7  copysignl                        
000034f1  createQueueAndTasks              
00003531  createTasks                      
0000057d  eTaskGetState                    
20018c10  errno                            
00005bb5  exit                             
00005f19  finddevice                       
000051e9  fputc                            
00004a5d  fputs                            
00004e59  free                             
000056f9  frexp                            
000056f9  frexpl                           
0000575d  fseek                            
00000000  g_pfnVectors                     
00005d11  getdevice                        
200189b8  gui32_sys_clock_rate             
200189bc  hdl_log_str_event_task           
200189c0  hdl_sig_handler_task             
200189c4  hdl_toggle_led_event_task        
00004b71  ldexp                            
00004b71  ldexpl                           
00005fa5  lseek                            
000059e7  ltoa                             
00003469  main                             
000053fd  malloc                           
0000605d  memccpy                          
0000603d  memchr                           
000050b7  memcpy                           
00005389  memset                           
00005e41  minit                            
200189b0  parmbuf                          
000023a9  pcQueueGetName                   
00000b43  pcTaskGetName                    
0000302b  pcTimerGetName                   
00005691  printf                           
0000374d  prvProcessLogStringEvent         
00003719  prvProcessToggleLedEvent         
000051e9  putc                             
0000418d  pvPortMalloc                     
000014cf  pvTaskIncrementMutexHeldCount    
00003419  pvTimerGetTimerID                
20018b90  pxCurrentTCB                     
000046e5  pxPortInitialiseStack            
00005f79  remove                           
00004b71  scalbn                           
00004b71  scalbnl                          
00004d7d  setvbuf                          
00006091  strchr                           
00006079  strcmp                           
000060bb  strcpy                           
000060cf  strlen                           
00005e79  strncpy                          
00002129  ucQueueGetQueueType              
00006544  ulMaxSyscallInterruptPriority    
00004f41  ulPortGetIPSR                    
000014e7  ulTaskNotifyTake                 
00005f79  unlink                           
000048f3  uxListRemove                     
00002109  uxQueueGetQueueNumber            
000020ab  uxQueueMessagesWaiting           
000020e1  uxQueueMessagesWaitingFromISR    
000020c1  uxQueueSpacesAvailable           
00000b3d  uxTaskGetNumberOfTasks           
00000b69  uxTaskGetSystemState             
00001011  uxTaskGetTaskNumber              
00000611  uxTaskPriorityGet                
00000641  uxTaskPriorityGetFromISR         
000014ad  uxTaskResetEventItemValue        
00003577  vLEDEventTaskTimerCbFunc         
00004811  vListInitialise                  
00004841  vListInitialiseItem              
0000488d  vListInsert                      
00004851  vListInsertEnd                   
0000368d  vLogStringEventProdTask          
00003593  vLogStringEventTaskTimerCbFunc   
00004ff5  vPortEnableVFP                   
00004785  vPortEndScheduler                
00004787  vPortEnterCritical               
000047a7  vPortExitCritical                
00004283  vPortFree                        
000042e7  vPortInitialiseBlocks            
00004fb9  vPortSVCHandler                  
000047e3  vPortSetupTimerInterrupt         
00004fd9  vPortStartFirstTask              
00002367  vQueueAddToRegistry              
000020f3  vQueueDelete                     
00002117  vQueueSetQueueNumber             
000023e9  vQueueUnregisterQueue            
0000242d  vQueueWaitForMessageRestricted   
000036df  vSignalHandlerTask               
00000541  vTaskDelay                       
000004b1  vTaskDelayUntil                  
00000403  vTaskDelete                      
00000a01  vTaskEndScheduler                
00001125  vTaskGetInfo                     
00000fff  vTaskMissedYield                 
00001813  vTaskNotifyGiveFromISR           
00000ded  vTaskPlaceOnEventList            
00000e33  vTaskPlaceOnEventListRestricted  
00000e09  vTaskPlaceOnUnorderedEventList   
0000134d  vTaskPriorityInherit             
0000068d  vTaskPrioritySet                 
000008a1  vTaskResume                      
00001031  vTaskSetTaskNumber               
00000f61  vTaskSetTimeOutState             
000009a9  vTaskStartScheduler              
000007a1  vTaskSuspend                     
00000a1d  vTaskSuspendAll                  
00000d85  vTaskSwitchContext               
00003433  vTimerSetTimerID                 
000035eb  vToggleLEDEventProdTask          
000060e3  wcslen                           
00005ff5  write                            
200189c8  xLEDEventTaskTimer               
200189cc  xLogStringEventTaskTimer         
000042e1  xPortGetFreeHeapSize             
00004f59  xPortPendSVHandler               
0000474f  xPortStartScheduler              
000047bd  xPortSysTickHandler              
20018c08  xQueue                           
00001bc9  xQueueCreateCountingSemaphore    
00001b19  xQueueCreateMutex                
00001a5f  xQueueGenericCreate              
00001e41  xQueueGenericReceive             
000019c1  xQueueGenericReset               
00001be9  xQueueGenericSend                
00001d15  xQueueGenericSendFromISR         
00001daf  xQueueGiveFromISR                
00001b45  xQueueGiveMutexRecursive         
00002303  xQueueIsQueueEmptyFromISR        
00002345  xQueueIsQueueFullFromISR         
00002059  xQueuePeekFromISR                
00001fc1  xQueueReceiveFromISR             
200188c4  xQueueRegistry                   
00001b81  xQueueTakeMutexRecursive         
00000f85  xTaskCheckForTimeOut             
00000209  xTaskCreate                      
0000161d  xTaskGenericNotify               
00001709  xTaskGenericNotifyFromISR        
000012e7  xTaskGetCurrentTaskHandle        
00001301  xTaskGetSchedulerState           
00000b19  xTaskGetTickCount                
00000b29  xTaskGetTickCountFromISR         
00000c5d  xTaskIncrementTick               
000018c1  xTaskNotifyStateClear            
0000156d  xTaskNotifyWait                  
0000140f  xTaskPriorityDisinherit          
00000e6d  xTaskRemoveFromEventList         
00000eed  xTaskRemoveFromUnorderedEventList
00000a35  xTaskResumeAll                   
0000091b  xTaskResumeFromISR               
200189d0  xTimer1Start                     
200189d4  xTimer2Start                     
00002f1d  xTimerCreate                     
00002ef1  xTimerCreateTimerTask            
00002f91  xTimerGenericCommand             
00003015  xTimerGetExpiryTime              
00003003  xTimerGetPeriod                  
00002ffd  xTimerGetTimerDaemonTaskHandle   
000033ed  xTimerIsTimerActive              


GLOBAL SYMBOLS: SORTED BY Symbol Address 

address   name                             
-------   ----                             
00000000  __TI_static_base__               
00000000  g_pfnVectors                     
00000008  __SYSMEM_SIZE                    
00000200  __STACK_SIZE                     
00000209  xTaskCreate                      
00000403  vTaskDelete                      
000004b1  vTaskDelayUntil                  
00000541  vTaskDelay                       
0000057d  eTaskGetState                    
00000611  uxTaskPriorityGet                
00000641  uxTaskPriorityGetFromISR         
0000068d  vTaskPrioritySet                 
000007a1  vTaskSuspend                     
000008a1  vTaskResume                      
0000091b  xTaskResumeFromISR               
000009a9  vTaskStartScheduler              
00000a01  vTaskEndScheduler                
00000a1d  vTaskSuspendAll                  
00000a35  xTaskResumeAll                   
00000b19  xTaskGetTickCount                
00000b29  xTaskGetTickCountFromISR         
00000b3d  uxTaskGetNumberOfTasks           
00000b43  pcTaskGetName                    
00000b69  uxTaskGetSystemState             
00000c5d  xTaskIncrementTick               
00000d85  vTaskSwitchContext               
00000ded  vTaskPlaceOnEventList            
00000e09  vTaskPlaceOnUnorderedEventList   
00000e33  vTaskPlaceOnEventListRestricted  
00000e6d  xTaskRemoveFromEventList         
00000eed  xTaskRemoveFromUnorderedEventList
00000f61  vTaskSetTimeOutState             
00000f85  xTaskCheckForTimeOut             
00000fff  vTaskMissedYield                 
00001011  uxTaskGetTaskNumber              
00001031  vTaskSetTaskNumber               
00001125  vTaskGetInfo                     
000012e7  xTaskGetCurrentTaskHandle        
00001301  xTaskGetSchedulerState           
0000134d  vTaskPriorityInherit             
0000140f  xTaskPriorityDisinherit          
000014ad  uxTaskResetEventItemValue        
000014cf  pvTaskIncrementMutexHeldCount    
000014e7  ulTaskNotifyTake                 
0000156d  xTaskNotifyWait                  
0000161d  xTaskGenericNotify               
00001709  xTaskGenericNotifyFromISR        
00001813  vTaskNotifyGiveFromISR           
000018c1  xTaskNotifyStateClear            
000019c1  xQueueGenericReset               
00001a5f  xQueueGenericCreate              
00001b19  xQueueCreateMutex                
00001b45  xQueueGiveMutexRecursive         
00001b81  xQueueTakeMutexRecursive         
00001bc9  xQueueCreateCountingSemaphore    
00001be9  xQueueGenericSend                
00001d15  xQueueGenericSendFromISR         
00001daf  xQueueGiveFromISR                
00001e41  xQueueGenericReceive             
00001fc1  xQueueReceiveFromISR             
00002059  xQueuePeekFromISR                
000020ab  uxQueueMessagesWaiting           
000020c1  uxQueueSpacesAvailable           
000020e1  uxQueueMessagesWaitingFromISR    
000020f3  vQueueDelete                     
00002109  uxQueueGetQueueNumber            
00002117  vQueueSetQueueNumber             
00002129  ucQueueGetQueueType              
00002303  xQueueIsQueueEmptyFromISR        
00002345  xQueueIsQueueFullFromISR         
00002367  vQueueAddToRegistry              
000023a9  pcQueueGetName                   
000023e9  vQueueUnregisterQueue            
0000242d  vQueueWaitForMessageRestricted   
00002491  __TI_printfi                     
00002eef  _nop                             
00002ef1  xTimerCreateTimerTask            
00002f1d  xTimerCreate                     
00002f91  xTimerGenericCommand             
00002ffd  xTimerGetTimerDaemonTaskHandle   
00003003  xTimerGetPeriod                  
00003015  xTimerGetExpiryTime              
0000302b  pcTimerGetName                   
000033ed  xTimerIsTimerActive              
00003419  pvTimerGetTimerID                
00003433  vTimerSetTimerID                 
00003469  main                             
00003481  UART_Init                        
000034f1  createQueueAndTasks              
00003531  createTasks                      
00003577  vLEDEventTaskTimerCbFunc         
00003593  vLogStringEventTaskTimerCbFunc   
000035eb  vToggleLEDEventProdTask          
0000368d  vLogStringEventProdTask          
000036df  vSignalHandlerTask               
00003719  prvProcessToggleLedEvent         
0000374d  prvProcessLogStringEvent         
00003779  ProcessEvents                    
000037a9  UARTSend                         
00003859  UARTHandler                      
00003c05  SysCtlClockFreqSet               
00003fd5  __aeabi_dsub                     
00003fdf  __aeabi_dadd                     
0000418b  __aeabi_idiv0                    
0000418b  __aeabi_ldiv0                    
0000418d  pvPortMalloc                     
00004283  vPortFree                        
000042e1  xPortGetFreeHeapSize             
000042e7  vPortInitialiseBlocks            
0000447d  __aeabi_ddiv                     
000045b3  GPIOPadConfigSet                 
000046e5  pxPortInitialiseStack            
0000474f  xPortStartScheduler              
00004785  vPortEndScheduler                
00004787  vPortEnterCritical               
000047a7  vPortExitCritical                
000047bd  xPortSysTickHandler              
000047e3  vPortSetupTimerInterrupt         
00004811  vListInitialise                  
00004841  vListInitialiseItem              
00004851  vListInsertEnd                   
0000488d  vListInsert                      
000048f3  uxListRemove                     
00004a5d  fputs                            
00004b71  ldexp                            
00004b71  ldexpl                           
00004b71  scalbn                           
00004b71  scalbnl                          
00004c81  __aeabi_dmul                     
00004d7d  setvbuf                          
00004e59  free                             
00004f41  ulPortGetIPSR                    
00004f59  xPortPendSVHandler               
00004fb9  vPortSVCHandler                  
00004fd9  vPortStartFirstTask              
00004ff5  vPortEnableVFP                   
000050b7  __aeabi_memcpy                   
000050b7  __aeabi_memcpy4                  
000050b7  __aeabi_memcpy8                  
000050b7  memcpy                           
00005153  __aeabi_uldivmod                 
000051e9  fputc                            
000051e9  putc                             
00005275  __aeabi_cdcmpeq                  
00005275  __aeabi_cdcmple                  
000052fb  __aeabi_cdrcmple                 
00005381  __aeabi_memclr                   
00005381  __aeabi_memclr4                  
00005381  __aeabi_memclr8                  
00005383  __aeabi_memset                   
00005383  __aeabi_memset4                  
00005383  __aeabi_memset8                  
00005389  memset                           
000053fd  malloc                           
00005475  __TI_closefile                   
00005559  HOSTlseek                        
000055c1  HOSTrename                       
00005629  __TI_decompress_lzss             
00005691  printf                           
000056f9  frexp                            
000056f9  frexpl                           
0000575d  fseek                            
000057c1  __TI_wrt_ok                      
00005825  HOSTopen                         
00005885  close                            
000058e1  HOSTread                         
00005939  HOSTwrite                        
000059e7  ltoa                             
00005a8d  __TI_doflush                     
00005ad9  atoi                             
00005b25  GPIOPinConfigure                 
00005bb5  exit                             
00005bfd  __aeabi_d2iz                     
00005c45  HOSTclose                        
00005c89  HOSTunlink                       
00005ccd  __TI_auto_init_nobinit_nopinit   
00005d11  getdevice                        
00005dd1  __TI_writemsg                    
00005dff  C$$IO$$                          
00005e09  _c_int00_noargs                  
00005e41  minit                            
00005e79  strncpy                          
00005eb1  __TI_cleanup                     
00005ee5  __TI_readmsg                     
00005f19  finddevice                       
00005f49  __aeabi_i2d                      
00005f79  remove                           
00005f79  unlink                           
00005fa5  lseek                            
00005ff5  write                            
0000603d  memchr                           
0000605d  memccpy                          
00006079  strcmp                           
00006091  strchr                           
000060a7  copysign                         
000060a7  copysignl                        
000060bb  strcpy                           
000060cf  strlen                           
000060e3  wcslen                           
000060f5  __TI_decompress_none             
00006103  __TI_zero_init                   
0000610f  ResetISR                         
0000611b  UARTCharPut                      
00006125  UARTLoopbackEnable               
00006131  __aeabi_errno_addr               
00006139  GPIOPinWrite                     
0000613f  SysCtlDelay                      
0000614d  _system_pre_init                 
00006151  C$$EXIT                          
00006151  abort                            
00006304  _ctypes_                         
00006544  ulMaxSyscallInterruptPriority    
000065c4  __TI_Handler_Table_Base          
000065d0  __TI_Handler_Table_Limit         
000065d8  __TI_CINIT_Base                  
000065e8  __TI_CINIT_Limit                 
200186a0  __CIOBUF_                        
200187c0  __TI_tmpnams                     
200188c4  xQueueRegistry                   
200189b0  parmbuf                          
200189b8  gui32_sys_clock_rate             
200189bc  hdl_log_str_event_task           
200189c0  hdl_sig_handler_task             
200189c4  hdl_toggle_led_event_task        
200189c8  xLEDEventTaskTimer               
200189cc  xLogStringEventTaskTimer         
200189d0  xTimer1Start                     
200189d4  xTimer2Start                     
200189d8  _ftable                          
20018ac8  _device                          
20018b40  _stream                          
20018b90  pxCurrentTCB                     
20018bc4  __TI_ft_end                      
20018bc8  __aeabi_stdin                    
20018bcc  __aeabi_stdout                   
20018bd0  __aeabi_stderr                   
20018bd4  __TI_cleanup_ptr                 
20018bd8  __TI_dtors_ptr                   
20018bdc  __TI_enable_exit_profile_output  
20018bf8  _lock                            
20018bfc  _unlock                          
20018c08  xQueue                           
20018c10  errno                            
20018c18  __stack                          
20018e18  __STACK_END                      
20018e18  __STACK_TOP                      
20018e18  _sys_memory                      
ffffffff  __TI_pprof_out_hndl              
ffffffff  __TI_prof_data_size              
ffffffff  __TI_prof_data_start             
ffffffff  __binit__                        
ffffffff  __c_args__                       
ffffffff  binit                            
UNDEFED   __mpu_init                       
UNDEFED   _system_post_cinit               

[255 symbols]
