******************************************************************************
                  TI ARM Linker Unix v18.1.1                   
******************************************************************************
>> Linked Sun Apr  8 16:04:40 2018

OUTPUT FILE NAME:   <freeRTOSTest3Tasks.out>
ENTRY POINT SYMBOL: "_c_int00_noargs"  address: 000055c9


MEMORY CONFIGURATION

         name            origin    length      used     unused   attr    fill
----------------------  --------  ---------  --------  --------  ----  --------
  FLASH                 00000000   00100000  00005b64  000fa49c  R  X
  SRAM                  20000000   00040000  00018a6c  00027594  RW X


SEGMENT ALLOCATION MAP

run origin  load origin   length   init length attrs members
----------  ----------- ---------- ----------- ----- -------
00000000    00000000    00005b68   00005b68    r-x
  00000000    00000000    00000208   00000208    r-- .intvecs
  00000208    00000208    00005538   00005538    r-x .text
  00005740    00005740    000003ec   000003ec    r-- .const
  00005b30    00005b30    00000038   00000038    r-- .cinit
20000000    20000000    00018a70   00000000    rw-
  20000000    20000000    00018814   00000000    rw- .bss
  20018818    20018818    00000200   00000000    rw- .stack
  20018a18    20018a18    00000058   00000000    rw- .data


SECTION ALLOCATION MAP

 output                                  attributes/
section   page    origin      length       input sections
--------  ----  ----------  ----------   ----------------
.intvecs   0    00000000    00000208     
                  00000000    00000208     tm4c1294ncpdt_startup_ccs.obj (.intvecs)

.text      0    00000208    00005538     
                  00000208    000017b8     tasks.obj (.text)
                  000019c0    00000ad0     queue.obj (.text)
                  00002490    00000a5e     rtsv7M4_T_le_v4SPD16_eabi.lib : _printfi.c.obj (.text:__TI_printfi)
                  00002eee    00000002                                   : div0.asm.obj (.text)
                  00002ef0    00000630     main.obj (.text)
                  00003520    00000578     timers.obj (.text)
                  00003a98    00000270     rtsv7M4_T_le_v4SPD16_eabi.lib : _printfi.c.obj (.text:_pconv_a)
                  00003d08    00000200     driverlib.lib : sysctl.obj (.text:SysCtlClockFreqSet)
                  00003f08    000001d0     rtsv7M4_T_le_v4SPD16_eabi.lib : _printfi.c.obj (.text:_pconv_g)
                  000040d8    000001b6                                   : fd_add_t2.asm.obj (.text)
                  0000428e    00000002     --HOLE-- [fill = 0]
                  00004290    000001b4     heap_2.obj (.text)
                  00004444    0000013c     rtsv7M4_T_le_v4SPD16_eabi.lib : _printfi.c.obj (.text:_pconv_e)
                  00004580    00000136                                   : fd_div_t2.asm.obj (.text)
                  000046b6    00000132     driverlib.lib : gpio.obj (.text:GPIOPadConfigSet)
                  000047e8    0000012c     port.obj (.text)
                  00004914    0000012a     list.obj (.text)
                  00004a3e    00000002     --HOLE-- [fill = 0]
                  00004a40    00000120     rtsv7M4_T_le_v4SPD16_eabi.lib : _printfi.c.obj (.text:fcvt)
                  00004b60    00000110                                   : s_scalbn.c.obj (.text:scalbn)
                  00004c70    000000fc                                   : fd_mul_t2.asm.obj (.text)
                  00004d6c    000000d2     portasm.obj (.text)
                  00004e3e    00000002     --HOLE-- [fill = 0]
                  00004e40    000000b1     rtsv7M4_T_le_v4SPD16_eabi.lib : _printfi.c.obj (.text:_ltostr)
                  00004ef1    00000001     --HOLE-- [fill = 0]
                  00004ef2    0000009c                                   : memcpy_t2.asm.obj (.text)
                  00004f8e    00000096                                   : ull_div_t2.asm.obj (.text)
                  00005024    00000086                                   : fd_cmp_t2.asm.obj (.text:__aeabi_cdcmple)
                  000050aa    00000086                                   : fd_cmp_t2.asm.obj (.text:__aeabi_cdrcmple)
                  00005130    0000007a                                   : memset_t2.asm.obj (.text)
                  000051aa    0000006e                                   : _printfi.c.obj (.text:_mcpy)
                  00005218    00000068                                   : copy_decompress_lzss.c.obj (.text:decompress:lzss:__TI_decompress_lzss)
                  00005280    00000064                                   : s_frexp.c.obj (.text:frexp)
                  000052e4    00000056                                   : _printfi.c.obj (.text:_pconv_f)
                  0000533a    00000054                                   : ltoa.c.obj (.text:ltoa)
                  0000538e    00000052                                   : _printfi.c.obj (.text:_ecpy)
                  000053e0    0000004c                                   : atoi.c.obj (.text:atoi)
                  0000542c    00000048     driverlib.lib : gpio.obj (.text:GPIOPinConfigure)
                  00005474    00000048                   : sysctl.obj (.text:_SysCtlFrequencyGet)
                  000054bc    00000048     rtsv7M4_T_le_v4SPD16_eabi.lib : fd_toi_t2.asm.obj (.text)
                  00005504    00000044                                   : autoinit.c.obj (.text:__TI_auto_init_nobinit_nopinit:__TI_auto_init_nobinit_nopinit)
                  00005548    00000040                                   : sprintf.c.obj (.text:sprintf)
                  00005588    0000003e                                   : _printfi.c.obj (.text:_fcpy)
                  000055c6    00000002     --HOLE-- [fill = 0]
                  000055c8    00000038                                   : boot_cortex_m.c.obj (.text:_c_int00_noargs:_c_int00_noargs)
                  00005600    0000002e                                   : i_tofd_t2.asm.obj (.text)
                  0000562e    00000002     --HOLE-- [fill = 0]
                  00005630    00000020     driverlib.lib : sysctl.obj (.text:_SysCtlMemTimingGet)
                  00005650    0000001c     rtsv7M4_T_le_v4SPD16_eabi.lib : memccpy.c.obj (.text:memccpy)
                  0000566c    00000018                                   : sprintf.c.obj (.text:_outs)
                  00005684    00000016                                   : strchr.c.obj (.text:strchr)
                  0000569a    00000014                                   : s_copysign.c.obj (.text:copysign)
                  000056ae    00000014                                   : strcpy.c.obj (.text:strcpy)
                  000056c2    00000014                                   : strlen.c.obj (.text:strlen)
                  000056d6    00000012                                   : wcslen.c.obj (.text:wcslen)
                  000056e8    0000000e                                   : copy_decompress_none.c.obj (.text:decompress:none:__TI_decompress_none)
                  000056f6    0000000c                                   : copy_zero_init.c.obj (.text:decompress:ZI:__TI_zero_init)
                  00005702    0000000c     tm4c1294ncpdt_startup_ccs.obj (.text)
                  0000570e    0000000a     driverlib.lib : uart.obj (.text:UARTCharPut)
                  00005718    0000000a     rtsv7M4_T_le_v4SPD16_eabi.lib : sprintf.c.obj (.text:_outc)
                  00005722    00000002     --HOLE-- [fill = 0]
                  00005724    00000008                                   : errno.c.obj (.text:__aeabi_errno_addr)
                  0000572c    00000006     driverlib.lib : gpio.obj (.text:GPIOPinWrite)
                  00005732    00000006                   : sysctl.obj (.text:SysCtlDelay)
                  00005738    00000004     rtsv7M4_T_le_v4SPD16_eabi.lib : pre_init.c.obj (.text:_system_pre_init)
                  0000573c    00000004                                   : exit.c.obj (.text:abort:abort)

.const     0    00005740    000003ec     
                  00005740    000001b0     driverlib.lib : sysctl.obj (.const:g_pppui32XTALtoVCO)
                  000058f0    00000101     rtsv7M4_T_le_v4SPD16_eabi.lib : ctype.c.obj (.const:.string:_ctypes_)
                  000059f1    00000003     --HOLE-- [fill = 0]
                  000059f4    00000090     driverlib.lib : gpio.obj (.const:g_pui32GPIOBaseAddrs)
                  00005a84    0000006c                   : sysctl.obj (.const:g_pui32Xtals)
                  00005af0    00000030                   : sysctl.obj (.const:g_sXTALtoMEMTIM)
                  00005b20    00000008                   : sysctl.obj (.const)
                  00005b28    00000004     port.obj (.const)

.cinit     0    00005b30    00000038     
                  00005b30    00000013     (.cinit..data.load) [load image, compression = lzss]
                  00005b43    00000001     --HOLE-- [fill = 0]
                  00005b44    0000000c     (__TI_handler_table)
                  00005b50    00000008     (.cinit..bss.load) [load image, compression = zero_init]
                  00005b58    00000010     (__TI_cinit_table)

.init_array 
*          0    00000000    00000000     UNINITIALIZED

.bss       0    20000000    00018814     UNINITIALIZED
                  20000000    000186a0     heap_2.obj (.bss:ucHeap)
                  200186a0    00000064     tasks.obj (.bss:pxReadyTasksLists)
                  20018704    00000040     (.common:xQueueRegistry)
                  20018744    00000014     timers.obj (.bss:xActiveTimerList1)
                  20018758    00000014     timers.obj (.bss:xActiveTimerList2)
                  2001876c    00000014     tasks.obj (.bss:xDelayedTaskList1)
                  20018780    00000014     tasks.obj (.bss:xDelayedTaskList2)
                  20018794    00000014     tasks.obj (.bss:xPendingReadyList)
                  200187a8    00000014     tasks.obj (.bss:xSuspendedTaskList)
                  200187bc    00000014     tasks.obj (.bss:xTasksWaitingTermination)
                  200187d0    00000008     tasks.obj (.bss)
                  200187d8    00000008     timers.obj (.bss)
                  200187e0    00000008     heap_2.obj (.bss:xEnd)
                  200187e8    00000008     heap_2.obj (.bss:xStart)
                  200187f0    00000004     (.common:gui32_led_status)
                  200187f4    00000004     (.common:gui32_sys_clock_rate)
                  200187f8    00000004     (.common:hdl_log_str_event_task)
                  200187fc    00000004     (.common:hdl_sig_handler_task)
                  20018800    00000004     (.common:hdl_toggle_led_event_task)
                  20018804    00000004     (.common:xLEDEventTaskTimer)
                  20018808    00000004     (.common:xLogStringEventTaskTimer)
                  2001880c    00000004     (.common:xTimer1Start)
                  20018810    00000004     (.common:xTimer2Start)

.data      0    20018a18    00000058     UNINITIALIZED
                  20018a18    00000034     tasks.obj (.data)
                  20018a4c    0000000c     timers.obj (.data)
                  20018a58    00000008     heap_2.obj (.data)
                  20018a60    00000008     main.obj (.data)
                  20018a68    00000004     port.obj (.data)
                  20018a6c    00000004     rtsv7M4_T_le_v4SPD16_eabi.lib : errno.c.obj (.data)

.stack     0    20018818    00000200     UNINITIALIZED
                  20018818    00000004     rtsv7M4_T_le_v4SPD16_eabi.lib : boot_cortex_m.c.obj (.stack)
                  2001881c    000001fc     --HOLE--

MODULE SUMMARY

       Module                          code    ro data   rw data
       ------                          ----    -------   -------
    ./
       main.obj                        1584    0         44     
       tm4c1294ncpdt_startup_ccs.obj   12      520       0      
    +--+-------------------------------+-------+---------+---------+
       Total:                          1596    520       44     
                                                                
    ./FreeRTOS/
       tasks.obj                       6072    0         260    
       queue.obj                       2768    0         64     
       timers.obj                      1400    0         60     
       list.obj                        298     0         0      
    +--+-------------------------------+-------+---------+---------+
       Total:                          10538   0         384    
                                                                
    ./FreeRTOS/portable/CCS/ARM_CM4F/
       port.obj                        300     4         4      
       portasm.obj                     210     0         0      
    +--+-------------------------------+-------+---------+---------+
       Total:                          510     4         4      
                                                                
    ./FreeRTOS/portable/MemMang/
       heap_2.obj                      436     0         100024 
    +--+-------------------------------+-------+---------+---------+
       Total:                          436     0         100024 
                                                                
    /Users/pavandhareshwar/CCS/ccsv8/tools/compiler/ti-cgt-arm_18.1.1.LTS/lib/rtsv7M4_T_le_v4SPD16_eabi.lib
       _printfi.c.obj                  4863    0         0      
       fd_add_t2.asm.obj               438     0         0      
       fd_div_t2.asm.obj               310     0         0      
       s_scalbn.c.obj                  272     0         0      
       fd_cmp_t2.asm.obj               268     0         0      
       ctype.c.obj                     0       257       0      
       fd_mul_t2.asm.obj               252     0         0      
       memcpy_t2.asm.obj               156     0         0      
       ull_div_t2.asm.obj              150     0         0      
       memset_t2.asm.obj               122     0         0      
       copy_decompress_lzss.c.obj      104     0         0      
       s_frexp.c.obj                   100     0         0      
       sprintf.c.obj                   98      0         0      
       ltoa.c.obj                      84      0         0      
       atoi.c.obj                      76      0         0      
       fd_toi_t2.asm.obj               72      0         0      
       autoinit.c.obj                  68      0         0      
       boot_cortex_m.c.obj             56      0         0      
       i_tofd_t2.asm.obj               46      0         0      
       memccpy.c.obj                   28      0         0      
       strchr.c.obj                    22      0         0      
       s_copysign.c.obj                20      0         0      
       strcpy.c.obj                    20      0         0      
       strlen.c.obj                    20      0         0      
       wcslen.c.obj                    18      0         0      
       copy_decompress_none.c.obj      14      0         0      
       copy_zero_init.c.obj            12      0         0      
       errno.c.obj                     8       0         4      
       exit.c.obj                      4       0         0      
       pre_init.c.obj                  4       0         0      
       div0.asm.obj                    2       0         0      
    +--+-------------------------------+-------+---------+---------+
       Total:                          7707    257       4      
                                                                
    /Users/pavandhareshwar/Downloads/TivaWare/SW-TM4C-2.1.4.178/driverlib/ccs/Debug/driverlib.lib
       sysctl.obj                      622     596       0      
       gpio.obj                        384     144       0      
       uart.obj                        10      0         0      
    +--+-------------------------------+-------+---------+---------+
       Total:                          1016    740       0      
                                                                
       Stack:                          0       0         512    
       Linker Generated:               0       55        0      
    +--+-------------------------------+-------+---------+---------+
       Grand Total:                    21803   1576      100972 


LINKER GENERATED COPY TABLES

__TI_cinit_table @ 00005b58 records: 2, size/record: 8, table size: 16
	.data: load addr=00005b30, load size=00000013 bytes, run addr=20018a18, run size=00000058 bytes, compression=lzss
	.bss: load addr=00005b50, load size=00000008 bytes, run addr=20000000, run size=00018814 bytes, compression=zero_init


LINKER GENERATED HANDLER TABLE

__TI_handler_table @ 00005b44 records: 3, size/record: 4, table size: 12
	index: 0, handler: __TI_decompress_lzss
	index: 1, handler: __TI_decompress_none
	index: 2, handler: __TI_zero_init


GLOBAL SYMBOLS: SORTED ALPHABETICALLY BY Name 

address   name                             
-------   ----                             
0000573d  C$$EXIT                          
000046b7  GPIOPadConfigSet                 
0000542d  GPIOPinConfigure                 
0000572d  GPIOPinWrite                     
00003351  ProcessEvents                    
00005703  ResetISR                         
00003d09  SysCtlClockFreqSet               
00005733  SysCtlDelay                      
0000570f  UARTCharPut                      
00003385  UARTSend                         
00002f0f  UART_Init                        
20018a18  __STACK_END                      
00000200  __STACK_SIZE                     
20018a18  __STACK_TOP                      
00005b58  __TI_CINIT_Base                  
00005b68  __TI_CINIT_Limit                 
00005b44  __TI_Handler_Table_Base          
00005b50  __TI_Handler_Table_Limit         
00005505  __TI_auto_init_nobinit_nopinit   
00005219  __TI_decompress_lzss             
000056e9  __TI_decompress_none             
ffffffff  __TI_pprof_out_hndl              
00002491  __TI_printfi                     
ffffffff  __TI_prof_data_size              
ffffffff  __TI_prof_data_start             
00000000  __TI_static_base__               
000056f7  __TI_zero_init                   
00005025  __aeabi_cdcmpeq                  
00005025  __aeabi_cdcmple                  
000050ab  __aeabi_cdrcmple                 
000054bd  __aeabi_d2iz                     
000040e3  __aeabi_dadd                     
00004581  __aeabi_ddiv                     
00004c71  __aeabi_dmul                     
000040d9  __aeabi_dsub                     
00005725  __aeabi_errno_addr               
00005601  __aeabi_i2d                      
00002eef  __aeabi_idiv0                    
00002eef  __aeabi_ldiv0                    
00005131  __aeabi_memclr                   
00005131  __aeabi_memclr4                  
00005131  __aeabi_memclr8                  
00004ef3  __aeabi_memcpy                   
00004ef3  __aeabi_memcpy4                  
00004ef3  __aeabi_memcpy8                  
00005133  __aeabi_memset                   
00005133  __aeabi_memset4                  
00005133  __aeabi_memset8                  
00004f8f  __aeabi_uldivmod                 
ffffffff  __binit__                        
ffffffff  __c_args__                       
UNDEFED   __mpu_init                       
20018818  __stack                          
000055c9  _c_int00_noargs                  
000058f0  _ctypes_                         
UNDEFED   _system_post_cinit               
00005739  _system_pre_init                 
0000573d  abort                            
000053e1  atoi                             
ffffffff  binit                            
0000569b  copysign                         
0000569b  copysignl                        
00002f69  createQueueAndTasks              
00002fc9  createTasks                      
0000057d  eTaskGetState                    
20018a6c  errno                            
00005281  frexp                            
00005281  frexpl                           
00000000  g_pfnVectors                     
200187f0  gui32_led_status                 
200187f4  gui32_sys_clock_rate             
200187f8  hdl_log_str_event_task           
200187fc  hdl_sig_handler_task             
20018800  hdl_toggle_led_event_task        
00004b61  ldexp                            
00004b61  ldexpl                           
0000533b  ltoa                             
00002ef1  main                             
00005651  memccpy                          
00004ef3  memcpy                           
00005139  memset                           
000023a9  pcQueueGetName                   
00000b43  pcTaskGetName                    
0000365b  pcTimerGetName                   
00003301  prvProcessLogStringEvent         
00003265  prvProcessToggleLedEvent         
00004291  pvPortMalloc                     
000014cf  pvTaskIncrementMutexHeldCount    
00003a49  pvTimerGetTimerID                
20018a18  pxCurrentTCB                     
000047e9  pxPortInitialiseStack            
00004b61  scalbn                           
00004b61  scalbnl                          
00005549  sprintf                          
00005685  strchr                           
000056af  strcpy                           
000056c3  strlen                           
00002129  ucQueueGetQueueType              
00005b28  ulMaxSyscallInterruptPriority    
00004d7d  ulPortGetIPSR                    
000014e7  ulTaskNotifyTake                 
000049f7  uxListRemove                     
00002109  uxQueueGetQueueNumber            
000020ab  uxQueueMessagesWaiting           
000020e1  uxQueueMessagesWaitingFromISR    
000020c1  uxQueueSpacesAvailable           
00000b3d  uxTaskGetNumberOfTasks           
00000b69  uxTaskGetSystemState             
00001011  uxTaskGetTaskNumber              
00000611  uxTaskPriorityGet                
00000641  uxTaskPriorityGetFromISR         
000014ad  uxTaskResetEventItemValue        
0000300f  vLEDEventTaskTimerCbFunc         
00004915  vListInitialise                  
00004945  vListInitialiseItem              
00004991  vListInsert                      
00004955  vListInsertEnd                   
00003185  vLogStringEventProdTask          
00003023  vLogStringEventTaskTimerCbFunc   
00004e31  vPortEnableVFP                   
00004889  vPortEndScheduler                
0000488b  vPortEnterCritical               
000048ab  vPortExitCritical                
00004387  vPortFree                        
000043eb  vPortInitialiseBlocks            
00004df5  vPortSVCHandler                  
000048e7  vPortSetupTimerInterrupt         
00004e15  vPortStartFirstTask              
00002367  vQueueAddToRegistry              
000020f3  vQueueDelete                     
00002117  vQueueSetQueueNumber             
000023e9  vQueueUnregisterQueue            
0000242d  vQueueWaitForMessageRestricted   
00003235  vSignalHandlerTask               
00000541  vTaskDelay                       
000004b1  vTaskDelayUntil                  
00000403  vTaskDelete                      
00000a01  vTaskEndScheduler                
00001125  vTaskGetInfo                     
00000fff  vTaskMissedYield                 
00001813  vTaskNotifyGiveFromISR           
00000ded  vTaskPlaceOnEventList            
00000e33  vTaskPlaceOnEventListRestricted  
00000e09  vTaskPlaceOnUnorderedEventList   
0000134d  vTaskPriorityInherit             
0000068d  vTaskPrioritySet                 
000008a1  vTaskResume                      
00001031  vTaskSetTaskNumber               
00000f61  vTaskSetTimeOutState             
000009a9  vTaskStartScheduler              
000007a1  vTaskSuspend                     
00000a1d  vTaskSuspendAll                  
00000d85  vTaskSwitchContext               
00003a63  vTimerSetTimerID                 
00003081  vToggleLEDEventProdTask          
000056d7  wcslen                           
20018804  xLEDEventTaskTimer               
20018808  xLogStringEventTaskTimer         
000043e5  xPortGetFreeHeapSize             
00004d95  xPortPendSVHandler               
00004853  xPortStartScheduler              
000048c1  xPortSysTickHandler              
20018a60  xQueue                           
00001bc9  xQueueCreateCountingSemaphore    
00001b19  xQueueCreateMutex                
00001a5f  xQueueGenericCreate              
00001e41  xQueueGenericReceive             
000019c1  xQueueGenericReset               
00001be9  xQueueGenericSend                
00001d15  xQueueGenericSendFromISR         
00001daf  xQueueGiveFromISR                
00001b45  xQueueGiveMutexRecursive         
00002303  xQueueIsQueueEmptyFromISR        
00002345  xQueueIsQueueFullFromISR         
00002059  xQueuePeekFromISR                
00001fc1  xQueueReceiveFromISR             
20018704  xQueueRegistry                   
00001b81  xQueueTakeMutexRecursive         
20018a64  xSemaphore                       
00000f85  xTaskCheckForTimeOut             
00000209  xTaskCreate                      
0000161d  xTaskGenericNotify               
00001709  xTaskGenericNotifyFromISR        
000012e7  xTaskGetCurrentTaskHandle        
00001301  xTaskGetSchedulerState           
00000b19  xTaskGetTickCount                
00000b29  xTaskGetTickCountFromISR         
00000c5d  xTaskIncrementTick               
000018c1  xTaskNotifyStateClear            
0000156d  xTaskNotifyWait                  
0000140f  xTaskPriorityDisinherit          
00000e6d  xTaskRemoveFromEventList         
00000eed  xTaskRemoveFromUnorderedEventList
00000a35  xTaskResumeAll                   
0000091b  xTaskResumeFromISR               
2001880c  xTimer1Start                     
20018810  xTimer2Start                     
0000354d  xTimerCreate                     
00003521  xTimerCreateTimerTask            
000035c1  xTimerGenericCommand             
00003645  xTimerGetExpiryTime              
00003633  xTimerGetPeriod                  
0000362d  xTimerGetTimerDaemonTaskHandle   
00003a1d  xTimerIsTimerActive              


GLOBAL SYMBOLS: SORTED BY Symbol Address 

address   name                             
-------   ----                             
00000000  __TI_static_base__               
00000000  g_pfnVectors                     
00000200  __STACK_SIZE                     
00000209  xTaskCreate                      
00000403  vTaskDelete                      
000004b1  vTaskDelayUntil                  
00000541  vTaskDelay                       
0000057d  eTaskGetState                    
00000611  uxTaskPriorityGet                
00000641  uxTaskPriorityGetFromISR         
0000068d  vTaskPrioritySet                 
000007a1  vTaskSuspend                     
000008a1  vTaskResume                      
0000091b  xTaskResumeFromISR               
000009a9  vTaskStartScheduler              
00000a01  vTaskEndScheduler                
00000a1d  vTaskSuspendAll                  
00000a35  xTaskResumeAll                   
00000b19  xTaskGetTickCount                
00000b29  xTaskGetTickCountFromISR         
00000b3d  uxTaskGetNumberOfTasks           
00000b43  pcTaskGetName                    
00000b69  uxTaskGetSystemState             
00000c5d  xTaskIncrementTick               
00000d85  vTaskSwitchContext               
00000ded  vTaskPlaceOnEventList            
00000e09  vTaskPlaceOnUnorderedEventList   
00000e33  vTaskPlaceOnEventListRestricted  
00000e6d  xTaskRemoveFromEventList         
00000eed  xTaskRemoveFromUnorderedEventList
00000f61  vTaskSetTimeOutState             
00000f85  xTaskCheckForTimeOut             
00000fff  vTaskMissedYield                 
00001011  uxTaskGetTaskNumber              
00001031  vTaskSetTaskNumber               
00001125  vTaskGetInfo                     
000012e7  xTaskGetCurrentTaskHandle        
00001301  xTaskGetSchedulerState           
0000134d  vTaskPriorityInherit             
0000140f  xTaskPriorityDisinherit          
000014ad  uxTaskResetEventItemValue        
000014cf  pvTaskIncrementMutexHeldCount    
000014e7  ulTaskNotifyTake                 
0000156d  xTaskNotifyWait                  
0000161d  xTaskGenericNotify               
00001709  xTaskGenericNotifyFromISR        
00001813  vTaskNotifyGiveFromISR           
000018c1  xTaskNotifyStateClear            
000019c1  xQueueGenericReset               
00001a5f  xQueueGenericCreate              
00001b19  xQueueCreateMutex                
00001b45  xQueueGiveMutexRecursive         
00001b81  xQueueTakeMutexRecursive         
00001bc9  xQueueCreateCountingSemaphore    
00001be9  xQueueGenericSend                
00001d15  xQueueGenericSendFromISR         
00001daf  xQueueGiveFromISR                
00001e41  xQueueGenericReceive             
00001fc1  xQueueReceiveFromISR             
00002059  xQueuePeekFromISR                
000020ab  uxQueueMessagesWaiting           
000020c1  uxQueueSpacesAvailable           
000020e1  uxQueueMessagesWaitingFromISR    
000020f3  vQueueDelete                     
00002109  uxQueueGetQueueNumber            
00002117  vQueueSetQueueNumber             
00002129  ucQueueGetQueueType              
00002303  xQueueIsQueueEmptyFromISR        
00002345  xQueueIsQueueFullFromISR         
00002367  vQueueAddToRegistry              
000023a9  pcQueueGetName                   
000023e9  vQueueUnregisterQueue            
0000242d  vQueueWaitForMessageRestricted   
00002491  __TI_printfi                     
00002eef  __aeabi_idiv0                    
00002eef  __aeabi_ldiv0                    
00002ef1  main                             
00002f0f  UART_Init                        
00002f69  createQueueAndTasks              
00002fc9  createTasks                      
0000300f  vLEDEventTaskTimerCbFunc         
00003023  vLogStringEventTaskTimerCbFunc   
00003081  vToggleLEDEventProdTask          
00003185  vLogStringEventProdTask          
00003235  vSignalHandlerTask               
00003265  prvProcessToggleLedEvent         
00003301  prvProcessLogStringEvent         
00003351  ProcessEvents                    
00003385  UARTSend                         
00003521  xTimerCreateTimerTask            
0000354d  xTimerCreate                     
000035c1  xTimerGenericCommand             
0000362d  xTimerGetTimerDaemonTaskHandle   
00003633  xTimerGetPeriod                  
00003645  xTimerGetExpiryTime              
0000365b  pcTimerGetName                   
00003a1d  xTimerIsTimerActive              
00003a49  pvTimerGetTimerID                
00003a63  vTimerSetTimerID                 
00003d09  SysCtlClockFreqSet               
000040d9  __aeabi_dsub                     
000040e3  __aeabi_dadd                     
00004291  pvPortMalloc                     
00004387  vPortFree                        
000043e5  xPortGetFreeHeapSize             
000043eb  vPortInitialiseBlocks            
00004581  __aeabi_ddiv                     
000046b7  GPIOPadConfigSet                 
000047e9  pxPortInitialiseStack            
00004853  xPortStartScheduler              
00004889  vPortEndScheduler                
0000488b  vPortEnterCritical               
000048ab  vPortExitCritical                
000048c1  xPortSysTickHandler              
000048e7  vPortSetupTimerInterrupt         
00004915  vListInitialise                  
00004945  vListInitialiseItem              
00004955  vListInsertEnd                   
00004991  vListInsert                      
000049f7  uxListRemove                     
00004b61  ldexp                            
00004b61  ldexpl                           
00004b61  scalbn                           
00004b61  scalbnl                          
00004c71  __aeabi_dmul                     
00004d7d  ulPortGetIPSR                    
00004d95  xPortPendSVHandler               
00004df5  vPortSVCHandler                  
00004e15  vPortStartFirstTask              
00004e31  vPortEnableVFP                   
00004ef3  __aeabi_memcpy                   
00004ef3  __aeabi_memcpy4                  
00004ef3  __aeabi_memcpy8                  
00004ef3  memcpy                           
00004f8f  __aeabi_uldivmod                 
00005025  __aeabi_cdcmpeq                  
00005025  __aeabi_cdcmple                  
000050ab  __aeabi_cdrcmple                 
00005131  __aeabi_memclr                   
00005131  __aeabi_memclr4                  
00005131  __aeabi_memclr8                  
00005133  __aeabi_memset                   
00005133  __aeabi_memset4                  
00005133  __aeabi_memset8                  
00005139  memset                           
00005219  __TI_decompress_lzss             
00005281  frexp                            
00005281  frexpl                           
0000533b  ltoa                             
000053e1  atoi                             
0000542d  GPIOPinConfigure                 
000054bd  __aeabi_d2iz                     
00005505  __TI_auto_init_nobinit_nopinit   
00005549  sprintf                          
000055c9  _c_int00_noargs                  
00005601  __aeabi_i2d                      
00005651  memccpy                          
00005685  strchr                           
0000569b  copysign                         
0000569b  copysignl                        
000056af  strcpy                           
000056c3  strlen                           
000056d7  wcslen                           
000056e9  __TI_decompress_none             
000056f7  __TI_zero_init                   
00005703  ResetISR                         
0000570f  UARTCharPut                      
00005725  __aeabi_errno_addr               
0000572d  GPIOPinWrite                     
00005733  SysCtlDelay                      
00005739  _system_pre_init                 
0000573d  C$$EXIT                          
0000573d  abort                            
000058f0  _ctypes_                         
00005b28  ulMaxSyscallInterruptPriority    
00005b44  __TI_Handler_Table_Base          
00005b50  __TI_Handler_Table_Limit         
00005b58  __TI_CINIT_Base                  
00005b68  __TI_CINIT_Limit                 
20018704  xQueueRegistry                   
200187f0  gui32_led_status                 
200187f4  gui32_sys_clock_rate             
200187f8  hdl_log_str_event_task           
200187fc  hdl_sig_handler_task             
20018800  hdl_toggle_led_event_task        
20018804  xLEDEventTaskTimer               
20018808  xLogStringEventTaskTimer         
2001880c  xTimer1Start                     
20018810  xTimer2Start                     
20018818  __stack                          
20018a18  __STACK_END                      
20018a18  __STACK_TOP                      
20018a18  pxCurrentTCB                     
20018a60  xQueue                           
20018a64  xSemaphore                       
20018a6c  errno                            
ffffffff  __TI_pprof_out_hndl              
ffffffff  __TI_prof_data_size              
ffffffff  __TI_prof_data_start             
ffffffff  __binit__                        
ffffffff  __c_args__                       
ffffffff  binit                            
UNDEFED   __mpu_init                       
UNDEFED   _system_post_cinit               

[204 symbols]
