<?xml version="1.0" encoding="ISO-8859-1" ?>
<link_info>
   <banner>TI ARM Linker Unix v18.1.1.LTS</banner>
   <copyright>Copyright (c) 1996-2017 Texas Instruments Incorporated</copyright>
   <link_time>0x5aca7526</link_time>
   <link_errors>0x0</link_errors>
   <output_file>freeRTOSTest3Tasks.out</output_file>
   <entry_point>
      <name>_c_int00_noargs</name>
      <address>0x5e09</address>
   </entry_point>
   <input_file_list>
      <input_file id="fl-1">
         <path>./</path>
         <kind>object</kind>
         <file>main.obj</file>
         <name>main.obj</name>
      </input_file>
      <input_file id="fl-2">
         <path>./</path>
         <kind>object</kind>
         <file>tm4c1294ncpdt_startup_ccs.obj</file>
         <name>tm4c1294ncpdt_startup_ccs.obj</name>
      </input_file>
      <input_file id="fl-3">
         <path>./FreeRTOS/</path>
         <kind>object</kind>
         <file>croutine.obj</file>
         <name>croutine.obj</name>
      </input_file>
      <input_file id="fl-4">
         <path>./FreeRTOS/</path>
         <kind>object</kind>
         <file>event_groups.obj</file>
         <name>event_groups.obj</name>
      </input_file>
      <input_file id="fl-5">
         <path>./FreeRTOS/</path>
         <kind>object</kind>
         <file>list.obj</file>
         <name>list.obj</name>
      </input_file>
      <input_file id="fl-6">
         <path>./FreeRTOS/</path>
         <kind>object</kind>
         <file>queue.obj</file>
         <name>queue.obj</name>
      </input_file>
      <input_file id="fl-7">
         <path>./FreeRTOS/</path>
         <kind>object</kind>
         <file>tasks.obj</file>
         <name>tasks.obj</name>
      </input_file>
      <input_file id="fl-8">
         <path>./FreeRTOS/</path>
         <kind>object</kind>
         <file>timers.obj</file>
         <name>timers.obj</name>
      </input_file>
      <input_file id="fl-9">
         <path>./FreeRTOS/portable/CCS/ARM_CM4F/</path>
         <kind>object</kind>
         <file>port.obj</file>
         <name>port.obj</name>
      </input_file>
      <input_file id="fl-a">
         <path>./FreeRTOS/portable/CCS/ARM_CM4F/</path>
         <kind>object</kind>
         <file>portasm.obj</file>
         <name>portasm.obj</name>
      </input_file>
      <input_file id="fl-b">
         <path>./FreeRTOS/portable/MemMang/</path>
         <kind>object</kind>
         <file>heap_2.obj</file>
         <name>heap_2.obj</name>
      </input_file>
      <input_file id="fl-c">
         <path>./utils/</path>
         <kind>object</kind>
         <file>uartstdio.obj</file>
         <name>uartstdio.obj</name>
      </input_file>
      <input_file id="fl-11">
         <kind>object</kind>
         <file>&lt;internal&gt;</file>
         <name>&lt;internal&gt;</name>
      </input_file>
      <input_file id="fl-c7">
         <path>/Users/pavandhareshwar/CCS/ccsv8/tools/compiler/ti-cgt-arm_18.1.1.LTS/lib/</path>
         <kind>archive</kind>
         <file>rtsv7M4_T_le_v4SPD16_eabi.lib</file>
         <name>u_divt2.asm.obj</name>
      </input_file>
      <input_file id="fl-c8">
         <path>/Users/pavandhareshwar/CCS/ccsv8/tools/compiler/ti-cgt-arm_18.1.1.LTS/lib/</path>
         <kind>archive</kind>
         <file>rtsv7M4_T_le_v4SPD16_eabi.lib</file>
         <name>memcpy_t2.asm.obj</name>
      </input_file>
      <input_file id="fl-c9">
         <path>/Users/pavandhareshwar/CCS/ccsv8/tools/compiler/ti-cgt-arm_18.1.1.LTS/lib/</path>
         <kind>archive</kind>
         <file>rtsv7M4_T_le_v4SPD16_eabi.lib</file>
         <name>memset_t2.asm.obj</name>
      </input_file>
      <input_file id="fl-ca">
         <path>/Users/pavandhareshwar/CCS/ccsv8/tools/compiler/ti-cgt-arm_18.1.1.LTS/lib/</path>
         <kind>archive</kind>
         <file>rtsv7M4_T_le_v4SPD16_eabi.lib</file>
         <name>copy_zero_init.c.obj</name>
      </input_file>
      <input_file id="fl-cb">
         <path>/Users/pavandhareshwar/CCS/ccsv8/tools/compiler/ti-cgt-arm_18.1.1.LTS/lib/</path>
         <kind>archive</kind>
         <file>rtsv7M4_T_le_v4SPD16_eabi.lib</file>
         <name>copy_decompress_none.c.obj</name>
      </input_file>
      <input_file id="fl-cc">
         <path>/Users/pavandhareshwar/CCS/ccsv8/tools/compiler/ti-cgt-arm_18.1.1.LTS/lib/</path>
         <kind>archive</kind>
         <file>rtsv7M4_T_le_v4SPD16_eabi.lib</file>
         <name>copy_decompress_lzss.c.obj</name>
      </input_file>
      <input_file id="fl-cd">
         <path>/Users/pavandhareshwar/CCS/ccsv8/tools/compiler/ti-cgt-arm_18.1.1.LTS/lib/</path>
         <kind>archive</kind>
         <file>rtsv7M4_T_le_v4SPD16_eabi.lib</file>
         <name>boot_cortex_m.c.obj</name>
      </input_file>
      <input_file id="fl-ce">
         <path>/Users/pavandhareshwar/CCS/ccsv8/tools/compiler/ti-cgt-arm_18.1.1.LTS/lib/</path>
         <kind>archive</kind>
         <file>rtsv7M4_T_le_v4SPD16_eabi.lib</file>
         <name>exit.c.obj</name>
      </input_file>
      <input_file id="fl-cf">
         <path>/Users/pavandhareshwar/CCS/ccsv8/tools/compiler/ti-cgt-arm_18.1.1.LTS/lib/</path>
         <kind>archive</kind>
         <file>rtsv7M4_T_le_v4SPD16_eabi.lib</file>
         <name>_lock.c.obj</name>
      </input_file>
      <input_file id="fl-d0">
         <path>/Users/pavandhareshwar/CCS/ccsv8/tools/compiler/ti-cgt-arm_18.1.1.LTS/lib/</path>
         <kind>archive</kind>
         <file>rtsv7M4_T_le_v4SPD16_eabi.lib</file>
         <name>args_main.c.obj</name>
      </input_file>
      <input_file id="fl-d1">
         <path>/Users/pavandhareshwar/CCS/ccsv8/tools/compiler/ti-cgt-arm_18.1.1.LTS/lib/</path>
         <kind>archive</kind>
         <file>rtsv7M4_T_le_v4SPD16_eabi.lib</file>
         <name>printf.c.obj</name>
      </input_file>
      <input_file id="fl-d2">
         <path>/Users/pavandhareshwar/CCS/ccsv8/tools/compiler/ti-cgt-arm_18.1.1.LTS/lib/</path>
         <kind>archive</kind>
         <file>rtsv7M4_T_le_v4SPD16_eabi.lib</file>
         <name>strcpy.c.obj</name>
      </input_file>
      <input_file id="fl-d3">
         <path>/Users/pavandhareshwar/CCS/ccsv8/tools/compiler/ti-cgt-arm_18.1.1.LTS/lib/</path>
         <kind>archive</kind>
         <file>rtsv7M4_T_le_v4SPD16_eabi.lib</file>
         <name>strlen.c.obj</name>
      </input_file>
      <input_file id="fl-d4">
         <path>/Users/pavandhareshwar/CCS/ccsv8/tools/compiler/ti-cgt-arm_18.1.1.LTS/lib/</path>
         <kind>archive</kind>
         <file>rtsv7M4_T_le_v4SPD16_eabi.lib</file>
         <name>div0.asm.obj</name>
      </input_file>
      <input_file id="fl-d5">
         <path>/Users/pavandhareshwar/CCS/ccsv8/tools/compiler/ti-cgt-arm_18.1.1.LTS/lib/</path>
         <kind>archive</kind>
         <file>rtsv7M4_T_le_v4SPD16_eabi.lib</file>
         <name>autoinit.c.obj</name>
      </input_file>
      <input_file id="fl-d6">
         <path>/Users/pavandhareshwar/CCS/ccsv8/tools/compiler/ti-cgt-arm_18.1.1.LTS/lib/</path>
         <kind>archive</kind>
         <file>rtsv7M4_T_le_v4SPD16_eabi.lib</file>
         <name>pre_init.c.obj</name>
      </input_file>
      <input_file id="fl-d7">
         <path>/Users/pavandhareshwar/CCS/ccsv8/tools/compiler/ti-cgt-arm_18.1.1.LTS/lib/</path>
         <kind>archive</kind>
         <file>rtsv7M4_T_le_v4SPD16_eabi.lib</file>
         <name>cpy_tbl.c.obj</name>
      </input_file>
      <input_file id="fl-d8">
         <path>/Users/pavandhareshwar/CCS/ccsv8/tools/compiler/ti-cgt-arm_18.1.1.LTS/lib/</path>
         <kind>archive</kind>
         <file>rtsv7M4_T_le_v4SPD16_eabi.lib</file>
         <name>_printfi.c.obj</name>
      </input_file>
      <input_file id="fl-d9">
         <path>/Users/pavandhareshwar/CCS/ccsv8/tools/compiler/ti-cgt-arm_18.1.1.LTS/lib/</path>
         <kind>archive</kind>
         <file>rtsv7M4_T_le_v4SPD16_eabi.lib</file>
         <name>atoi.c.obj</name>
      </input_file>
      <input_file id="fl-da">
         <path>/Users/pavandhareshwar/CCS/ccsv8/tools/compiler/ti-cgt-arm_18.1.1.LTS/lib/</path>
         <kind>archive</kind>
         <file>rtsv7M4_T_le_v4SPD16_eabi.lib</file>
         <name>ctype.c.obj</name>
      </input_file>
      <input_file id="fl-db">
         <path>/Users/pavandhareshwar/CCS/ccsv8/tools/compiler/ti-cgt-arm_18.1.1.LTS/lib/</path>
         <kind>archive</kind>
         <file>rtsv7M4_T_le_v4SPD16_eabi.lib</file>
         <name>defs.c.obj</name>
      </input_file>
      <input_file id="fl-dc">
         <path>/Users/pavandhareshwar/CCS/ccsv8/tools/compiler/ti-cgt-arm_18.1.1.LTS/lib/</path>
         <kind>archive</kind>
         <file>rtsv7M4_T_le_v4SPD16_eabi.lib</file>
         <name>fputc.c.obj</name>
      </input_file>
      <input_file id="fl-dd">
         <path>/Users/pavandhareshwar/CCS/ccsv8/tools/compiler/ti-cgt-arm_18.1.1.LTS/lib/</path>
         <kind>archive</kind>
         <file>rtsv7M4_T_le_v4SPD16_eabi.lib</file>
         <name>fputs.c.obj</name>
      </input_file>
      <input_file id="fl-de">
         <path>/Users/pavandhareshwar/CCS/ccsv8/tools/compiler/ti-cgt-arm_18.1.1.LTS/lib/</path>
         <kind>archive</kind>
         <file>rtsv7M4_T_le_v4SPD16_eabi.lib</file>
         <name>ltoa.c.obj</name>
      </input_file>
      <input_file id="fl-df">
         <path>/Users/pavandhareshwar/CCS/ccsv8/tools/compiler/ti-cgt-arm_18.1.1.LTS/lib/</path>
         <kind>archive</kind>
         <file>rtsv7M4_T_le_v4SPD16_eabi.lib</file>
         <name>memccpy.c.obj</name>
      </input_file>
      <input_file id="fl-e0">
         <path>/Users/pavandhareshwar/CCS/ccsv8/tools/compiler/ti-cgt-arm_18.1.1.LTS/lib/</path>
         <kind>archive</kind>
         <file>rtsv7M4_T_le_v4SPD16_eabi.lib</file>
         <name>memchr.c.obj</name>
      </input_file>
      <input_file id="fl-e1">
         <path>/Users/pavandhareshwar/CCS/ccsv8/tools/compiler/ti-cgt-arm_18.1.1.LTS/lib/</path>
         <kind>archive</kind>
         <file>rtsv7M4_T_le_v4SPD16_eabi.lib</file>
         <name>strchr.c.obj</name>
      </input_file>
      <input_file id="fl-e2">
         <path>/Users/pavandhareshwar/CCS/ccsv8/tools/compiler/ti-cgt-arm_18.1.1.LTS/lib/</path>
         <kind>archive</kind>
         <file>rtsv7M4_T_le_v4SPD16_eabi.lib</file>
         <name>write.c.obj</name>
      </input_file>
      <input_file id="fl-e3">
         <path>/Users/pavandhareshwar/CCS/ccsv8/tools/compiler/ti-cgt-arm_18.1.1.LTS/lib/</path>
         <kind>archive</kind>
         <file>rtsv7M4_T_le_v4SPD16_eabi.lib</file>
         <name>s_frexp.c.obj</name>
      </input_file>
      <input_file id="fl-e4">
         <path>/Users/pavandhareshwar/CCS/ccsv8/tools/compiler/ti-cgt-arm_18.1.1.LTS/lib/</path>
         <kind>archive</kind>
         <file>rtsv7M4_T_le_v4SPD16_eabi.lib</file>
         <name>s_scalbn.c.obj</name>
      </input_file>
      <input_file id="fl-e5">
         <path>/Users/pavandhareshwar/CCS/ccsv8/tools/compiler/ti-cgt-arm_18.1.1.LTS/lib/</path>
         <kind>archive</kind>
         <file>rtsv7M4_T_le_v4SPD16_eabi.lib</file>
         <name>s_copysign.c.obj</name>
      </input_file>
      <input_file id="fl-e6">
         <path>/Users/pavandhareshwar/CCS/ccsv8/tools/compiler/ti-cgt-arm_18.1.1.LTS/lib/</path>
         <kind>archive</kind>
         <file>rtsv7M4_T_le_v4SPD16_eabi.lib</file>
         <name>wcslen.c.obj</name>
      </input_file>
      <input_file id="fl-e7">
         <path>/Users/pavandhareshwar/CCS/ccsv8/tools/compiler/ti-cgt-arm_18.1.1.LTS/lib/</path>
         <kind>archive</kind>
         <file>rtsv7M4_T_le_v4SPD16_eabi.lib</file>
         <name>fd_add_t2.asm.obj</name>
      </input_file>
      <input_file id="fl-e8">
         <path>/Users/pavandhareshwar/CCS/ccsv8/tools/compiler/ti-cgt-arm_18.1.1.LTS/lib/</path>
         <kind>archive</kind>
         <file>rtsv7M4_T_le_v4SPD16_eabi.lib</file>
         <name>fd_cmp_t2.asm.obj</name>
      </input_file>
      <input_file id="fl-e9">
         <path>/Users/pavandhareshwar/CCS/ccsv8/tools/compiler/ti-cgt-arm_18.1.1.LTS/lib/</path>
         <kind>archive</kind>
         <file>rtsv7M4_T_le_v4SPD16_eabi.lib</file>
         <name>fd_div_t2.asm.obj</name>
      </input_file>
      <input_file id="fl-ea">
         <path>/Users/pavandhareshwar/CCS/ccsv8/tools/compiler/ti-cgt-arm_18.1.1.LTS/lib/</path>
         <kind>archive</kind>
         <file>rtsv7M4_T_le_v4SPD16_eabi.lib</file>
         <name>fd_mul_t2.asm.obj</name>
      </input_file>
      <input_file id="fl-eb">
         <path>/Users/pavandhareshwar/CCS/ccsv8/tools/compiler/ti-cgt-arm_18.1.1.LTS/lib/</path>
         <kind>archive</kind>
         <file>rtsv7M4_T_le_v4SPD16_eabi.lib</file>
         <name>fd_toi_t2.asm.obj</name>
      </input_file>
      <input_file id="fl-ec">
         <path>/Users/pavandhareshwar/CCS/ccsv8/tools/compiler/ti-cgt-arm_18.1.1.LTS/lib/</path>
         <kind>archive</kind>
         <file>rtsv7M4_T_le_v4SPD16_eabi.lib</file>
         <name>i_tofd_t2.asm.obj</name>
      </input_file>
      <input_file id="fl-ed">
         <path>/Users/pavandhareshwar/CCS/ccsv8/tools/compiler/ti-cgt-arm_18.1.1.LTS/lib/</path>
         <kind>archive</kind>
         <file>rtsv7M4_T_le_v4SPD16_eabi.lib</file>
         <name>ull_div_t2.asm.obj</name>
      </input_file>
      <input_file id="fl-ee">
         <path>/Users/pavandhareshwar/CCS/ccsv8/tools/compiler/ti-cgt-arm_18.1.1.LTS/lib/</path>
         <kind>archive</kind>
         <file>rtsv7M4_T_le_v4SPD16_eabi.lib</file>
         <name>errno.c.obj</name>
      </input_file>
      <input_file id="fl-ef">
         <path>/Users/pavandhareshwar/CCS/ccsv8/tools/compiler/ti-cgt-arm_18.1.1.LTS/lib/</path>
         <kind>archive</kind>
         <file>rtsv7M4_T_le_v4SPD16_eabi.lib</file>
         <name>_io_perm.c.obj</name>
      </input_file>
      <input_file id="fl-f0">
         <path>/Users/pavandhareshwar/CCS/ccsv8/tools/compiler/ti-cgt-arm_18.1.1.LTS/lib/</path>
         <kind>archive</kind>
         <file>rtsv7M4_T_le_v4SPD16_eabi.lib</file>
         <name>fflush.c.obj</name>
      </input_file>
      <input_file id="fl-f1">
         <path>/Users/pavandhareshwar/CCS/ccsv8/tools/compiler/ti-cgt-arm_18.1.1.LTS/lib/</path>
         <kind>archive</kind>
         <file>rtsv7M4_T_le_v4SPD16_eabi.lib</file>
         <name>fseek.c.obj</name>
      </input_file>
      <input_file id="fl-f2">
         <path>/Users/pavandhareshwar/CCS/ccsv8/tools/compiler/ti-cgt-arm_18.1.1.LTS/lib/</path>
         <kind>archive</kind>
         <file>rtsv7M4_T_le_v4SPD16_eabi.lib</file>
         <name>lseek.c.obj</name>
      </input_file>
      <input_file id="fl-f3">
         <path>/Users/pavandhareshwar/CCS/ccsv8/tools/compiler/ti-cgt-arm_18.1.1.LTS/lib/</path>
         <kind>archive</kind>
         <file>rtsv7M4_T_le_v4SPD16_eabi.lib</file>
         <name>setvbuf.c.obj</name>
      </input_file>
      <input_file id="fl-f4">
         <path>/Users/pavandhareshwar/CCS/ccsv8/tools/compiler/ti-cgt-arm_18.1.1.LTS/lib/</path>
         <kind>archive</kind>
         <file>rtsv7M4_T_le_v4SPD16_eabi.lib</file>
         <name>hostclose.c.obj</name>
      </input_file>
      <input_file id="fl-f5">
         <path>/Users/pavandhareshwar/CCS/ccsv8/tools/compiler/ti-cgt-arm_18.1.1.LTS/lib/</path>
         <kind>archive</kind>
         <file>rtsv7M4_T_le_v4SPD16_eabi.lib</file>
         <name>hostlseek.c.obj</name>
      </input_file>
      <input_file id="fl-f6">
         <path>/Users/pavandhareshwar/CCS/ccsv8/tools/compiler/ti-cgt-arm_18.1.1.LTS/lib/</path>
         <kind>archive</kind>
         <file>rtsv7M4_T_le_v4SPD16_eabi.lib</file>
         <name>hostopen.c.obj</name>
      </input_file>
      <input_file id="fl-f7">
         <path>/Users/pavandhareshwar/CCS/ccsv8/tools/compiler/ti-cgt-arm_18.1.1.LTS/lib/</path>
         <kind>archive</kind>
         <file>rtsv7M4_T_le_v4SPD16_eabi.lib</file>
         <name>hostread.c.obj</name>
      </input_file>
      <input_file id="fl-f8">
         <path>/Users/pavandhareshwar/CCS/ccsv8/tools/compiler/ti-cgt-arm_18.1.1.LTS/lib/</path>
         <kind>archive</kind>
         <file>rtsv7M4_T_le_v4SPD16_eabi.lib</file>
         <name>hostrename.c.obj</name>
      </input_file>
      <input_file id="fl-f9">
         <path>/Users/pavandhareshwar/CCS/ccsv8/tools/compiler/ti-cgt-arm_18.1.1.LTS/lib/</path>
         <kind>archive</kind>
         <file>rtsv7M4_T_le_v4SPD16_eabi.lib</file>
         <name>hostunlink.c.obj</name>
      </input_file>
      <input_file id="fl-fa">
         <path>/Users/pavandhareshwar/CCS/ccsv8/tools/compiler/ti-cgt-arm_18.1.1.LTS/lib/</path>
         <kind>archive</kind>
         <file>rtsv7M4_T_le_v4SPD16_eabi.lib</file>
         <name>hostwrite.c.obj</name>
      </input_file>
      <input_file id="fl-fb">
         <path>/Users/pavandhareshwar/CCS/ccsv8/tools/compiler/ti-cgt-arm_18.1.1.LTS/lib/</path>
         <kind>archive</kind>
         <file>rtsv7M4_T_le_v4SPD16_eabi.lib</file>
         <name>trgmsg.c.obj</name>
      </input_file>
      <input_file id="fl-fc">
         <path>/Users/pavandhareshwar/CCS/ccsv8/tools/compiler/ti-cgt-arm_18.1.1.LTS/lib/</path>
         <kind>archive</kind>
         <file>rtsv7M4_T_le_v4SPD16_eabi.lib</file>
         <name>memory.c.obj</name>
      </input_file>
      <input_file id="fl-fd">
         <path>/Users/pavandhareshwar/CCS/ccsv8/tools/compiler/ti-cgt-arm_18.1.1.LTS/lib/</path>
         <kind>archive</kind>
         <file>rtsv7M4_T_le_v4SPD16_eabi.lib</file>
         <name>fopen.c.obj</name>
      </input_file>
      <input_file id="fl-fe">
         <path>/Users/pavandhareshwar/CCS/ccsv8/tools/compiler/ti-cgt-arm_18.1.1.LTS/lib/</path>
         <kind>archive</kind>
         <file>rtsv7M4_T_le_v4SPD16_eabi.lib</file>
         <name>open.c.obj</name>
      </input_file>
      <input_file id="fl-ff">
         <path>/Users/pavandhareshwar/CCS/ccsv8/tools/compiler/ti-cgt-arm_18.1.1.LTS/lib/</path>
         <kind>archive</kind>
         <file>rtsv7M4_T_le_v4SPD16_eabi.lib</file>
         <name>fclose.c.obj</name>
      </input_file>
      <input_file id="fl-100">
         <path>/Users/pavandhareshwar/CCS/ccsv8/tools/compiler/ti-cgt-arm_18.1.1.LTS/lib/</path>
         <kind>archive</kind>
         <file>rtsv7M4_T_le_v4SPD16_eabi.lib</file>
         <name>getdevice.c.obj</name>
      </input_file>
      <input_file id="fl-101">
         <path>/Users/pavandhareshwar/CCS/ccsv8/tools/compiler/ti-cgt-arm_18.1.1.LTS/lib/</path>
         <kind>archive</kind>
         <file>rtsv7M4_T_le_v4SPD16_eabi.lib</file>
         <name>remove.c.obj</name>
      </input_file>
      <input_file id="fl-102">
         <path>/Users/pavandhareshwar/CCS/ccsv8/tools/compiler/ti-cgt-arm_18.1.1.LTS/lib/</path>
         <kind>archive</kind>
         <file>rtsv7M4_T_le_v4SPD16_eabi.lib</file>
         <name>strcmp.c.obj</name>
      </input_file>
      <input_file id="fl-103">
         <path>/Users/pavandhareshwar/CCS/ccsv8/tools/compiler/ti-cgt-arm_18.1.1.LTS/lib/</path>
         <kind>archive</kind>
         <file>rtsv7M4_T_le_v4SPD16_eabi.lib</file>
         <name>strncpy.c.obj</name>
      </input_file>
      <input_file id="fl-104">
         <path>/Users/pavandhareshwar/CCS/ccsv8/tools/compiler/ti-cgt-arm_18.1.1.LTS/lib/</path>
         <kind>archive</kind>
         <file>rtsv7M4_T_le_v4SPD16_eabi.lib</file>
         <name>unlink.c.obj</name>
      </input_file>
      <input_file id="fl-105">
         <path>/Users/pavandhareshwar/CCS/ccsv8/tools/compiler/ti-cgt-arm_18.1.1.LTS/lib/</path>
         <kind>archive</kind>
         <file>rtsv7M4_T_le_v4SPD16_eabi.lib</file>
         <name>close.c.obj</name>
      </input_file>
      <input_file id="fl-106">
         <path>/Users/pavandhareshwar/Downloads/TivaWare/SW-TM4C-2.1.4.178/driverlib/ccs/Debug/</path>
         <kind>archive</kind>
         <file>driverlib.lib</file>
         <name>gpio.obj</name>
      </input_file>
      <input_file id="fl-107">
         <path>/Users/pavandhareshwar/Downloads/TivaWare/SW-TM4C-2.1.4.178/driverlib/ccs/Debug/</path>
         <kind>archive</kind>
         <file>driverlib.lib</file>
         <name>interrupt.obj</name>
      </input_file>
      <input_file id="fl-108">
         <path>/Users/pavandhareshwar/Downloads/TivaWare/SW-TM4C-2.1.4.178/driverlib/ccs/Debug/</path>
         <kind>archive</kind>
         <file>driverlib.lib</file>
         <name>sysctl.obj</name>
      </input_file>
      <input_file id="fl-109">
         <path>/Users/pavandhareshwar/Downloads/TivaWare/SW-TM4C-2.1.4.178/driverlib/ccs/Debug/</path>
         <kind>archive</kind>
         <file>driverlib.lib</file>
         <name>uart.obj</name>
      </input_file>
      <input_file id="fl-10a">
         <path>/Users/pavandhareshwar/Downloads/TivaWare/SW-TM4C-2.1.4.178/driverlib/ccs/Debug/</path>
         <kind>archive</kind>
         <file>driverlib.lib</file>
         <name>cpu.obj</name>
      </input_file>
   </input_file_list>
   <object_component_list>
      <object_component id="oc-f">
         <name>.intvecs</name>
         <load_address>0x0</load_address>
         <run_address>0x0</run_address>
         <size>0x208</size>
         <input_file_ref idref="fl-2"/>
      </object_component>
      <object_component id="oc-89">
         <name>.text</name>
         <load_address>0x208</load_address>
         <run_address>0x208</run_address>
         <size>0x17b8</size>
         <input_file_ref idref="fl-7"/>
      </object_component>
      <object_component id="oc-b2">
         <name>.text</name>
         <load_address>0x19c0</load_address>
         <run_address>0x19c0</run_address>
         <size>0xad0</size>
         <input_file_ref idref="fl-6"/>
      </object_component>
      <object_component id="oc-1be">
         <name>.text:__TI_printfi</name>
         <load_address>0x2490</load_address>
         <run_address>0x2490</run_address>
         <size>0xa5e</size>
         <input_file_ref idref="fl-d8"/>
      </object_component>
      <object_component id="oc-2fb">
         <name>.text:_nop</name>
         <load_address>0x2eee</load_address>
         <run_address>0x2eee</run_address>
         <size>0x2</size>
         <input_file_ref idref="fl-cf"/>
      </object_component>
      <object_component id="oc-d1">
         <name>.text</name>
         <load_address>0x2ef0</load_address>
         <run_address>0x2ef0</run_address>
         <size>0x578</size>
         <input_file_ref idref="fl-8"/>
      </object_component>
      <object_component id="oc-38">
         <name>.text</name>
         <load_address>0x3468</load_address>
         <run_address>0x3468</run_address>
         <size>0x52c</size>
         <input_file_ref idref="fl-1"/>
      </object_component>
      <object_component id="oc-2d7">
         <name>.text:_pconv_a</name>
         <load_address>0x3994</load_address>
         <run_address>0x3994</run_address>
         <size>0x270</size>
         <input_file_ref idref="fl-d8"/>
      </object_component>
      <object_component id="oc-a0">
         <name>.text:SysCtlClockFreqSet</name>
         <load_address>0x3c04</load_address>
         <run_address>0x3c04</run_address>
         <size>0x200</size>
         <input_file_ref idref="fl-108"/>
      </object_component>
      <object_component id="oc-2c5">
         <name>.text:_pconv_g</name>
         <load_address>0x3e04</load_address>
         <run_address>0x3e04</run_address>
         <size>0x1d0</size>
         <input_file_ref idref="fl-d8"/>
      </object_component>
      <object_component id="oc-37c">
         <name>.text</name>
         <load_address>0x3fd4</load_address>
         <run_address>0x3fd4</run_address>
         <size>0x1b6</size>
         <input_file_ref idref="fl-e7"/>
      </object_component>
      <object_component id="oc-40b">
         <name>.text</name>
         <load_address>0x418a</load_address>
         <run_address>0x418a</run_address>
         <size>0x2</size>
         <input_file_ref idref="fl-d4"/>
      </object_component>
      <object_component id="oc-15f">
         <name>.text</name>
         <load_address>0x418c</load_address>
         <run_address>0x418c</run_address>
         <size>0x1b4</size>
         <input_file_ref idref="fl-b"/>
      </object_component>
      <object_component id="oc-2d1">
         <name>.text:_pconv_e</name>
         <load_address>0x4340</load_address>
         <run_address>0x4340</run_address>
         <size>0x13c</size>
         <input_file_ref idref="fl-d8"/>
      </object_component>
      <object_component id="oc-362">
         <name>.text</name>
         <load_address>0x447c</load_address>
         <run_address>0x447c</run_address>
         <size>0x136</size>
         <input_file_ref idref="fl-e9"/>
      </object_component>
      <object_component id="oc-cb">
         <name>.text:GPIOPadConfigSet</name>
         <load_address>0x45b2</load_address>
         <run_address>0x45b2</run_address>
         <size>0x132</size>
         <input_file_ref idref="fl-106"/>
      </object_component>
      <object_component id="oc-32">
         <name>.text</name>
         <load_address>0x46e4</load_address>
         <run_address>0x46e4</run_address>
         <size>0x12c</size>
         <input_file_ref idref="fl-9"/>
      </object_component>
      <object_component id="oc-165">
         <name>.text</name>
         <load_address>0x4810</load_address>
         <run_address>0x4810</run_address>
         <size>0x12a</size>
         <input_file_ref idref="fl-5"/>
      </object_component>
      <object_component id="oc-38e">
         <name>.text:fcvt</name>
         <load_address>0x493c</load_address>
         <run_address>0x493c</run_address>
         <size>0x120</size>
         <input_file_ref idref="fl-d8"/>
      </object_component>
      <object_component id="oc-309">
         <name>.text:fputs</name>
         <load_address>0x4a5c</load_address>
         <run_address>0x4a5c</run_address>
         <size>0x114</size>
         <input_file_ref idref="fl-dd"/>
      </object_component>
      <object_component id="oc-3a2">
         <name>.text:scalbn</name>
         <load_address>0x4b70</load_address>
         <run_address>0x4b70</run_address>
         <size>0x110</size>
         <input_file_ref idref="fl-e4"/>
      </object_component>
      <object_component id="oc-35d">
         <name>.text</name>
         <load_address>0x4c80</load_address>
         <run_address>0x4c80</run_address>
         <size>0xfc</size>
         <input_file_ref idref="fl-ea"/>
      </object_component>
      <object_component id="oc-446">
         <name>.text:setvbuf</name>
         <load_address>0x4d7c</load_address>
         <run_address>0x4d7c</run_address>
         <size>0xdc</size>
         <input_file_ref idref="fl-f3"/>
      </object_component>
      <object_component id="oc-480">
         <name>.text:free</name>
         <load_address>0x4e58</load_address>
         <run_address>0x4e58</run_address>
         <size>0xd8</size>
         <input_file_ref idref="fl-fc"/>
      </object_component>
      <object_component id="oc-2d">
         <name>.text</name>
         <load_address>0x4f30</load_address>
         <run_address>0x4f30</run_address>
         <size>0xd2</size>
         <input_file_ref idref="fl-a"/>
      </object_component>
      <object_component id="oc-2ba">
         <name>.text:_ltostr</name>
         <load_address>0x5004</load_address>
         <run_address>0x5004</run_address>
         <size>0xb1</size>
         <input_file_ref idref="fl-d8"/>
      </object_component>
      <object_component id="oc-4c">
         <name>.text</name>
         <load_address>0x50b6</load_address>
         <run_address>0x50b6</run_address>
         <size>0x9c</size>
         <input_file_ref idref="fl-c8"/>
      </object_component>
      <object_component id="oc-356">
         <name>.text</name>
         <load_address>0x5152</load_address>
         <run_address>0x5152</run_address>
         <size>0x96</size>
         <input_file_ref idref="fl-ed"/>
      </object_component>
      <object_component id="oc-310">
         <name>.text:fputc</name>
         <load_address>0x51e8</load_address>
         <run_address>0x51e8</run_address>
         <size>0x8c</size>
         <input_file_ref idref="fl-dc"/>
      </object_component>
      <object_component id="oc-2c0">
         <name>.text:__aeabi_cdcmple</name>
         <load_address>0x5274</load_address>
         <run_address>0x5274</run_address>
         <size>0x86</size>
         <input_file_ref idref="fl-e8"/>
      </object_component>
      <object_component id="oc-367">
         <name>.text:__aeabi_cdrcmple</name>
         <load_address>0x52fa</load_address>
         <run_address>0x52fa</run_address>
         <size>0x86</size>
         <input_file_ref idref="fl-e8"/>
      </object_component>
      <object_component id="oc-132">
         <name>.text</name>
         <load_address>0x5380</load_address>
         <run_address>0x5380</run_address>
         <size>0x7a</size>
         <input_file_ref idref="fl-c9"/>
      </object_component>
      <object_component id="oc-486">
         <name>.text:malloc</name>
         <load_address>0x53fc</load_address>
         <run_address>0x53fc</run_address>
         <size>0x78</size>
         <input_file_ref idref="fl-fc"/>
      </object_component>
      <object_component id="oc-4cb">
         <name>.text:__TI_closefile</name>
         <load_address>0x5474</load_address>
         <run_address>0x5474</run_address>
         <size>0x74</size>
         <input_file_ref idref="fl-ff"/>
      </object_component>
      <object_component id="oc-387">
         <name>.text:_mcpy</name>
         <load_address>0x54e8</load_address>
         <run_address>0x54e8</run_address>
         <size>0x6e</size>
         <input_file_ref idref="fl-d8"/>
      </object_component>
      <object_component id="oc-4ef">
         <name>.text:HOSTlseek</name>
         <load_address>0x5558</load_address>
         <run_address>0x5558</run_address>
         <size>0x68</size>
         <input_file_ref idref="fl-f5"/>
      </object_component>
      <object_component id="oc-4fb">
         <name>.text:HOSTrename</name>
         <load_address>0x55c0</load_address>
         <run_address>0x55c0</run_address>
         <size>0x68</size>
         <input_file_ref idref="fl-f8"/>
      </object_component>
      <object_component id="oc-12">
         <name>.text:decompress:lzss:__TI_decompress_lzss</name>
         <load_address>0x5628</load_address>
         <run_address>0x5628</run_address>
         <size>0x68</size>
         <input_file_ref idref="fl-cc"/>
      </object_component>
      <object_component id="oc-b8">
         <name>.text:printf</name>
         <load_address>0x5690</load_address>
         <run_address>0x5690</run_address>
         <size>0x68</size>
         <input_file_ref idref="fl-d1"/>
      </object_component>
      <object_component id="oc-39c">
         <name>.text:frexp</name>
         <load_address>0x56f8</load_address>
         <run_address>0x56f8</run_address>
         <size>0x64</size>
         <input_file_ref idref="fl-e3"/>
      </object_component>
      <object_component id="oc-440">
         <name>.text:fseek</name>
         <load_address>0x575c</load_address>
         <run_address>0x575c</run_address>
         <size>0x64</size>
         <input_file_ref idref="fl-f1"/>
      </object_component>
      <object_component id="oc-3d3">
         <name>.text:__TI_wrt_ok</name>
         <load_address>0x57c0</load_address>
         <run_address>0x57c0</run_address>
         <size>0x62</size>
         <input_file_ref idref="fl-ef"/>
      </object_component>
      <object_component id="oc-4d7">
         <name>.text:HOSTopen</name>
         <load_address>0x5824</load_address>
         <run_address>0x5824</run_address>
         <size>0x60</size>
         <input_file_ref idref="fl-f6"/>
      </object_component>
      <object_component id="oc-50a">
         <name>.text:close</name>
         <load_address>0x5884</load_address>
         <run_address>0x5884</run_address>
         <size>0x5c</size>
         <input_file_ref idref="fl-105"/>
      </object_component>
      <object_component id="oc-4e3">
         <name>.text:HOSTread</name>
         <load_address>0x58e0</load_address>
         <run_address>0x58e0</run_address>
         <size>0x58</size>
         <input_file_ref idref="fl-f7"/>
      </object_component>
      <object_component id="oc-4e9">
         <name>.text:HOSTwrite</name>
         <load_address>0x5938</load_address>
         <run_address>0x5938</run_address>
         <size>0x58</size>
         <input_file_ref idref="fl-fa"/>
      </object_component>
      <object_component id="oc-2cb">
         <name>.text:_pconv_f</name>
         <load_address>0x5990</load_address>
         <run_address>0x5990</run_address>
         <size>0x56</size>
         <input_file_ref idref="fl-d8"/>
      </object_component>
      <object_component id="oc-371">
         <name>.text:ltoa</name>
         <load_address>0x59e6</load_address>
         <run_address>0x59e6</run_address>
         <size>0x54</size>
         <input_file_ref idref="fl-de"/>
      </object_component>
      <object_component id="oc-381">
         <name>.text:_ecpy</name>
         <load_address>0x5a3a</load_address>
         <run_address>0x5a3a</run_address>
         <size>0x52</size>
         <input_file_ref idref="fl-d8"/>
      </object_component>
      <object_component id="oc-3df">
         <name>.text:__TI_doflush</name>
         <load_address>0x5a8c</load_address>
         <run_address>0x5a8c</run_address>
         <size>0x4c</size>
         <input_file_ref idref="fl-f0"/>
      </object_component>
      <object_component id="oc-2b4">
         <name>.text:atoi</name>
         <load_address>0x5ad8</load_address>
         <run_address>0x5ad8</run_address>
         <size>0x4c</size>
         <input_file_ref idref="fl-d9"/>
      </object_component>
      <object_component id="oc-a6">
         <name>.text:GPIOPinConfigure</name>
         <load_address>0x5b24</load_address>
         <run_address>0x5b24</run_address>
         <size>0x48</size>
         <input_file_ref idref="fl-106"/>
      </object_component>
      <object_component id="oc-195">
         <name>.text:_SysCtlFrequencyGet</name>
         <load_address>0x5b6c</load_address>
         <run_address>0x5b6c</run_address>
         <size>0x48</size>
         <input_file_ref idref="fl-108"/>
      </object_component>
      <object_component id="oc-248">
         <name>.text:exit</name>
         <load_address>0x5bb4</load_address>
         <run_address>0x5bb4</run_address>
         <size>0x48</size>
         <input_file_ref idref="fl-ce"/>
      </object_component>
      <object_component id="oc-36c">
         <name>.text</name>
         <load_address>0x5bfc</load_address>
         <run_address>0x5bfc</run_address>
         <size>0x48</size>
         <input_file_ref idref="fl-eb"/>
      </object_component>
      <object_component id="oc-4dd">
         <name>.text:HOSTclose</name>
         <load_address>0x5c44</load_address>
         <run_address>0x5c44</run_address>
         <size>0x44</size>
         <input_file_ref idref="fl-f4"/>
      </object_component>
      <object_component id="oc-4f5">
         <name>.text:HOSTunlink</name>
         <load_address>0x5c88</load_address>
         <run_address>0x5c88</run_address>
         <size>0x44</size>
         <input_file_ref idref="fl-f9"/>
      </object_component>
      <object_component id="oc-24e">
         <name>.text:__TI_auto_init_nobinit_nopinit:__TI_auto_init_nobinit_nopinit</name>
         <load_address>0x5ccc</load_address>
         <run_address>0x5ccc</run_address>
         <size>0x44</size>
         <input_file_ref idref="fl-d5"/>
      </object_component>
      <object_component id="oc-539">
         <name>.text:getdevice</name>
         <load_address>0x5d10</load_address>
         <run_address>0x5d10</run_address>
         <size>0x44</size>
         <input_file_ref idref="fl-100"/>
      </object_component>
      <object_component id="oc-394">
         <name>.text:_fcpy</name>
         <load_address>0x5d54</load_address>
         <run_address>0x5d54</run_address>
         <size>0x3e</size>
         <input_file_ref idref="fl-d8"/>
      </object_component>
      <object_component id="oc-4c0">
         <name>.text:minsert</name>
         <load_address>0x5d94</load_address>
         <run_address>0x5d94</run_address>
         <size>0x3c</size>
         <input_file_ref idref="fl-fc"/>
      </object_component>
      <object_component id="oc-51b">
         <name>.text:__TI_writemsg</name>
         <load_address>0x5dd0</load_address>
         <run_address>0x5dd0</run_address>
         <size>0x38</size>
         <input_file_ref idref="fl-fb"/>
      </object_component>
      <object_component id="oc-6a">
         <name>.text:_c_int00_noargs:_c_int00_noargs</name>
         <load_address>0x5e08</load_address>
         <run_address>0x5e08</run_address>
         <size>0x38</size>
         <input_file_ref idref="fl-cd"/>
      </object_component>
      <object_component id="oc-4b4">
         <name>.text:minit</name>
         <load_address>0x5e40</load_address>
         <run_address>0x5e40</run_address>
         <size>0x38</size>
         <input_file_ref idref="fl-fc"/>
      </object_component>
      <object_component id="oc-559">
         <name>.text:strncpy</name>
         <load_address>0x5e78</load_address>
         <run_address>0x5e78</run_address>
         <size>0x36</size>
         <input_file_ref idref="fl-103"/>
      </object_component>
      <object_component id="oc-48c">
         <name>.text:__TI_cleanup</name>
         <load_address>0x5eb0</load_address>
         <run_address>0x5eb0</run_address>
         <size>0x34</size>
         <input_file_ref idref="fl-fd"/>
      </object_component>
      <object_component id="oc-521">
         <name>.text:__TI_readmsg</name>
         <load_address>0x5ee4</load_address>
         <run_address>0x5ee4</run_address>
         <size>0x34</size>
         <input_file_ref idref="fl-fb"/>
      </object_component>
      <object_component id="oc-55f">
         <name>.text:finddevice</name>
         <load_address>0x5f18</load_address>
         <run_address>0x5f18</run_address>
         <size>0x30</size>
         <input_file_ref idref="fl-100"/>
      </object_component>
      <object_component id="oc-377">
         <name>.text</name>
         <load_address>0x5f48</load_address>
         <run_address>0x5f48</run_address>
         <size>0x2e</size>
         <input_file_ref idref="fl-ec"/>
      </object_component>
      <object_component id="oc-510">
         <name>.text:unlink</name>
         <load_address>0x5f78</load_address>
         <run_address>0x5f78</run_address>
         <size>0x2c</size>
         <input_file_ref idref="fl-104"/>
      </object_component>
      <object_component id="oc-478">
         <name>.text:lseek</name>
         <load_address>0x5fa4</load_address>
         <run_address>0x5fa4</run_address>
         <size>0x28</size>
         <input_file_ref idref="fl-f2"/>
      </object_component>
      <object_component id="oc-4ba">
         <name>.text:mremove</name>
         <load_address>0x5fcc</load_address>
         <run_address>0x5fcc</run_address>
         <size>0x28</size>
         <input_file_ref idref="fl-fc"/>
      </object_component>
      <object_component id="oc-3e5">
         <name>.text:write</name>
         <load_address>0x5ff4</load_address>
         <run_address>0x5ff4</run_address>
         <size>0x28</size>
         <input_file_ref idref="fl-e2"/>
      </object_component>
      <object_component id="oc-18f">
         <name>.text:_SysCtlMemTimingGet</name>
         <load_address>0x601c</load_address>
         <run_address>0x601c</run_address>
         <size>0x20</size>
         <input_file_ref idref="fl-108"/>
      </object_component>
      <object_component id="oc-3d9">
         <name>.text:memchr</name>
         <load_address>0x603c</load_address>
         <run_address>0x603c</run_address>
         <size>0x20</size>
         <input_file_ref idref="fl-e0"/>
      </object_component>
      <object_component id="oc-2dd">
         <name>.text:memccpy</name>
         <load_address>0x605c</load_address>
         <run_address>0x605c</run_address>
         <size>0x1c</size>
         <input_file_ref idref="fl-df"/>
      </object_component>
      <object_component id="oc-574">
         <name>.text:strcmp</name>
         <load_address>0x6078</load_address>
         <run_address>0x6078</run_address>
         <size>0x18</size>
         <input_file_ref idref="fl-102"/>
      </object_component>
      <object_component id="oc-3a8">
         <name>.text:strchr</name>
         <load_address>0x6090</load_address>
         <run_address>0x6090</run_address>
         <size>0x16</size>
         <input_file_ref idref="fl-e1"/>
      </object_component>
      <object_component id="oc-424">
         <name>.text:copysign</name>
         <load_address>0x60a6</load_address>
         <run_address>0x60a6</run_address>
         <size>0x14</size>
         <input_file_ref idref="fl-e5"/>
      </object_component>
      <object_component id="oc-bf">
         <name>.text:strcpy</name>
         <load_address>0x60ba</load_address>
         <run_address>0x60ba</run_address>
         <size>0x14</size>
         <input_file_ref idref="fl-d2"/>
      </object_component>
      <object_component id="oc-c5">
         <name>.text:strlen</name>
         <load_address>0x60ce</load_address>
         <run_address>0x60ce</run_address>
         <size>0x14</size>
         <input_file_ref idref="fl-d3"/>
      </object_component>
      <object_component id="oc-2e3">
         <name>.text:wcslen</name>
         <load_address>0x60e2</load_address>
         <run_address>0x60e2</run_address>
         <size>0x12</size>
         <input_file_ref idref="fl-e6"/>
      </object_component>
      <object_component id="oc-18">
         <name>.text:decompress:none:__TI_decompress_none</name>
         <load_address>0x60f4</load_address>
         <run_address>0x60f4</run_address>
         <size>0xe</size>
         <input_file_ref idref="fl-cb"/>
      </object_component>
      <object_component id="oc-5e">
         <name>.text:decompress:ZI:__TI_zero_init</name>
         <load_address>0x6102</load_address>
         <run_address>0x6102</run_address>
         <size>0xc</size>
         <input_file_ref idref="fl-ca"/>
      </object_component>
      <object_component id="oc-27">
         <name>.text</name>
         <load_address>0x610e</load_address>
         <run_address>0x610e</run_address>
         <size>0xc</size>
         <input_file_ref idref="fl-2"/>
      </object_component>
      <object_component id="oc-f8">
         <name>.text:UARTCharPut</name>
         <load_address>0x611a</load_address>
         <run_address>0x611a</run_address>
         <size>0xa</size>
         <input_file_ref idref="fl-109"/>
      </object_component>
      <object_component id="oc-ac">
         <name>.text:UARTLoopbackEnable</name>
         <load_address>0x6124</load_address>
         <run_address>0x6124</run_address>
         <size>0xa</size>
         <input_file_ref idref="fl-109"/>
      </object_component>
      <object_component id="oc-2e9">
         <name>.text:__aeabi_errno_addr</name>
         <load_address>0x6130</load_address>
         <run_address>0x6130</run_address>
         <size>0x8</size>
         <input_file_ref idref="fl-ee"/>
      </object_component>
      <object_component id="oc-ec">
         <name>.text:GPIOPinWrite</name>
         <load_address>0x6138</load_address>
         <run_address>0x6138</run_address>
         <size>0x6</size>
         <input_file_ref idref="fl-106"/>
      </object_component>
      <object_component id="oc-be">
         <name>.text:SysCtlDelay</name>
         <load_address>0x613e</load_address>
         <run_address>0x613e</run_address>
         <size>0x6</size>
         <input_file_ref idref="fl-108"/>
      </object_component>
      <object_component id="oc-1d0">
         <name>.text:_outc</name>
         <load_address>0x6144</load_address>
         <run_address>0x6144</run_address>
         <size>0x4</size>
         <input_file_ref idref="fl-d1"/>
      </object_component>
      <object_component id="oc-1ca">
         <name>.text:_outs</name>
         <load_address>0x6148</load_address>
         <run_address>0x6148</run_address>
         <size>0x4</size>
         <input_file_ref idref="fl-d1"/>
      </object_component>
      <object_component id="oc-138">
         <name>.text:_system_pre_init</name>
         <load_address>0x614c</load_address>
         <run_address>0x614c</run_address>
         <size>0x4</size>
         <input_file_ref idref="fl-d6"/>
      </object_component>
      <object_component id="oc-242">
         <name>.text:abort:abort</name>
         <load_address>0x6150</load_address>
         <run_address>0x6150</run_address>
         <size>0x4</size>
         <input_file_ref idref="fl-ce"/>
      </object_component>
      <object_component id="oc-19e">
         <name>.const:g_pppui32XTALtoVCO</name>
         <load_address>0x6154</load_address>
         <run_address>0x6154</run_address>
         <size>0x1b0</size>
         <input_file_ref idref="fl-108"/>
      </object_component>
      <object_component id="oc-351">
         <name>.const:.string:_ctypes_</name>
         <load_address>0x6304</load_address>
         <run_address>0x6304</run_address>
         <size>0x101</size>
         <input_file_ref idref="fl-da"/>
      </object_component>
      <object_component id="oc-1ab">
         <name>.const:g_pui32GPIOBaseAddrs</name>
         <load_address>0x6408</load_address>
         <run_address>0x6408</run_address>
         <size>0x90</size>
         <input_file_ref idref="fl-106"/>
      </object_component>
      <object_component id="oc-19b">
         <name>.const:g_pui32Xtals</name>
         <load_address>0x6498</load_address>
         <run_address>0x6498</run_address>
         <size>0x6c</size>
         <input_file_ref idref="fl-108"/>
      </object_component>
      <object_component id="oc-29c">
         <name>.const:g_sXTALtoMEMTIM</name>
         <load_address>0x6504</load_address>
         <run_address>0x6504</run_address>
         <size>0x30</size>
         <input_file_ref idref="fl-108"/>
      </object_component>
      <object_component id="oc-1a1">
         <name>.const</name>
         <load_address>0x6534</load_address>
         <run_address>0x6534</run_address>
         <size>0x8</size>
         <input_file_ref idref="fl-108"/>
      </object_component>
      <object_component id="oc-f4">
         <name>.const:.string:$P$T0$1</name>
         <load_address>0x653c</load_address>
         <run_address>0x653c</run_address>
         <size>0x7</size>
         <input_file_ref idref="fl-1"/>
      </object_component>
      <object_component id="oc-86">
         <name>.const</name>
         <load_address>0x6544</load_address>
         <run_address>0x6544</run_address>
         <size>0x4</size>
         <input_file_ref idref="fl-9"/>
      </object_component>
      <object_component id="oc-5ac">
         <name>.cinit..data.load</name>
         <load_address>0x6548</load_address>
         <run_address>0x6548</run_address>
         <size>0x7c</size>
      </object_component>
      <object_component id="oc-5aa">
         <name>__TI_handler_table</name>
         <load_address>0x65c4</load_address>
         <run_address>0x65c4</run_address>
         <size>0xc</size>
      </object_component>
      <object_component id="oc-5ad">
         <name>.cinit..bss.load</name>
         <load_address>0x65d0</load_address>
         <run_address>0x65d0</run_address>
         <size>0x8</size>
      </object_component>
      <object_component id="oc-5ab">
         <name>__TI_cinit_table</name>
         <load_address>0x65d8</load_address>
         <run_address>0x65d8</run_address>
         <size>0x10</size>
      </object_component>
      <object_component id="oc-e8">
         <name>.data</name>
         <load_address>0x20018c08</load_address>
         <run_address>0x20018c08</run_address>
         <size>0x4</size>
         <input_file_ref idref="fl-1"/>
      </object_component>
      <object_component id="oc-83">
         <name>.data</name>
         <load_address>0x20018b90</load_address>
         <run_address>0x20018b90</run_address>
         <size>0x34</size>
         <input_file_ref idref="fl-7"/>
      </object_component>
      <object_component id="oc-1e7">
         <name>.data</name>
         <load_address>0x20018bec</load_address>
         <run_address>0x20018bec</run_address>
         <size>0xc</size>
         <input_file_ref idref="fl-8"/>
      </object_component>
      <object_component id="oc-90">
         <name>.data</name>
         <load_address>0x20018c0c</load_address>
         <run_address>0x20018c0c</run_address>
         <size>0x4</size>
         <input_file_ref idref="fl-9"/>
      </object_component>
      <object_component id="oc-280">
         <name>.data</name>
         <load_address>0x20018c00</load_address>
         <run_address>0x20018c00</run_address>
         <size>0x8</size>
         <input_file_ref idref="fl-b"/>
      </object_component>
      <object_component id="oc-32b">
         <name>.data:$O1$$</name>
         <load_address>0x20018bd4</load_address>
         <run_address>0x20018bd4</run_address>
         <size>0xc</size>
         <input_file_ref idref="fl-ce"/>
      </object_component>
      <object_component id="oc-1c4">
         <name>.data:$O1$$</name>
         <load_address>0x20018bf8</load_address>
         <run_address>0x20018bf8</run_address>
         <size>0x8</size>
         <input_file_ref idref="fl-cf"/>
      </object_component>
      <object_component id="oc-1c7">
         <name>.data:_ftable</name>
         <load_address>0x200189d8</load_address>
         <run_address>0x200189d8</run_address>
         <size>0xf0</size>
         <input_file_ref idref="fl-db"/>
      </object_component>
      <object_component id="oc-4d1">
         <name>.data</name>
         <load_address>0x20018bc4</load_address>
         <run_address>0x20018bc4</run_address>
         <size>0x10</size>
         <input_file_ref idref="fl-db"/>
      </object_component>
      <object_component id="oc-49f">
         <name>.data:_device</name>
         <load_address>0x20018ac8</load_address>
         <run_address>0x20018ac8</run_address>
         <size>0x78</size>
         <input_file_ref idref="fl-e2"/>
      </object_component>
      <object_component id="oc-452">
         <name>.data:_stream</name>
         <load_address>0x20018b40</load_address>
         <run_address>0x20018b40</run_address>
         <size>0x50</size>
         <input_file_ref idref="fl-e2"/>
      </object_component>
      <object_component id="oc-3b8">
         <name>.data</name>
         <load_address>0x20018c10</load_address>
         <run_address>0x20018c10</run_address>
         <size>0x4</size>
         <input_file_ref idref="fl-ee"/>
      </object_component>
      <object_component id="oc-4c6">
         <name>.data:$O1$$</name>
         <load_address>0x20018be0</load_address>
         <run_address>0x20018be0</run_address>
         <size>0xc</size>
         <input_file_ref idref="fl-fc"/>
      </object_component>
      <object_component id="oc-16b">
         <name>.bss:pxReadyTasksLists</name>
         <uninitialized>true</uninitialized>
         <run_address>0x20018860</run_address>
         <size>0x64</size>
         <input_file_ref idref="fl-7"/>
      </object_component>
      <object_component id="oc-17a">
         <name>.bss:xDelayedTaskList1</name>
         <uninitialized>true</uninitialized>
         <run_address>0x2001892c</run_address>
         <size>0x14</size>
         <input_file_ref idref="fl-7"/>
      </object_component>
      <object_component id="oc-17d">
         <name>.bss:xDelayedTaskList2</name>
         <uninitialized>true</uninitialized>
         <run_address>0x20018940</run_address>
         <size>0x14</size>
         <input_file_ref idref="fl-7"/>
      </object_component>
      <object_component id="oc-171">
         <name>.bss</name>
         <uninitialized>true</uninitialized>
         <run_address>0x20018990</run_address>
         <size>0x8</size>
         <input_file_ref idref="fl-7"/>
      </object_component>
      <object_component id="oc-177">
         <name>.bss:xPendingReadyList</name>
         <uninitialized>true</uninitialized>
         <run_address>0x20018954</run_address>
         <size>0x14</size>
         <input_file_ref idref="fl-7"/>
      </object_component>
      <object_component id="oc-16e">
         <name>.bss:xTasksWaitingTermination</name>
         <uninitialized>true</uninitialized>
         <run_address>0x2001897c</run_address>
         <size>0x14</size>
         <input_file_ref idref="fl-7"/>
      </object_component>
      <object_component id="oc-174">
         <name>.bss:xSuspendedTaskList</name>
         <uninitialized>true</uninitialized>
         <run_address>0x20018968</run_address>
         <size>0x14</size>
         <input_file_ref idref="fl-7"/>
      </object_component>
      <object_component id="oc-1ed">
         <name>.bss:xActiveTimerList1</name>
         <uninitialized>true</uninitialized>
         <run_address>0x20018904</run_address>
         <size>0x14</size>
         <input_file_ref idref="fl-8"/>
      </object_component>
      <object_component id="oc-1f0">
         <name>.bss:xActiveTimerList2</name>
         <uninitialized>true</uninitialized>
         <run_address>0x20018918</run_address>
         <size>0x14</size>
         <input_file_ref idref="fl-8"/>
      </object_component>
      <object_component id="oc-1ea">
         <name>.bss</name>
         <uninitialized>true</uninitialized>
         <run_address>0x20018998</run_address>
         <size>0x8</size>
         <input_file_ref idref="fl-8"/>
      </object_component>
      <object_component id="oc-289">
         <name>.bss:ucHeap</name>
         <uninitialized>true</uninitialized>
         <run_address>0x20000000</run_address>
         <size>0x186a0</size>
         <input_file_ref idref="fl-b"/>
      </object_component>
      <object_component id="oc-283">
         <name>.bss:xStart</name>
         <uninitialized>true</uninitialized>
         <run_address>0x200189a8</run_address>
         <size>0x8</size>
         <input_file_ref idref="fl-b"/>
      </object_component>
      <object_component id="oc-286">
         <name>.bss:xEnd</name>
         <uninitialized>true</uninitialized>
         <run_address>0x200189a0</run_address>
         <size>0x8</size>
         <input_file_ref idref="fl-b"/>
      </object_component>
      <object_component id="oc-543">
         <name>.bss:_CIOBUF_</name>
         <uninitialized>true</uninitialized>
         <run_address>0x200186a0</run_address>
         <size>0x120</size>
         <input_file_ref idref="fl-fb"/>
      </object_component>
      <object_component id="oc-d7">
         <name>.common:gui32_sys_clock_rate</name>
         <uninitialized>true</uninitialized>
         <run_address>0x200189b8</run_address>
         <size>0x4</size>
      </object_component>
      <object_component id="oc-eb">
         <name>.common:hdl_toggle_led_event_task</name>
         <uninitialized>true</uninitialized>
         <run_address>0x200189c4</run_address>
         <size>0x4</size>
      </object_component>
      <object_component id="oc-f2">
         <name>.common:hdl_log_str_event_task</name>
         <uninitialized>true</uninitialized>
         <run_address>0x200189bc</run_address>
         <size>0x4</size>
      </object_component>
      <object_component id="oc-f3">
         <name>.common:hdl_sig_handler_task</name>
         <uninitialized>true</uninitialized>
         <run_address>0x200189c0</run_address>
         <size>0x4</size>
      </object_component>
      <object_component id="oc-f7">
         <name>.common:xLEDEventTaskTimer</name>
         <uninitialized>true</uninitialized>
         <run_address>0x200189c8</run_address>
         <size>0x4</size>
      </object_component>
      <object_component id="oc-ff">
         <name>.common:xLogStringEventTaskTimer</name>
         <uninitialized>true</uninitialized>
         <run_address>0x200189cc</run_address>
         <size>0x4</size>
      </object_component>
      <object_component id="oc-fe">
         <name>.common:xTimer1Start</name>
         <uninitialized>true</uninitialized>
         <run_address>0x200189d0</run_address>
         <size>0x4</size>
      </object_component>
      <object_component id="oc-100">
         <name>.common:xTimer2Start</name>
         <uninitialized>true</uninitialized>
         <run_address>0x200189d4</run_address>
         <size>0x4</size>
      </object_component>
      <object_component id="oc-1b2">
         <name>.common:xQueueRegistry</name>
         <uninitialized>true</uninitialized>
         <run_address>0x200188c4</run_address>
         <size>0x40</size>
      </object_component>
      <object_component id="oc-516">
         <name>.common:__TI_tmpnams</name>
         <uninitialized>true</uninitialized>
         <run_address>0x200187c0</run_address>
         <size>0xa0</size>
      </object_component>
      <object_component id="oc-527">
         <name>.common:parmbuf</name>
         <uninitialized>true</uninitialized>
         <run_address>0x200189b0</run_address>
         <size>0x8</size>
      </object_component>
      <object_component id="oc-24">
         <name>.sysmem</name>
         <uninitialized>true</uninitialized>
         <run_address>0x20018e18</run_address>
         <size>0x8</size>
         <input_file_ref idref="fl-fc"/>
      </object_component>
      <object_component id="oc-5af">
         <name>.sysmem</name>
         <uninitialized>true</uninitialized>
         <run_address>0x20018e18</run_address>
         <size>0x0</size>
      </object_component>
      <object_component id="oc-21">
         <name>.stack</name>
         <uninitialized>true</uninitialized>
         <run_address>0x20018c18</run_address>
         <size>0x4</size>
         <input_file_ref idref="fl-cd"/>
      </object_component>
      <object_component id="oc-5ae">
         <name>.stack</name>
         <uninitialized>true</uninitialized>
         <run_address>0x20018c18</run_address>
         <size>0x0</size>
      </object_component>
      <object_component id="oc-de">
         <name>.debug_info</name>
         <load_address>0x0</load_address>
         <run_address>0x0</run_address>
         <size>0xa60</size>
         <input_file_ref idref="fl-1"/>
      </object_component>
      <object_component id="oc-e9">
         <name>.debug_info</name>
         <load_address>0xa60</load_address>
         <run_address>0xa60</run_address>
         <size>0xd7</size>
         <input_file_ref idref="fl-1"/>
      </object_component>
      <object_component id="oc-f5">
         <name>.debug_info</name>
         <load_address>0xb37</load_address>
         <run_address>0xb37</run_address>
         <size>0xd8</size>
         <input_file_ref idref="fl-1"/>
      </object_component>
      <object_component id="oc-39">
         <name>.debug_info</name>
         <load_address>0xc0f</load_address>
         <run_address>0xc0f</run_address>
         <size>0xbeb</size>
         <input_file_ref idref="fl-1"/>
      </object_component>
      <object_component id="oc-158">
         <name>.debug_info</name>
         <load_address>0x17fa</load_address>
         <run_address>0x17fa</run_address>
         <size>0x30c</size>
         <input_file_ref idref="fl-1"/>
      </object_component>
      <object_component id="oc-118">
         <name>.debug_info</name>
         <load_address>0x1b06</load_address>
         <run_address>0x1b06</run_address>
         <size>0x26b</size>
         <input_file_ref idref="fl-1"/>
      </object_component>
      <object_component id="oc-18a">
         <name>.debug_info</name>
         <load_address>0x1d71</load_address>
         <run_address>0x1d71</run_address>
         <size>0x3cd</size>
         <input_file_ref idref="fl-1"/>
      </object_component>
      <object_component id="oc-102">
         <name>.debug_info</name>
         <load_address>0x213e</load_address>
         <run_address>0x213e</run_address>
         <size>0x8b</size>
         <input_file_ref idref="fl-1"/>
      </object_component>
      <object_component id="oc-1b4">
         <name>.debug_info</name>
         <load_address>0x21c9</load_address>
         <run_address>0x21c9</run_address>
         <size>0x46</size>
         <input_file_ref idref="fl-1"/>
      </object_component>
      <object_component id="oc-107">
         <name>.debug_info</name>
         <load_address>0x220f</load_address>
         <run_address>0x220f</run_address>
         <size>0x46</size>
         <input_file_ref idref="fl-1"/>
      </object_component>
      <object_component id="oc-96">
         <name>.debug_info</name>
         <load_address>0x2255</load_address>
         <run_address>0x2255</run_address>
         <size>0x2c</size>
         <input_file_ref idref="fl-1"/>
      </object_component>
      <object_component id="oc-232">
         <name>.debug_info</name>
         <load_address>0x2281</load_address>
         <run_address>0x2281</run_address>
         <size>0x297</size>
         <input_file_ref idref="fl-1"/>
      </object_component>
      <object_component id="oc-111">
         <name>.debug_info</name>
         <load_address>0x2518</load_address>
         <run_address>0x2518</run_address>
         <size>0xbb</size>
         <input_file_ref idref="fl-1"/>
      </object_component>
      <object_component id="oc-9b">
         <name>.debug_info</name>
         <load_address>0x25d3</load_address>
         <run_address>0x25d3</run_address>
         <size>0x53</size>
         <input_file_ref idref="fl-1"/>
      </object_component>
      <object_component id="oc-20b">
         <name>.debug_info</name>
         <load_address>0x2626</load_address>
         <run_address>0x2626</run_address>
         <size>0xcc</size>
         <input_file_ref idref="fl-1"/>
      </object_component>
      <object_component id="oc-1d8">
         <name>.debug_info</name>
         <load_address>0x26f2</load_address>
         <run_address>0x26f2</run_address>
         <size>0x2c</size>
         <input_file_ref idref="fl-1"/>
      </object_component>
      <object_component id="oc-10c">
         <name>.debug_info</name>
         <load_address>0x271e</load_address>
         <run_address>0x271e</run_address>
         <size>0x57</size>
         <input_file_ref idref="fl-1"/>
      </object_component>
      <object_component id="oc-185">
         <name>.debug_info</name>
         <load_address>0x2775</load_address>
         <run_address>0x2775</run_address>
         <size>0x14c</size>
         <input_file_ref idref="fl-1"/>
      </object_component>
      <object_component id="oc-40">
         <name>.debug_info</name>
         <load_address>0x28c1</load_address>
         <run_address>0x28c1</run_address>
         <size>0x357</size>
         <input_file_ref idref="fl-2"/>
      </object_component>
      <object_component id="oc-10">
         <name>.debug_info</name>
         <load_address>0x2c18</load_address>
         <run_address>0x2c18</run_address>
         <size>0xf8</size>
         <input_file_ref idref="fl-2"/>
      </object_component>
      <object_component id="oc-28">
         <name>.debug_info</name>
         <load_address>0x2d10</load_address>
         <run_address>0x2d10</run_address>
         <size>0x277</size>
         <input_file_ref idref="fl-2"/>
      </object_component>
      <object_component id="oc-47">
         <name>.debug_info</name>
         <load_address>0x2f87</load_address>
         <run_address>0x2f87</run_address>
         <size>0x84</size>
         <input_file_ref idref="fl-2"/>
      </object_component>
      <object_component id="oc-e0">
         <name>.debug_info</name>
         <load_address>0x300b</load_address>
         <run_address>0x300b</run_address>
         <size>0x214</size>
         <input_file_ref idref="fl-3"/>
      </object_component>
      <object_component id="oc-212">
         <name>.debug_info</name>
         <load_address>0x321f</load_address>
         <run_address>0x321f</run_address>
         <size>0xcc</size>
         <input_file_ref idref="fl-3"/>
      </object_component>
      <object_component id="oc-e2">
         <name>.debug_info</name>
         <load_address>0x32eb</load_address>
         <run_address>0x32eb</run_address>
         <size>0x64c</size>
         <input_file_ref idref="fl-4"/>
      </object_component>
      <object_component id="oc-1b9">
         <name>.debug_info</name>
         <load_address>0x3937</load_address>
         <run_address>0x3937</run_address>
         <size>0x110</size>
         <input_file_ref idref="fl-4"/>
      </object_component>
      <object_component id="oc-219">
         <name>.debug_info</name>
         <load_address>0x3a47</load_address>
         <run_address>0x3a47</run_address>
         <size>0x39</size>
         <input_file_ref idref="fl-4"/>
      </object_component>
      <object_component id="oc-21e">
         <name>.debug_info</name>
         <load_address>0x3a80</load_address>
         <run_address>0x3a80</run_address>
         <size>0x76</size>
         <input_file_ref idref="fl-4"/>
      </object_component>
      <object_component id="oc-e4">
         <name>.debug_info</name>
         <load_address>0x3af6</load_address>
         <run_address>0x3af6</run_address>
         <size>0x39c</size>
         <input_file_ref idref="fl-5"/>
      </object_component>
      <object_component id="oc-166">
         <name>.debug_info</name>
         <load_address>0x3e92</load_address>
         <run_address>0x3e92</run_address>
         <size>0x4b3</size>
         <input_file_ref idref="fl-5"/>
      </object_component>
      <object_component id="oc-e6">
         <name>.debug_info</name>
         <load_address>0x4345</load_address>
         <run_address>0x4345</run_address>
         <size>0x847</size>
         <input_file_ref idref="fl-6"/>
      </object_component>
      <object_component id="oc-b3">
         <name>.debug_info</name>
         <load_address>0x4b8c</load_address>
         <run_address>0x4b8c</run_address>
         <size>0x2d4c</size>
         <input_file_ref idref="fl-6"/>
      </object_component>
      <object_component id="oc-227">
         <name>.debug_info</name>
         <load_address>0x78d8</load_address>
         <run_address>0x78d8</run_address>
         <size>0x1cd</size>
         <input_file_ref idref="fl-6"/>
      </object_component>
      <object_component id="oc-d8">
         <name>.debug_info</name>
         <load_address>0x7aa5</load_address>
         <run_address>0x7aa5</run_address>
         <size>0x7a8</size>
         <input_file_ref idref="fl-7"/>
      </object_component>
      <object_component id="oc-84">
         <name>.debug_info</name>
         <load_address>0x824d</load_address>
         <run_address>0x824d</run_address>
         <size>0x350</size>
         <input_file_ref idref="fl-7"/>
      </object_component>
      <object_component id="oc-16c">
         <name>.debug_info</name>
         <load_address>0x859d</load_address>
         <run_address>0x859d</run_address>
         <size>0xf7</size>
         <input_file_ref idref="fl-7"/>
      </object_component>
      <object_component id="oc-17b">
         <name>.debug_info</name>
         <load_address>0x8694</load_address>
         <run_address>0x8694</run_address>
         <size>0xf7</size>
         <input_file_ref idref="fl-7"/>
      </object_component>
      <object_component id="oc-17e">
         <name>.debug_info</name>
         <load_address>0x878b</load_address>
         <run_address>0x878b</run_address>
         <size>0xf7</size>
         <input_file_ref idref="fl-7"/>
      </object_component>
      <object_component id="oc-172">
         <name>.debug_info</name>
         <load_address>0x8882</load_address>
         <run_address>0x8882</run_address>
         <size>0x13a</size>
         <input_file_ref idref="fl-7"/>
      </object_component>
      <object_component id="oc-178">
         <name>.debug_info</name>
         <load_address>0x89bc</load_address>
         <run_address>0x89bc</run_address>
         <size>0xf7</size>
         <input_file_ref idref="fl-7"/>
      </object_component>
      <object_component id="oc-16f">
         <name>.debug_info</name>
         <load_address>0x8ab3</load_address>
         <run_address>0x8ab3</run_address>
         <size>0x105</size>
         <input_file_ref idref="fl-7"/>
      </object_component>
      <object_component id="oc-175">
         <name>.debug_info</name>
         <load_address>0x8bb8</load_address>
         <run_address>0x8bb8</run_address>
         <size>0xf9</size>
         <input_file_ref idref="fl-7"/>
      </object_component>
      <object_component id="oc-8a">
         <name>.debug_info</name>
         <load_address>0x8cb1</load_address>
         <run_address>0x8cb1</run_address>
         <size>0x4682</size>
         <input_file_ref idref="fl-7"/>
      </object_component>
      <object_component id="oc-1fb">
         <name>.debug_info</name>
         <load_address>0xd333</load_address>
         <run_address>0xd333</run_address>
         <size>0x146</size>
         <input_file_ref idref="fl-7"/>
      </object_component>
      <object_component id="oc-da">
         <name>.debug_info</name>
         <load_address>0xd479</load_address>
         <run_address>0xd479</run_address>
         <size>0x87c</size>
         <input_file_ref idref="fl-8"/>
      </object_component>
      <object_component id="oc-1ee">
         <name>.debug_info</name>
         <load_address>0xdcf5</load_address>
         <run_address>0xdcf5</run_address>
         <size>0xf7</size>
         <input_file_ref idref="fl-8"/>
      </object_component>
      <object_component id="oc-1f1">
         <name>.debug_info</name>
         <load_address>0xddec</load_address>
         <run_address>0xddec</run_address>
         <size>0xf7</size>
         <input_file_ref idref="fl-8"/>
      </object_component>
      <object_component id="oc-1eb">
         <name>.debug_info</name>
         <load_address>0xdee3</load_address>
         <run_address>0xdee3</run_address>
         <size>0x12f</size>
         <input_file_ref idref="fl-8"/>
      </object_component>
      <object_component id="oc-1e8">
         <name>.debug_info</name>
         <load_address>0xe012</load_address>
         <run_address>0xe012</run_address>
         <size>0x11b</size>
         <input_file_ref idref="fl-8"/>
      </object_component>
      <object_component id="oc-d2">
         <name>.debug_info</name>
         <load_address>0xe12d</load_address>
         <run_address>0xe12d</run_address>
         <size>0x1af6</size>
         <input_file_ref idref="fl-8"/>
      </object_component>
      <object_component id="oc-1f4">
         <name>.debug_info</name>
         <load_address>0xfc23</load_address>
         <run_address>0xfc23</run_address>
         <size>0x1ce</size>
         <input_file_ref idref="fl-8"/>
      </object_component>
      <object_component id="oc-94">
         <name>.debug_info</name>
         <load_address>0xfdf1</load_address>
         <run_address>0xfdf1</run_address>
         <size>0x431</size>
         <input_file_ref idref="fl-9"/>
      </object_component>
      <object_component id="oc-87">
         <name>.debug_info</name>
         <load_address>0x10222</load_address>
         <run_address>0x10222</run_address>
         <size>0x124</size>
         <input_file_ref idref="fl-9"/>
      </object_component>
      <object_component id="oc-91">
         <name>.debug_info</name>
         <load_address>0x10346</load_address>
         <run_address>0x10346</run_address>
         <size>0x10b</size>
         <input_file_ref idref="fl-9"/>
      </object_component>
      <object_component id="oc-33">
         <name>.debug_info</name>
         <load_address>0x10451</load_address>
         <run_address>0x10451</run_address>
         <size>0x6be</size>
         <input_file_ref idref="fl-9"/>
      </object_component>
      <object_component id="oc-2e">
         <name>.debug_info</name>
         <load_address>0x10b0f</load_address>
         <run_address>0x10b0f</run_address>
         <size>0x25c</size>
         <input_file_ref idref="fl-a"/>
      </object_component>
      <object_component id="oc-dc">
         <name>.debug_info</name>
         <load_address>0x10d6b</load_address>
         <run_address>0x10d6b</run_address>
         <size>0x442</size>
         <input_file_ref idref="fl-b"/>
      </object_component>
      <object_component id="oc-28a">
         <name>.debug_info</name>
         <load_address>0x111ad</load_address>
         <run_address>0x111ad</run_address>
         <size>0xf2</size>
         <input_file_ref idref="fl-b"/>
      </object_component>
      <object_component id="oc-284">
         <name>.debug_info</name>
         <load_address>0x1129f</load_address>
         <run_address>0x1129f</run_address>
         <size>0xf2</size>
         <input_file_ref idref="fl-b"/>
      </object_component>
      <object_component id="oc-287">
         <name>.debug_info</name>
         <load_address>0x11391</load_address>
         <run_address>0x11391</run_address>
         <size>0xee</size>
         <input_file_ref idref="fl-b"/>
      </object_component>
      <object_component id="oc-281">
         <name>.debug_info</name>
         <load_address>0x1147f</load_address>
         <run_address>0x1147f</run_address>
         <size>0x10c</size>
         <input_file_ref idref="fl-b"/>
      </object_component>
      <object_component id="oc-160">
         <name>.debug_info</name>
         <load_address>0x1158b</load_address>
         <run_address>0x1158b</run_address>
         <size>0x675</size>
         <input_file_ref idref="fl-b"/>
      </object_component>
      <object_component id="oc-204">
         <name>.debug_info</name>
         <load_address>0x11c00</load_address>
         <run_address>0x11c00</run_address>
         <size>0x62</size>
         <input_file_ref idref="fl-b"/>
      </object_component>
      <object_component id="oc-4d">
         <name>.debug_info</name>
         <load_address>0x11c62</load_address>
         <run_address>0x11c62</run_address>
         <size>0x111</size>
         <input_file_ref idref="fl-c8"/>
      </object_component>
      <object_component id="oc-133">
         <name>.debug_info</name>
         <load_address>0x11d73</load_address>
         <run_address>0x11d73</run_address>
         <size>0x13f</size>
         <input_file_ref idref="fl-c9"/>
      </object_component>
      <object_component id="oc-131">
         <name>.debug_info</name>
         <load_address>0x11eb2</load_address>
         <run_address>0x11eb2</run_address>
         <size>0x313</size>
         <input_file_ref idref="fl-ca"/>
      </object_component>
      <object_component id="oc-5f">
         <name>.debug_info</name>
         <load_address>0x121c5</load_address>
         <run_address>0x121c5</run_address>
         <size>0x1aa</size>
         <input_file_ref idref="fl-ca"/>
      </object_component>
      <object_component id="oc-12c">
         <name>.debug_info</name>
         <load_address>0x1236f</load_address>
         <run_address>0x1236f</run_address>
         <size>0x46</size>
         <input_file_ref idref="fl-ca"/>
      </object_component>
      <object_component id="oc-1e0">
         <name>.debug_info</name>
         <load_address>0x123b5</load_address>
         <run_address>0x123b5</run_address>
         <size>0x2c</size>
         <input_file_ref idref="fl-ca"/>
      </object_component>
      <object_component id="oc-57">
         <name>.debug_info</name>
         <load_address>0x123e1</load_address>
         <run_address>0x123e1</run_address>
         <size>0x29d</size>
         <input_file_ref idref="fl-cb"/>
      </object_component>
      <object_component id="oc-19">
         <name>.debug_info</name>
         <load_address>0x1267e</load_address>
         <run_address>0x1267e</run_address>
         <size>0x1df</size>
         <input_file_ref idref="fl-cb"/>
      </object_component>
      <object_component id="oc-52">
         <name>.debug_info</name>
         <load_address>0x1285d</load_address>
         <run_address>0x1285d</run_address>
         <size>0x46</size>
         <input_file_ref idref="fl-cb"/>
      </object_component>
      <object_component id="oc-124">
         <name>.debug_info</name>
         <load_address>0x128a3</load_address>
         <run_address>0x128a3</run_address>
         <size>0x2c</size>
         <input_file_ref idref="fl-cb"/>
      </object_component>
      <object_component id="oc-122">
         <name>.debug_info</name>
         <load_address>0x128cf</load_address>
         <run_address>0x128cf</run_address>
         <size>0x293</size>
         <input_file_ref idref="fl-cc"/>
      </object_component>
      <object_component id="oc-13">
         <name>.debug_info</name>
         <load_address>0x12b62</load_address>
         <run_address>0x12b62</run_address>
         <size>0x245</size>
         <input_file_ref idref="fl-cc"/>
      </object_component>
      <object_component id="oc-42">
         <name>.debug_info</name>
         <load_address>0x12da7</load_address>
         <run_address>0x12da7</run_address>
         <size>0x60</size>
         <input_file_ref idref="fl-cc"/>
      </object_component>
      <object_component id="oc-237">
         <name>.debug_info</name>
         <load_address>0x12e07</load_address>
         <run_address>0x12e07</run_address>
         <size>0x46</size>
         <input_file_ref idref="fl-cc"/>
      </object_component>
      <object_component id="oc-11d">
         <name>.debug_info</name>
         <load_address>0x12e4d</load_address>
         <run_address>0x12e4d</run_address>
         <size>0x39</size>
         <input_file_ref idref="fl-cc"/>
      </object_component>
      <object_component id="oc-22">
         <name>.debug_info</name>
         <load_address>0x12e86</load_address>
         <run_address>0x12e86</run_address>
         <size>0x100</size>
         <input_file_ref idref="fl-cd"/>
      </object_component>
      <object_component id="oc-6b">
         <name>.debug_info</name>
         <load_address>0x12f86</load_address>
         <run_address>0x12f86</run_address>
         <size>0x1a4</size>
         <input_file_ref idref="fl-cd"/>
      </object_component>
      <object_component id="oc-32f">
         <name>.debug_info</name>
         <load_address>0x1312a</load_address>
         <run_address>0x1312a</run_address>
         <size>0x3a2</size>
         <input_file_ref idref="fl-ce"/>
      </object_component>
      <object_component id="oc-32c">
         <name>.debug_info</name>
         <load_address>0x134cc</load_address>
         <run_address>0x134cc</run_address>
         <size>0x185</size>
         <input_file_ref idref="fl-ce"/>
      </object_component>
      <object_component id="oc-243">
         <name>.debug_info</name>
         <load_address>0x13651</load_address>
         <run_address>0x13651</run_address>
         <size>0x117</size>
         <input_file_ref idref="fl-ce"/>
      </object_component>
      <object_component id="oc-249">
         <name>.debug_info</name>
         <load_address>0x13768</load_address>
         <run_address>0x13768</run_address>
         <size>0x179</size>
         <input_file_ref idref="fl-ce"/>
      </object_component>
      <object_component id="oc-303">
         <name>.debug_info</name>
         <load_address>0x138e1</load_address>
         <run_address>0x138e1</run_address>
         <size>0x2be</size>
         <input_file_ref idref="fl-cf"/>
      </object_component>
      <object_component id="oc-1c5">
         <name>.debug_info</name>
         <load_address>0x13b9f</load_address>
[...]
      <symbol id="sm-4d1">
         <name>ulMaxSyscallInterruptPriority</name>
         <value>0x6544</value>
         <object_component_ref idref="oc-86"/>
      </symbol>
      <symbol id="sm-4d2">
         <name>vPortSetupTimerInterrupt</name>
         <value>0x47e3</value>
         <object_component_ref idref="oc-32"/>
      </symbol>
      <symbol id="sm-4d3">
         <name>vPortEndScheduler</name>
         <value>0x4785</value>
         <object_component_ref idref="oc-32"/>
      </symbol>
      <symbol id="sm-4d4">
         <name>xPortSysTickHandler</name>
         <value>0x47bd</value>
         <object_component_ref idref="oc-32"/>
      </symbol>
      <symbol id="sm-4d5">
         <name>pxPortInitialiseStack</name>
         <value>0x46e5</value>
         <object_component_ref idref="oc-32"/>
      </symbol>
      <symbol id="sm-4d6">
         <name>vPortExitCritical</name>
         <value>0x47a7</value>
         <object_component_ref idref="oc-32"/>
      </symbol>
      <symbol id="sm-4d7">
         <name>xPortStartScheduler</name>
         <value>0x474f</value>
         <object_component_ref idref="oc-32"/>
      </symbol>
      <symbol id="sm-4d8">
         <name>vPortEnterCritical</name>
         <value>0x4787</value>
         <object_component_ref idref="oc-32"/>
      </symbol>
      <symbol id="sm-4e7">
         <name>vPortStartFirstTask</name>
         <value>0x4fd9</value>
         <object_component_ref idref="oc-2d"/>
      </symbol>
      <symbol id="sm-4e8">
         <name>ulPortGetIPSR</name>
         <value>0x4f41</value>
         <object_component_ref idref="oc-2d"/>
      </symbol>
      <symbol id="sm-4e9">
         <name>vPortEnableVFP</name>
         <value>0x4ff5</value>
         <object_component_ref idref="oc-2d"/>
      </symbol>
      <symbol id="sm-4ea">
         <name>xPortPendSVHandler</name>
         <value>0x4f59</value>
         <object_component_ref idref="oc-2d"/>
      </symbol>
      <symbol id="sm-4eb">
         <name>vPortSVCHandler</name>
         <value>0x4fb9</value>
         <object_component_ref idref="oc-2d"/>
      </symbol>
      <symbol id="sm-534">
         <name>vPortInitialiseBlocks</name>
         <value>0x42e7</value>
         <object_component_ref idref="oc-15f"/>
      </symbol>
      <symbol id="sm-535">
         <name>xPortGetFreeHeapSize</name>
         <value>0x42e1</value>
         <object_component_ref idref="oc-15f"/>
      </symbol>
      <symbol id="sm-536">
         <name>pvPortMalloc</name>
         <value>0x418d</value>
         <object_component_ref idref="oc-15f"/>
      </symbol>
      <symbol id="sm-537">
         <name>vPortFree</name>
         <value>0x4283</value>
         <object_component_ref idref="oc-15f"/>
      </symbol>
      <symbol id="sm-554">
         <name>memcpy</name>
         <value>0x50b7</value>
         <object_component_ref idref="oc-4c"/>
      </symbol>
      <symbol id="sm-555">
         <name>__aeabi_memcpy</name>
         <value>0x50b7</value>
         <object_component_ref idref="oc-4c"/>
      </symbol>
      <symbol id="sm-556">
         <name>__aeabi_memcpy8</name>
         <value>0x50b7</value>
         <object_component_ref idref="oc-4c"/>
      </symbol>
      <symbol id="sm-557">
         <name>__aeabi_memcpy4</name>
         <value>0x50b7</value>
         <object_component_ref idref="oc-4c"/>
      </symbol>
      <symbol id="sm-566">
         <name>__aeabi_memset</name>
         <value>0x5383</value>
         <object_component_ref idref="oc-132"/>
      </symbol>
      <symbol id="sm-567">
         <name>memset</name>
         <value>0x5389</value>
         <object_component_ref idref="oc-132"/>
      </symbol>
      <symbol id="sm-568">
         <name>__aeabi_memset8</name>
         <value>0x5383</value>
         <object_component_ref idref="oc-132"/>
      </symbol>
      <symbol id="sm-569">
         <name>__aeabi_memset4</name>
         <value>0x5383</value>
         <object_component_ref idref="oc-132"/>
      </symbol>
      <symbol id="sm-56a">
         <name>__aeabi_memclr8</name>
         <value>0x5381</value>
         <object_component_ref idref="oc-132"/>
      </symbol>
      <symbol id="sm-56b">
         <name>__aeabi_memclr4</name>
         <value>0x5381</value>
         <object_component_ref idref="oc-132"/>
      </symbol>
      <symbol id="sm-56c">
         <name>__aeabi_memclr</name>
         <value>0x5381</value>
         <object_component_ref idref="oc-132"/>
      </symbol>
      <symbol id="sm-583">
         <name>__TI_zero_init</name>
         <value>0x6103</value>
         <object_component_ref idref="oc-5e"/>
      </symbol>
      <symbol id="sm-59a">
         <name>__TI_decompress_none</name>
         <value>0x60f5</value>
         <object_component_ref idref="oc-18"/>
      </symbol>
      <symbol id="sm-5bd">
         <name>__TI_decompress_lzss</name>
         <value>0x5629</value>
         <object_component_ref idref="oc-12"/>
      </symbol>
      <symbol id="sm-5d0">
         <name>__stack</name>
         <value>0x20018c18</value>
         <object_component_ref idref="oc-21"/>
      </symbol>
      <symbol id="sm-5d1">
         <name>_c_int00_noargs</name>
         <value>0x5e09</value>
         <object_component_ref idref="oc-6a"/>
      </symbol>
      <symbol id="sm-5f7">
         <name>C$$EXIT</name>
         <value>0x6151</value>
         <object_component_ref idref="oc-242"/>
      </symbol>
      <symbol id="sm-5f8">
         <name>abort</name>
         <value>0x6151</value>
         <object_component_ref idref="oc-242"/>
      </symbol>
      <symbol id="sm-5f9">
         <name>__TI_dtors_ptr</name>
         <value>0x20018bd8</value>
         <object_component_ref idref="oc-32b"/>
      </symbol>
      <symbol id="sm-5fa">
         <name>__TI_cleanup_ptr</name>
         <value>0x20018bd4</value>
         <object_component_ref idref="oc-32b"/>
      </symbol>
      <symbol id="sm-5fb">
         <name>__TI_enable_exit_profile_output</name>
         <value>0x20018bdc</value>
         <object_component_ref idref="oc-32b"/>
      </symbol>
      <symbol id="sm-5fc">
         <name>exit</name>
         <value>0x5bb5</value>
         <object_component_ref idref="oc-248"/>
      </symbol>
      <symbol id="sm-611">
         <name>_nop</name>
         <value>0x2eef</value>
         <object_component_ref idref="oc-2fb"/>
      </symbol>
      <symbol id="sm-612">
         <name>_lock</name>
         <value>0x20018bf8</value>
         <object_component_ref idref="oc-1c4"/>
      </symbol>
      <symbol id="sm-613">
         <name>_unlock</name>
         <value>0x20018bfc</value>
         <object_component_ref idref="oc-1c4"/>
      </symbol>
      <symbol id="sm-640">
         <name>printf</name>
         <value>0x5691</value>
         <object_component_ref idref="oc-b8"/>
      </symbol>
      <symbol id="sm-64e">
         <name>strcpy</name>
         <value>0x60bb</value>
         <object_component_ref idref="oc-bf"/>
      </symbol>
      <symbol id="sm-65c">
         <name>strlen</name>
         <value>0x60cf</value>
         <object_component_ref idref="oc-c5"/>
      </symbol>
      <symbol id="sm-666">
         <name>__aeabi_idiv0</name>
         <value>0x418b</value>
         <object_component_ref idref="oc-40b"/>
      </symbol>
      <symbol id="sm-667">
         <name>__aeabi_ldiv0</name>
         <value>0x418b</value>
         <object_component_ref idref="oc-40b"/>
      </symbol>
      <symbol id="sm-68f">
         <name>__TI_auto_init_nobinit_nopinit</name>
         <value>0x5ccd</value>
         <object_component_ref idref="oc-24e"/>
      </symbol>
      <symbol id="sm-699">
         <name>_system_pre_init</name>
         <value>0x614d</value>
         <object_component_ref idref="oc-138"/>
      </symbol>
      <symbol id="sm-804">
         <name>__TI_printfi</name>
         <value>0x2491</value>
         <object_component_ref idref="oc-1be"/>
      </symbol>
      <symbol id="sm-81a">
         <name>atoi</name>
         <value>0x5ad9</value>
         <object_component_ref idref="oc-2b4"/>
      </symbol>
      <symbol id="sm-825">
         <name>_ctypes_</name>
         <value>0x6304</value>
         <object_component_ref idref="oc-351"/>
      </symbol>
      <symbol id="sm-83a">
         <name>__TI_tmpnams</name>
         <value>0x200187c0</value>
      </symbol>
      <symbol id="sm-83b">
         <name>__aeabi_stdout</name>
         <value>0x20018bcc</value>
         <object_component_ref idref="oc-4d1"/>
      </symbol>
      <symbol id="sm-83c">
         <name>__aeabi_stderr</name>
         <value>0x20018bd0</value>
         <object_component_ref idref="oc-4d1"/>
      </symbol>
      <symbol id="sm-83d">
         <name>__aeabi_stdin</name>
         <value>0x20018bc8</value>
         <object_component_ref idref="oc-4d1"/>
      </symbol>
      <symbol id="sm-83e">
         <name>_ftable</name>
         <value>0x200189d8</value>
         <object_component_ref idref="oc-1c7"/>
      </symbol>
      <symbol id="sm-83f">
         <name>__TI_ft_end</name>
         <value>0x20018bc4</value>
         <object_component_ref idref="oc-4d1"/>
      </symbol>
      <symbol id="sm-854">
         <name>putc</name>
         <value>0x51e9</value>
         <object_component_ref idref="oc-310"/>
      </symbol>
      <symbol id="sm-855">
         <name>fputc</name>
         <value>0x51e9</value>
         <object_component_ref idref="oc-310"/>
      </symbol>
      <symbol id="sm-873">
         <name>fputs</name>
         <value>0x4a5d</value>
         <object_component_ref idref="oc-309"/>
      </symbol>
      <symbol id="sm-882">
         <name>ltoa</name>
         <value>0x59e7</value>
         <object_component_ref idref="oc-371"/>
      </symbol>
      <symbol id="sm-892">
         <name>memccpy</name>
         <value>0x605d</value>
         <object_component_ref idref="oc-2dd"/>
      </symbol>
      <symbol id="sm-8a2">
         <name>memchr</name>
         <value>0x603d</value>
         <object_component_ref idref="oc-3d9"/>
      </symbol>
      <symbol id="sm-8b2">
         <name>strchr</name>
         <value>0x6091</value>
         <object_component_ref idref="oc-3a8"/>
      </symbol>
      <symbol id="sm-8d8">
         <name>_stream</name>
         <value>0x20018b40</value>
         <object_component_ref idref="oc-452"/>
      </symbol>
      <symbol id="sm-8d9">
         <name>_device</name>
         <value>0x20018ac8</value>
         <object_component_ref idref="oc-49f"/>
      </symbol>
      <symbol id="sm-8da">
         <name>write</name>
         <value>0x5ff5</value>
         <object_component_ref idref="oc-3e5"/>
      </symbol>
      <symbol id="sm-8fa">
         <name>frexpl</name>
         <value>0x56f9</value>
         <object_component_ref idref="oc-39c"/>
      </symbol>
      <symbol id="sm-8fb">
         <name>frexp</name>
         <value>0x56f9</value>
         <object_component_ref idref="oc-39c"/>
      </symbol>
      <symbol id="sm-918">
         <name>scalbn</name>
         <value>0x4b71</value>
         <object_component_ref idref="oc-3a2"/>
      </symbol>
      <symbol id="sm-919">
         <name>scalbnl</name>
         <value>0x4b71</value>
         <object_component_ref idref="oc-3a2"/>
      </symbol>
      <symbol id="sm-91a">
         <name>ldexpl</name>
         <value>0x4b71</value>
         <object_component_ref idref="oc-3a2"/>
      </symbol>
      <symbol id="sm-91b">
         <name>ldexp</name>
         <value>0x4b71</value>
         <object_component_ref idref="oc-3a2"/>
      </symbol>
      <symbol id="sm-925">
         <name>copysign</name>
         <value>0x60a7</value>
         <object_component_ref idref="oc-424"/>
      </symbol>
      <symbol id="sm-926">
         <name>copysignl</name>
         <value>0x60a7</value>
         <object_component_ref idref="oc-424"/>
      </symbol>
      <symbol id="sm-93f">
         <name>wcslen</name>
         <value>0x60e3</value>
         <object_component_ref idref="oc-2e3"/>
      </symbol>
      <symbol id="sm-956">
         <name>__aeabi_dsub</name>
         <value>0x3fd5</value>
         <object_component_ref idref="oc-37c"/>
      </symbol>
      <symbol id="sm-957">
         <name>__aeabi_dadd</name>
         <value>0x3fdf</value>
         <object_component_ref idref="oc-37c"/>
      </symbol>
      <symbol id="sm-979">
         <name>__aeabi_cdcmpeq</name>
         <value>0x5275</value>
         <object_component_ref idref="oc-2c0"/>
      </symbol>
      <symbol id="sm-97a">
         <name>__aeabi_cdcmple</name>
         <value>0x5275</value>
         <object_component_ref idref="oc-2c0"/>
      </symbol>
      <symbol id="sm-97b">
         <name>__aeabi_cdrcmple</name>
         <value>0x52fb</value>
         <object_component_ref idref="oc-367"/>
      </symbol>
      <symbol id="sm-98f">
         <name>__aeabi_ddiv</name>
         <value>0x447d</value>
         <object_component_ref idref="oc-362"/>
      </symbol>
      <symbol id="sm-99a">
         <name>__aeabi_dmul</name>
         <value>0x4c81</value>
         <object_component_ref idref="oc-35d"/>
      </symbol>
      <symbol id="sm-9a4">
         <name>__aeabi_d2iz</name>
         <value>0x5bfd</value>
         <object_component_ref idref="oc-36c"/>
      </symbol>
      <symbol id="sm-9ae">
         <name>__aeabi_i2d</name>
         <value>0x5f49</value>
         <object_component_ref idref="oc-377"/>
      </symbol>
      <symbol id="sm-9bb">
         <name>__aeabi_uldivmod</name>
         <value>0x5153</value>
         <object_component_ref idref="oc-356"/>
      </symbol>
      <symbol id="sm-9d1">
         <name>__aeabi_errno_addr</name>
         <value>0x6131</value>
         <object_component_ref idref="oc-2e9"/>
      </symbol>
      <symbol id="sm-9d2">
         <name>errno</name>
         <value>0x20018c10</value>
         <object_component_ref idref="oc-3b8"/>
      </symbol>
      <symbol id="sm-9ea">
         <name>__TI_wrt_ok</name>
         <value>0x57c1</value>
         <object_component_ref idref="oc-3d3"/>
      </symbol>
      <symbol id="sm-9fa">
         <name>__TI_doflush</name>
         <value>0x5a8d</value>
         <object_component_ref idref="oc-3df"/>
      </symbol>
      <symbol id="sm-a0c">
         <name>fseek</name>
         <value>0x575d</value>
         <object_component_ref idref="oc-440"/>
      </symbol>
      <symbol id="sm-a1c">
         <name>lseek</name>
         <value>0x5fa5</value>
         <object_component_ref idref="oc-478"/>
      </symbol>
      <symbol id="sm-a38">
         <name>setvbuf</name>
         <value>0x4d7d</value>
         <object_component_ref idref="oc-446"/>
      </symbol>
      <symbol id="sm-a49">
         <name>HOSTclose</name>
         <value>0x5c45</value>
         <object_component_ref idref="oc-4dd"/>
      </symbol>
      <symbol id="sm-a5a">
         <name>HOSTlseek</name>
         <value>0x5559</value>
         <object_component_ref idref="oc-4ef"/>
      </symbol>
      <symbol id="sm-a6c">
         <name>parmbuf</name>
         <value>0x200189b0</value>
      </symbol>
      <symbol id="sm-a6d">
         <name>HOSTopen</name>
         <value>0x5825</value>
         <object_component_ref idref="oc-4d7"/>
      </symbol>
      <symbol id="sm-a7e">
         <name>HOSTread</name>
         <value>0x58e1</value>
         <object_component_ref idref="oc-4e3"/>
      </symbol>
      <symbol id="sm-a8f">
         <name>HOSTrename</name>
         <value>0x55c1</value>
         <object_component_ref idref="oc-4fb"/>
      </symbol>
      <symbol id="sm-aa0">
         <name>HOSTunlink</name>
         <value>0x5c89</value>
         <object_component_ref idref="oc-4f5"/>
      </symbol>
      <symbol id="sm-ab1">
         <name>HOSTwrite</name>
         <value>0x5939</value>
         <object_component_ref idref="oc-4e9"/>
      </symbol>
      <symbol id="sm-ad5">
         <name>__TI_readmsg</name>
         <value>0x5ee5</value>
         <object_component_ref idref="oc-521"/>
      </symbol>
      <symbol id="sm-ad6">
         <name>C$$IO$$</name>
         <value>0x5dff</value>
         <object_component_ref idref="oc-51b"/>
      </symbol>
      <symbol id="sm-ad7">
         <name>__CIOBUF_</name>
         <value>0x200186a0</value>
         <object_component_ref idref="oc-543"/>
      </symbol>
      <symbol id="sm-ad8">
         <name>__TI_writemsg</name>
         <value>0x5dd1</value>
         <object_component_ref idref="oc-51b"/>
      </symbol>
      <symbol id="sm-b53">
         <name>_sys_memory</name>
         <value>0x20018e18</value>
         <object_component_ref idref="oc-24"/>
      </symbol>
      <symbol id="sm-b54">
         <name>free</name>
         <value>0x4e59</value>
         <object_component_ref idref="oc-480"/>
      </symbol>
      <symbol id="sm-b55">
         <name>malloc</name>
         <value>0x53fd</value>
         <object_component_ref idref="oc-486"/>
      </symbol>
      <symbol id="sm-b56">
         <name>minit</name>
         <value>0x5e41</value>
         <object_component_ref idref="oc-4b4"/>
      </symbol>
      <symbol id="sm-b66">
         <name>__TI_cleanup</name>
         <value>0x5eb1</value>
         <object_component_ref idref="oc-48c"/>
      </symbol>
      <symbol id="sm-b7c">
         <name>__TI_closefile</name>
         <value>0x5475</value>
         <object_component_ref idref="oc-4cb"/>
      </symbol>
      <symbol id="sm-b9f">
         <name>finddevice</name>
         <value>0x5f19</value>
         <object_component_ref idref="oc-55f"/>
      </symbol>
      <symbol id="sm-ba0">
         <name>getdevice</name>
         <value>0x5d11</value>
         <object_component_ref idref="oc-539"/>
      </symbol>
      <symbol id="sm-bb0">
         <name>strcmp</name>
         <value>0x6079</value>
         <object_component_ref idref="oc-574"/>
      </symbol>
      <symbol id="sm-bc0">
         <name>strncpy</name>
         <value>0x5e79</value>
         <object_component_ref idref="oc-559"/>
      </symbol>
      <symbol id="sm-bd0">
         <name>unlink</name>
         <value>0x5f79</value>
         <object_component_ref idref="oc-510"/>
      </symbol>
      <symbol id="sm-be4">
         <name>close</name>
         <value>0x5885</value>
         <object_component_ref idref="oc-50a"/>
      </symbol>
      <symbol id="sm-c13">
         <name>GPIOPinConfigure</name>
         <value>0x5b25</value>
         <object_component_ref idref="oc-a6"/>
      </symbol>
      <symbol id="sm-c14">
         <name>GPIOPinWrite</name>
         <value>0x6139</value>
         <object_component_ref idref="oc-ec"/>
      </symbol>
      <symbol id="sm-c15">
         <name>GPIOPadConfigSet</name>
         <value>0x45b3</value>
         <object_component_ref idref="oc-cb"/>
      </symbol>
      <symbol id="sm-c7d">
         <name>SysCtlDelay</name>
         <value>0x613f</value>
         <object_component_ref idref="oc-be"/>
      </symbol>
      <symbol id="sm-c7e">
         <name>SysCtlClockFreqSet</name>
         <value>0x3c05</value>
         <object_component_ref idref="oc-a0"/>
      </symbol>
      <symbol id="sm-c94">
         <name>UARTLoopbackEnable</name>
         <value>0x6125</value>
         <object_component_ref idref="oc-ac"/>
      </symbol>
      <symbol id="sm-c95">
         <name>UARTCharPut</name>
         <value>0x611b</value>
         <object_component_ref idref="oc-f8"/>
      </symbol>
      <symbol id="sm-c97">
         <name>__TI_static_base__</name>
         <value>0x0</value>
      </symbol>
      <symbol id="sm-c9a">
         <name>__mpu_init</name>
         <value>0x0</value>
      </symbol>
      <symbol id="sm-c9b">
         <name>_system_post_cinit</name>
         <value>0x0</value>
      </symbol>
      <symbol id="sm-c9c">
         <name>remove</name>
         <value>0x5f79</value>
      </symbol>
   </symbol_table>
   <title>Link successful</title>
</link_info>
