******************************************************************************
                  TI ARM Linker Unix v18.1.1                   
******************************************************************************
>> Linked Sun Apr  8 13:24:16 2018

OUTPUT FILE NAME:   <freeRTOSTest.out>
ENTRY POINT SYMBOL: "_c_int00_noargs"  address: 000061a5


MEMORY CONFIGURATION

         name            origin    length      used     unused   attr    fill
----------------------  --------  ---------  --------  --------  ----  --------
  FLASH                 00000000   00100000  000067d4  000f982c  R  X
  SRAM                  20000000   00040000  00018cc8  00027338  RW X


SEGMENT ALLOCATION MAP

run origin  load origin   length   init length attrs members
----------  ----------- ---------- ----------- ----- -------
00000000    00000000    000067d8   000067d8    r-x
  00000000    00000000    00000208   00000208    r-- .intvecs
  00000208    00000208    00006128   00006128    r-x .text
  00006330    00006330    0000045c   0000045c    r-- .const
  00006790    00006790    00000048   00000048    r-- .cinit
20000000    20000000    00018cc8   00000000    rw-
  20000000    20000000    0000026c   00000000    rw- .vtable
  2000026c    2000026c    00018804   00000000    rw- .bss
  20018a70    20018a70    00000200   00000000    rw- .stack
  20018c70    20018c70    00000058   00000000    rw- .data


SECTION ALLOCATION MAP

 output                                  attributes/
section   page    origin      length       input sections
--------  ----  ----------  ----------   ----------------
.intvecs   0    00000000    00000208     
                  00000000    00000208     tm4c1294ncpdt_startup_ccs.obj (.intvecs)

.text      0    00000208    00006128     
                  00000208    000017b8     tasks.obj (.text)
                  000019c0    00001384     main.obj (.text)
                  00002d44    00000ad0     queue.obj (.text)
                  00003814    00000a5e     rtsv7M4_T_le_v4SPD16_eabi.lib : _printfi.c.obj (.text:__TI_printfi)
                  00004272    00000002     driverlib.lib : interrupt.obj (.text:_IntDefaultHandler)
                  00004274    00000578     timers.obj (.text)
                  000047ec    00000270     rtsv7M4_T_le_v4SPD16_eabi.lib : _printfi.c.obj (.text:_pconv_a)
                  00004a5c    000001d0                                   : _printfi.c.obj (.text:_pconv_g)
                  00004c2c    000001b6                                   : fd_add_t2.asm.obj (.text)
                  00004de2    00000002                                   : div0.asm.obj (.text)
                  00004de4    000001b4     heap_2.obj (.text)
                  00004f98    0000013c     rtsv7M4_T_le_v4SPD16_eabi.lib : _printfi.c.obj (.text:_pconv_e)
                  000050d4    00000136                                   : fd_div_t2.asm.obj (.text)
                  0000520a    00000132     driverlib.lib : gpio.obj (.text:GPIOPadConfigSet)
                  0000533c    0000012c     port.obj (.text)
                  00005468    0000012a     list.obj (.text)
                  00005592    00000002     --HOLE-- [fill = 0]
                  00005594    00000120     rtsv7M4_T_le_v4SPD16_eabi.lib : _printfi.c.obj (.text:fcvt)
                  000056b4    00000110                                   : s_scalbn.c.obj (.text:scalbn)
                  000057c4    000000fc                                   : fd_mul_t2.asm.obj (.text)
                  000058c0    000000d2     portasm.obj (.text)
                  00005992    00000002     --HOLE-- [fill = 0]
                  00005994    000000b1     rtsv7M4_T_le_v4SPD16_eabi.lib : _printfi.c.obj (.text:_ltostr)
                  00005a45    00000001     --HOLE-- [fill = 0]
                  00005a46    0000009c                                   : memcpy_t2.asm.obj (.text)
                  00005ae2    00000096                                   : ull_div_t2.asm.obj (.text)
                  00005b78    00000086                                   : fd_cmp_t2.asm.obj (.text:__aeabi_cdcmple)
                  00005bfe    00000086                                   : fd_cmp_t2.asm.obj (.text:__aeabi_cdrcmple)
                  00005c84    0000007a                                   : memset_t2.asm.obj (.text)
                  00005cfe    0000006e                                   : _printfi.c.obj (.text:_mcpy)
                  00005d6c    00000068     driverlib.lib : interrupt.obj (.text:IntDisable)
                  00005dd4    00000068                   : interrupt.obj (.text:IntEnable)
                  00005e3c    00000068     rtsv7M4_T_le_v4SPD16_eabi.lib : copy_decompress_lzss.c.obj (.text:decompress:lzss:__TI_decompress_lzss)
                  00005ea4    00000064                                   : s_frexp.c.obj (.text:frexp)
                  00005f08    00000056                                   : _printfi.c.obj (.text:_pconv_f)
                  00005f5e    00000054                                   : ltoa.c.obj (.text:ltoa)
                  00005fb2    00000052                                   : _printfi.c.obj (.text:_ecpy)
                  00006004    0000004c                                   : atoi.c.obj (.text:atoi)
                  00006050    00000048     driverlib.lib : gpio.obj (.text:GPIOPinConfigure)
                  00006098    00000048     rtsv7M4_T_le_v4SPD16_eabi.lib : fd_toi_t2.asm.obj (.text)
                  000060e0    00000044                                   : autoinit.c.obj (.text:__TI_auto_init_nobinit_nopinit:__TI_auto_init_nobinit_nopinit)
                  00006124    00000040                                   : sprintf.c.obj (.text:sprintf)
                  00006164    0000003e                                   : _printfi.c.obj (.text:_fcpy)
                  000061a2    00000002     --HOLE-- [fill = 0]
                  000061a4    00000038                                   : boot_cortex_m.c.obj (.text:_c_int00_noargs:_c_int00_noargs)
                  000061dc    00000034     driverlib.lib : interrupt.obj (.text:IntRegister)
                  00006210    0000002e     rtsv7M4_T_le_v4SPD16_eabi.lib : i_tofd_t2.asm.obj (.text)
                  0000623e    0000001c                                   : memccpy.c.obj (.text:memccpy)
                  0000625a    00000018                                   : sprintf.c.obj (.text:_outs)
                  00006272    00000016                                   : strchr.c.obj (.text:strchr)
                  00006288    00000014     driverlib.lib : interrupt.obj (.text:IntUnregister)
                  0000629c    00000014     rtsv7M4_T_le_v4SPD16_eabi.lib : s_copysign.c.obj (.text:copysign)
                  000062b0    00000014                                   : strlen.c.obj (.text:strlen)
                  000062c4    00000012                                   : wcslen.c.obj (.text:wcslen)
                  000062d6    0000000e                                   : copy_decompress_none.c.obj (.text:decompress:none:__TI_decompress_none)
                  000062e4    0000000c                                   : copy_zero_init.c.obj (.text:decompress:ZI:__TI_zero_init)
                  000062f0    0000000c     tm4c1294ncpdt_startup_ccs.obj (.text)
                  000062fc    0000000a     driverlib.lib : uart.obj (.text:UARTCharPut)
                  00006306    0000000a     rtsv7M4_T_le_v4SPD16_eabi.lib : sprintf.c.obj (.text:_outc)
                  00006310    00000008                                   : errno.c.obj (.text:__aeabi_errno_addr)
                  00006318    00000006     driverlib.lib : gpio.obj (.text:GPIOPinWrite)
                  0000631e    00000006     main.obj (.text:SysCtlDelay)
                  00006324    00000004     driverlib.lib : cpu.obj (.text:CPUwfi)
                  00006328    00000004     rtsv7M4_T_le_v4SPD16_eabi.lib : pre_init.c.obj (.text:_system_pre_init)
                  0000632c    00000004                                   : exit.c.obj (.text:abort:abort)

.const     0    00006330    0000045c     
                  00006330    000001b0     main.obj (.const:g_pppui32XTALtoVCO)
                  000064e0    00000101     rtsv7M4_T_le_v4SPD16_eabi.lib : ctype.c.obj (.const:.string:_ctypes_)
                  000065e1    00000003     --HOLE-- [fill = 0]
                  000065e4    00000090     driverlib.lib : gpio.obj (.const:g_pui32GPIOBaseAddrs)
                  00006674    00000070                   : interrupt.obj (.const)
                  000066e4    0000006c     main.obj (.const:g_pui32Xtals)
                  00006750    00000030     main.obj (.const:g_sXTALtoMEMTIM)
                  00006780    00000008     main.obj (.const:g_pui32VCOFrequencies)
                  00006788    00000004     port.obj (.const)

.cinit     0    00006790    00000048     
                  00006790    00000013     (.cinit..data.load) [load image, compression = lzss]
                  000067a3    00000001     --HOLE-- [fill = 0]
                  000067a4    0000000c     (__TI_handler_table)
                  000067b0    00000008     (.cinit..bss.load) [load image, compression = zero_init]
                  000067b8    00000008     (.cinit..vtable.load) [load image, compression = zero_init]
                  000067c0    00000018     (__TI_cinit_table)

.init_array 
*          0    00000000    00000000     UNINITIALIZED

.vtable    0    20000000    0000026c     UNINITIALIZED
                  20000000    0000026c     driverlib.lib : interrupt.obj (.vtable)

.bss       0    2000026c    00018804     UNINITIALIZED
                  2000026c    000186a0     heap_2.obj (.bss:ucHeap)
                  2001890c    00000064     tasks.obj (.bss:pxReadyTasksLists)
                  20018970    00000040     (.common:xQueueRegistry)
                  200189b0    00000014     timers.obj (.bss:xActiveTimerList1)
                  200189c4    00000014     timers.obj (.bss:xActiveTimerList2)
                  200189d8    00000014     tasks.obj (.bss:xDelayedTaskList1)
                  200189ec    00000014     tasks.obj (.bss:xDelayedTaskList2)
                  20018a00    00000014     tasks.obj (.bss:xPendingReadyList)
                  20018a14    00000014     tasks.obj (.bss:xSuspendedTaskList)
                  20018a28    00000014     tasks.obj (.bss:xTasksWaitingTermination)
                  20018a3c    00000008     tasks.obj (.bss)
                  20018a44    00000008     timers.obj (.bss)
                  20018a4c    00000008     heap_2.obj (.bss:xEnd)
                  20018a54    00000008     heap_2.obj (.bss:xStart)
                  20018a5c    00000004     (.common:gui32_sys_clock_rate)
                  20018a60    00000004     (.common:xLED2HzTaskTimer)
                  20018a64    00000004     (.common:xLED4HzTaskTimer)
                  20018a68    00000004     (.common:xTimer1Start)
                  20018a6c    00000004     (.common:xTimer2Start)

.data      0    20018c70    00000058     UNINITIALIZED
                  20018c70    00000034     tasks.obj (.data)
                  20018ca4    0000000c     timers.obj (.data)
                  20018cb0    00000008     heap_2.obj (.data)
                  20018cb8    00000008     main.obj (.data)
                  20018cc0    00000004     port.obj (.data)
                  20018cc4    00000004     rtsv7M4_T_le_v4SPD16_eabi.lib : errno.c.obj (.data)

.stack     0    20018a70    00000200     UNINITIALIZED
                  20018a70    00000004     rtsv7M4_T_le_v4SPD16_eabi.lib : boot_cortex_m.c.obj (.stack)
                  20018a74    000001fc     --HOLE--

MODULE SUMMARY

       Module                          code    ro data   rw data
       ------                          ----    -------   -------
    ./
       main.obj                        5002    596       28     
       tm4c1294ncpdt_startup_ccs.obj   12      520       0      
    +--+-------------------------------+-------+---------+---------+
       Total:                          5014    1116      28     
                                                                
    ./FreeRTOS/
       tasks.obj                       6072    0         260    
       queue.obj                       2768    0         64     
       timers.obj                      1400    0         60     
       list.obj                        298     0         0      
    +--+-------------------------------+-------+---------+---------+
       Total:                          10538   0         384    
                                                                
    ./FreeRTOS/portable/CCS/ARM_CM4F/
       port.obj                        300     4         4      
       portasm.obj                     210     0         0      
    +--+-------------------------------+-------+---------+---------+
       Total:                          510     4         4      
                                                                
    ./FreeRTOS/portable/MemMang/
       heap_2.obj                      436     0         100024 
    +--+-------------------------------+-------+---------+---------+
       Total:                          436     0         100024 
                                                                
    /Users/pavandhareshwar/CCS/ccsv8/tools/compiler/ti-cgt-arm_18.1.1.LTS/lib/rtsv7M4_T_le_v4SPD16_eabi.lib
       _printfi.c.obj                  4863    0         0      
       fd_add_t2.asm.obj               438     0         0      
       fd_div_t2.asm.obj               310     0         0      
       s_scalbn.c.obj                  272     0         0      
       fd_cmp_t2.asm.obj               268     0         0      
       ctype.c.obj                     0       257       0      
       fd_mul_t2.asm.obj               252     0         0      
       memcpy_t2.asm.obj               156     0         0      
       ull_div_t2.asm.obj              150     0         0      
       memset_t2.asm.obj               122     0         0      
       copy_decompress_lzss.c.obj      104     0         0      
       s_frexp.c.obj                   100     0         0      
       sprintf.c.obj                   98      0         0      
       ltoa.c.obj                      84      0         0      
       atoi.c.obj                      76      0         0      
       fd_toi_t2.asm.obj               72      0         0      
       autoinit.c.obj                  68      0         0      
       boot_cortex_m.c.obj             56      0         0      
       i_tofd_t2.asm.obj               46      0         0      
       memccpy.c.obj                   28      0         0      
       strchr.c.obj                    22      0         0      
       s_copysign.c.obj                20      0         0      
       strlen.c.obj                    20      0         0      
       wcslen.c.obj                    18      0         0      
       copy_decompress_none.c.obj      14      0         0      
       copy_zero_init.c.obj            12      0         0      
       errno.c.obj                     8       0         4      
       exit.c.obj                      4       0         0      
       pre_init.c.obj                  4       0         0      
       div0.asm.obj                    2       0         0      
    +--+-------------------------------+-------+---------+---------+
       Total:                          7687    257       4      
                                                                
    /Users/pavandhareshwar/Downloads/TivaWare/SW-TM4C-2.1.4.178/driverlib/ccs/Debug/driverlib.lib
       interrupt.obj                   282     112       620    
       gpio.obj                        384     144       0      
       uart.obj                        10      0         0      
       cpu.obj                         4       0         0      
    +--+-------------------------------+-------+---------+---------+
       Total:                          680     256       620    
                                                                
       Stack:                          0       0         512    
       Linker Generated:               0       71        0      
    +--+-------------------------------+-------+---------+---------+
       Grand Total:                    24865   1704      101576 


LINKER GENERATED COPY TABLES

__TI_cinit_table @ 000067c0 records: 3, size/record: 8, table size: 24
	.data: load addr=00006790, load size=00000013 bytes, run addr=20018c70, run size=00000058 bytes, compression=lzss
	.bss: load addr=000067b0, load size=00000008 bytes, run addr=2000026c, run size=00018804 bytes, compression=zero_init
	.vtable: load addr=000067b8, load size=00000008 bytes, run addr=20000000, run size=0000026c bytes, compression=zero_init


LINKER GENERATED HANDLER TABLE

__TI_handler_table @ 000067a4 records: 3, size/record: 4, table size: 12
	index: 0, handler: __TI_zero_init
	index: 1, handler: __TI_decompress_lzss
	index: 2, handler: __TI_decompress_none


GLOBAL SYMBOLS: SORTED ALPHABETICALLY BY Name 

address   name                             
-------   ----                             
0000632d  C$$EXIT                          
00006325  CPUwfi                           
0000520b  GPIOPadConfigSet                 
00006051  GPIOPinConfigure                 
00006319  GPIOPinWrite                     
00005d6d  IntDisable                       
00005dd5  IntEnable                        
000061dd  IntRegister                      
00006289  IntUnregister                    
000062f1  ResetISR                         
000028fd  SysCtlAltClkConfig               
00002025  SysCtlClockFreqSet               
000024ed  SysCtlClockGet                   
000028e1  SysCtlClockOutConfig             
0000231d  SysCtlClockSet                   
00001f29  SysCtlDeepSleep                  
000026b1  SysCtlDeepSleepClockConfigSet    
00002693  SysCtlDeepSleepClockSet          
00001f09  SysCtlDeepSleepPowerSet          
0000631f  SysCtlDelay                      
00001ab7  SysCtlFlashSectorSizeGet         
00001a8b  SysCtlFlashSizeGet               
00002787  SysCtlGPIOAHBDisable             
0000276b  SysCtlGPIOAHBEnable              
00001e9d  SysCtlIntClear                   
00001e85  SysCtlIntDisable                 
00001e71  SysCtlIntEnable                  
00001e49  SysCtlIntRegister                
00001ead  SysCtlIntStatus                  
00001e61  SysCtlIntUnregister              
00001eef  SysCtlLDODeepSleepGet            
00001edf  SysCtlLDODeepSleepSet            
00001ed9  SysCtlLDOSleepGet                
00001ec9  SysCtlLDOSleepSet                
00001f5f  SysCtlMOSCConfigSet              
000028c5  SysCtlNMIClear                   
000028b1  SysCtlNMIStatus                  
00001f75  SysCtlPIOSCCalibrate             
00002755  SysCtlPWMClockGet                
0000273b  SysCtlPWMClockSet                
00001df5  SysCtlPeripheralClockGating      
00001dad  SysCtlPeripheralDeepSleepDisable 
00001d5d  SysCtlPeripheralDeepSleepEnable  
00001c99  SysCtlPeripheralDisable          
00001c5d  SysCtlPeripheralEnable           
00001b99  SysCtlPeripheralPowerOff         
00001b5d  SysCtlPeripheralPowerOn          
00001add  SysCtlPeripheralPresent          
00001b1d  SysCtlPeripheralReady            
00001bd5  SysCtlPeripheralReset            
00001d21  SysCtlPeripheralSleepDisable     
00001cdd  SysCtlPeripheralSleepEnable      
00001f19  SysCtlReset                      
00001fd5  SysCtlResetBehaviorGet           
00001fc5  SysCtlResetBehaviorSet           
00001f4b  SysCtlResetCauseClear            
00001f45  SysCtlResetCauseGet              
00001a81  SysCtlSRAMSizeGet                
00001f21  SysCtlSleep                      
00001ef5  SysCtlSleepPowerSet              
000027af  SysCtlUSBPLLDisable              
000027a3  SysCtlUSBPLLEnable               
000027f5  SysCtlVCOGet                     
000027dd  SysCtlVoltageEventClear          
000027c1  SysCtlVoltageEventConfig         
000027d1  SysCtlVoltageEventStatus         
000062fd  UARTCharPut                      
0000290d  UARTSend                         
00002b19  UART_Init                        
20018c70  __STACK_END                      
00000200  __STACK_SIZE                     
20018c70  __STACK_TOP                      
000067c0  __TI_CINIT_Base                  
000067d8  __TI_CINIT_Limit                 
000067a4  __TI_Handler_Table_Base          
000067b0  __TI_Handler_Table_Limit         
000060e1  __TI_auto_init_nobinit_nopinit   
00005e3d  __TI_decompress_lzss             
000062d7  __TI_decompress_none             
ffffffff  __TI_pprof_out_hndl              
00003815  __TI_printfi                     
ffffffff  __TI_prof_data_size              
ffffffff  __TI_prof_data_start             
00000000  __TI_static_base__               
000062e5  __TI_zero_init                   
00005b79  __aeabi_cdcmpeq                  
00005b79  __aeabi_cdcmple                  
00005bff  __aeabi_cdrcmple                 
00006099  __aeabi_d2iz                     
00004c37  __aeabi_dadd                     
000050d5  __aeabi_ddiv                     
000057c5  __aeabi_dmul                     
00004c2d  __aeabi_dsub                     
00006311  __aeabi_errno_addr               
00006211  __aeabi_i2d                      
00004de3  __aeabi_idiv0                    
00004de3  __aeabi_ldiv0                    
00005c85  __aeabi_memclr                   
00005c85  __aeabi_memclr4                  
00005c85  __aeabi_memclr8                  
00005a47  __aeabi_memcpy                   
00005a47  __aeabi_memcpy4                  
00005a47  __aeabi_memcpy8                  
00005c87  __aeabi_memset                   
00005c87  __aeabi_memset4                  
00005c87  __aeabi_memset8                  
00005ae3  __aeabi_uldivmod                 
ffffffff  __binit__                        
ffffffff  __c_args__                       
UNDEFED   __mpu_init                       
20018a70  __stack                          
000061a5  _c_int00_noargs                  
000064e0  _ctypes_                         
UNDEFED   _system_post_cinit               
00006329  _system_pre_init                 
0000632d  abort                            
00006005  atoi                             
ffffffff  binit                            
0000629d  copysign                         
0000629d  copysignl                        
0000057d  eTaskGetState                    
20018cc4  errno                            
00005ea5  frexp                            
00005ea5  frexpl                           
20000000  g_pfnRAMVectors                  
00000000  g_pfnVectors                     
20018a5c  gui32_sys_clock_rate             
000056b5  ldexp                            
000056b5  ldexpl                           
20018cb8  led1_status                      
20018cbc  led2_status                      
00005f5f  ltoa                             
00002b7d  main                             
0000623f  memccpy                          
00005a47  memcpy                           
00005c8d  memset                           
0000372d  pcQueueGetName                   
00000b43  pcTaskGetName                    
000043af  pcTimerGetName                   
00004de5  pvPortMalloc                     
000014cf  pvTaskIncrementMutexHeldCount    
0000479d  pvTimerGetTimerID                
20018c70  pxCurrentTCB                     
0000533d  pxPortInitialiseStack            
000056b5  scalbn                           
000056b5  scalbnl                          
00006125  sprintf                          
00006273  strchr                           
000062b1  strlen                           
000034ad  ucQueueGetQueueType              
00006788  ulMaxSyscallInterruptPriority    
000058d1  ulPortGetIPSR                    
000014e7  ulTaskNotifyTake                 
0000554b  uxListRemove                     
0000348d  uxQueueGetQueueNumber            
0000342f  uxQueueMessagesWaiting           
00003465  uxQueueMessagesWaitingFromISR    
00003445  uxQueueSpacesAvailable           
00000b3d  uxTaskGetNumberOfTasks           
00000b69  uxTaskGetSystemState             
00001011  uxTaskGetTaskNumber              
00000611  uxTaskPriorityGet                
00000641  uxTaskPriorityGetFromISR         
000014ad  uxTaskResetEventItemValue        
00002935  vLED2HzTimerCallbackFunc         
00002951  vLED4HzTimerCallbackFunc         
00005469  vListInitialise                  
00005499  vListInitialiseItem              
000054e5  vListInsert                      
000054a9  vListInsertEnd                   
00005985  vPortEnableVFP                   
000053dd  vPortEndScheduler                
000053df  vPortEnterCritical               
000053ff  vPortExitCritical                
00004edb  vPortFree                        
00004f3f  vPortInitialiseBlocks            
00005949  vPortSVCHandler                  
0000543b  vPortSetupTimerInterrupt         
00005969  vPortStartFirstTask              
000036eb  vQueueAddToRegistry              
00003477  vQueueDelete                     
0000349b  vQueueSetQueueNumber             
0000376d  vQueueUnregisterQueue            
000037b1  vQueueWaitForMessageRestricted   
00000541  vTaskDelay                       
000004b1  vTaskDelayUntil                  
00000403  vTaskDelete                      
00000a01  vTaskEndScheduler                
00001125  vTaskGetInfo                     
00000fff  vTaskMissedYield                 
00001813  vTaskNotifyGiveFromISR           
00000ded  vTaskPlaceOnEventList            
00000e33  vTaskPlaceOnEventListRestricted  
00000e09  vTaskPlaceOnUnorderedEventList   
0000134d  vTaskPriorityInherit             
0000068d  vTaskPrioritySet                 
000008a1  vTaskResume                      
00001031  vTaskSetTaskNumber               
00000f61  vTaskSetTimeOutState             
000009a9  vTaskStartScheduler              
000007a1  vTaskSuspend                     
00000a1d  vTaskSuspendAll                  
00000d85  vTaskSwitchContext               
000047b7  vTimerSetTimerID                 
000062c5  wcslen                           
20018a60  xLED2HzTaskTimer                 
20018a64  xLED4HzTaskTimer                 
00004f39  xPortGetFreeHeapSize             
000058e9  xPortPendSVHandler               
000053a7  xPortStartScheduler              
00005415  xPortSysTickHandler              
00002f4d  xQueueCreateCountingSemaphore    
00002e9d  xQueueCreateMutex                
00002de3  xQueueGenericCreate              
000031c5  xQueueGenericReceive             
00002d45  xQueueGenericReset               
00002f6d  xQueueGenericSend                
00003099  xQueueGenericSendFromISR         
00003133  xQueueGiveFromISR                
00002ec9  xQueueGiveMutexRecursive         
00003687  xQueueIsQueueEmptyFromISR        
000036c9  xQueueIsQueueFullFromISR         
000033dd  xQueuePeekFromISR                
00003345  xQueueReceiveFromISR             
20018970  xQueueRegistry                   
00002f05  xQueueTakeMutexRecursive         
00000f85  xTaskCheckForTimeOut             
00000209  xTaskCreate                      
0000161d  xTaskGenericNotify               
00001709  xTaskGenericNotifyFromISR        
000012e7  xTaskGetCurrentTaskHandle        
00001301  xTaskGetSchedulerState           
00000b19  xTaskGetTickCount                
00000b29  xTaskGetTickCountFromISR         
00000c5d  xTaskIncrementTick               
000018c1  xTaskNotifyStateClear            
0000156d  xTaskNotifyWait                  
0000140f  xTaskPriorityDisinherit          
00000e6d  xTaskRemoveFromEventList         
00000eed  xTaskRemoveFromUnorderedEventList
00000a35  xTaskResumeAll                   
0000091b  xTaskResumeFromISR               
20018a68  xTimer1Start                     
20018a6c  xTimer2Start                     
000042a1  xTimerCreate                     
00004275  xTimerCreateTimerTask            
00004315  xTimerGenericCommand             
00004399  xTimerGetExpiryTime              
00004387  xTimerGetPeriod                  
00004381  xTimerGetTimerDaemonTaskHandle   
00004771  xTimerIsTimerActive              
00002989  xUsrLED2HzTask                   
00002a59  xUsrLED4HzTask                   


GLOBAL SYMBOLS: SORTED BY Symbol Address 

address   name                             
-------   ----                             
00000000  __TI_static_base__               
00000000  g_pfnVectors                     
00000200  __STACK_SIZE                     
00000209  xTaskCreate                      
00000403  vTaskDelete                      
000004b1  vTaskDelayUntil                  
00000541  vTaskDelay                       
0000057d  eTaskGetState                    
00000611  uxTaskPriorityGet                
00000641  uxTaskPriorityGetFromISR         
0000068d  vTaskPrioritySet                 
000007a1  vTaskSuspend                     
000008a1  vTaskResume                      
0000091b  xTaskResumeFromISR               
000009a9  vTaskStartScheduler              
00000a01  vTaskEndScheduler                
00000a1d  vTaskSuspendAll                  
00000a35  xTaskResumeAll                   
00000b19  xTaskGetTickCount                
00000b29  xTaskGetTickCountFromISR         
00000b3d  uxTaskGetNumberOfTasks           
00000b43  pcTaskGetName                    
00000b69  uxTaskGetSystemState             
00000c5d  xTaskIncrementTick               
00000d85  vTaskSwitchContext               
00000ded  vTaskPlaceOnEventList            
00000e09  vTaskPlaceOnUnorderedEventList   
00000e33  vTaskPlaceOnEventListRestricted  
00000e6d  xTaskRemoveFromEventList         
00000eed  xTaskRemoveFromUnorderedEventList
00000f61  vTaskSetTimeOutState             
00000f85  xTaskCheckForTimeOut             
00000fff  vTaskMissedYield                 
00001011  uxTaskGetTaskNumber              
00001031  vTaskSetTaskNumber               
00001125  vTaskGetInfo                     
000012e7  xTaskGetCurrentTaskHandle        
00001301  xTaskGetSchedulerState           
0000134d  vTaskPriorityInherit             
0000140f  xTaskPriorityDisinherit          
000014ad  uxTaskResetEventItemValue        
000014cf  pvTaskIncrementMutexHeldCount    
000014e7  ulTaskNotifyTake                 
0000156d  xTaskNotifyWait                  
0000161d  xTaskGenericNotify               
00001709  xTaskGenericNotifyFromISR        
00001813  vTaskNotifyGiveFromISR           
000018c1  xTaskNotifyStateClear            
00001a81  SysCtlSRAMSizeGet                
00001a8b  SysCtlFlashSizeGet               
00001ab7  SysCtlFlashSectorSizeGet         
00001add  SysCtlPeripheralPresent          
00001b1d  SysCtlPeripheralReady            
00001b5d  SysCtlPeripheralPowerOn          
00001b99  SysCtlPeripheralPowerOff         
00001bd5  SysCtlPeripheralReset            
00001c5d  SysCtlPeripheralEnable           
00001c99  SysCtlPeripheralDisable          
00001cdd  SysCtlPeripheralSleepEnable      
00001d21  SysCtlPeripheralSleepDisable     
00001d5d  SysCtlPeripheralDeepSleepEnable  
00001dad  SysCtlPeripheralDeepSleepDisable 
00001df5  SysCtlPeripheralClockGating      
00001e49  SysCtlIntRegister                
00001e61  SysCtlIntUnregister              
00001e71  SysCtlIntEnable                  
00001e85  SysCtlIntDisable                 
00001e9d  SysCtlIntClear                   
00001ead  SysCtlIntStatus                  
00001ec9  SysCtlLDOSleepSet                
00001ed9  SysCtlLDOSleepGet                
00001edf  SysCtlLDODeepSleepSet            
00001eef  SysCtlLDODeepSleepGet            
00001ef5  SysCtlSleepPowerSet              
00001f09  SysCtlDeepSleepPowerSet          
00001f19  SysCtlReset                      
00001f21  SysCtlSleep                      
00001f29  SysCtlDeepSleep                  
00001f45  SysCtlResetCauseGet              
00001f4b  SysCtlResetCauseClear            
00001f5f  SysCtlMOSCConfigSet              
00001f75  SysCtlPIOSCCalibrate             
00001fc5  SysCtlResetBehaviorSet           
00001fd5  SysCtlResetBehaviorGet           
00002025  SysCtlClockFreqSet               
0000231d  SysCtlClockSet                   
000024ed  SysCtlClockGet                   
00002693  SysCtlDeepSleepClockSet          
000026b1  SysCtlDeepSleepClockConfigSet    
0000273b  SysCtlPWMClockSet                
00002755  SysCtlPWMClockGet                
0000276b  SysCtlGPIOAHBEnable              
00002787  SysCtlGPIOAHBDisable             
000027a3  SysCtlUSBPLLEnable               
000027af  SysCtlUSBPLLDisable              
000027c1  SysCtlVoltageEventConfig         
000027d1  SysCtlVoltageEventStatus         
000027dd  SysCtlVoltageEventClear          
000027f5  SysCtlVCOGet                     
000028b1  SysCtlNMIStatus                  
000028c5  SysCtlNMIClear                   
000028e1  SysCtlClockOutConfig             
000028fd  SysCtlAltClkConfig               
0000290d  UARTSend                         
00002935  vLED2HzTimerCallbackFunc         
00002951  vLED4HzTimerCallbackFunc         
00002989  xUsrLED2HzTask                   
00002a59  xUsrLED4HzTask                   
00002b19  UART_Init                        
00002b7d  main                             
00002d45  xQueueGenericReset               
00002de3  xQueueGenericCreate              
00002e9d  xQueueCreateMutex                
00002ec9  xQueueGiveMutexRecursive         
00002f05  xQueueTakeMutexRecursive         
00002f4d  xQueueCreateCountingSemaphore    
00002f6d  xQueueGenericSend                
00003099  xQueueGenericSendFromISR         
00003133  xQueueGiveFromISR                
000031c5  xQueueGenericReceive             
00003345  xQueueReceiveFromISR             
000033dd  xQueuePeekFromISR                
0000342f  uxQueueMessagesWaiting           
00003445  uxQueueSpacesAvailable           
00003465  uxQueueMessagesWaitingFromISR    
00003477  vQueueDelete                     
0000348d  uxQueueGetQueueNumber            
0000349b  vQueueSetQueueNumber             
000034ad  ucQueueGetQueueType              
00003687  xQueueIsQueueEmptyFromISR        
000036c9  xQueueIsQueueFullFromISR         
000036eb  vQueueAddToRegistry              
0000372d  pcQueueGetName                   
0000376d  vQueueUnregisterQueue            
000037b1  vQueueWaitForMessageRestricted   
00003815  __TI_printfi                     
00004275  xTimerCreateTimerTask            
000042a1  xTimerCreate                     
00004315  xTimerGenericCommand             
00004381  xTimerGetTimerDaemonTaskHandle   
00004387  xTimerGetPeriod                  
00004399  xTimerGetExpiryTime              
000043af  pcTimerGetName                   
00004771  xTimerIsTimerActive              
0000479d  pvTimerGetTimerID                
000047b7  vTimerSetTimerID                 
00004c2d  __aeabi_dsub                     
00004c37  __aeabi_dadd                     
00004de3  __aeabi_idiv0                    
00004de3  __aeabi_ldiv0                    
00004de5  pvPortMalloc                     
00004edb  vPortFree                        
00004f39  xPortGetFreeHeapSize             
00004f3f  vPortInitialiseBlocks            
000050d5  __aeabi_ddiv                     
0000520b  GPIOPadConfigSet                 
0000533d  pxPortInitialiseStack            
000053a7  xPortStartScheduler              
000053dd  vPortEndScheduler                
000053df  vPortEnterCritical               
000053ff  vPortExitCritical                
00005415  xPortSysTickHandler              
0000543b  vPortSetupTimerInterrupt         
00005469  vListInitialise                  
00005499  vListInitialiseItem              
000054a9  vListInsertEnd                   
000054e5  vListInsert                      
0000554b  uxListRemove                     
000056b5  ldexp                            
000056b5  ldexpl                           
000056b5  scalbn                           
000056b5  scalbnl                          
000057c5  __aeabi_dmul                     
000058d1  ulPortGetIPSR                    
000058e9  xPortPendSVHandler               
00005949  vPortSVCHandler                  
00005969  vPortStartFirstTask              
00005985  vPortEnableVFP                   
00005a47  __aeabi_memcpy                   
00005a47  __aeabi_memcpy4                  
00005a47  __aeabi_memcpy8                  
00005a47  memcpy                           
00005ae3  __aeabi_uldivmod                 
00005b79  __aeabi_cdcmpeq                  
00005b79  __aeabi_cdcmple                  
00005bff  __aeabi_cdrcmple                 
00005c85  __aeabi_memclr                   
00005c85  __aeabi_memclr4                  
00005c85  __aeabi_memclr8                  
00005c87  __aeabi_memset                   
00005c87  __aeabi_memset4                  
00005c87  __aeabi_memset8                  
00005c8d  memset                           
00005d6d  IntDisable                       
00005dd5  IntEnable                        
00005e3d  __TI_decompress_lzss             
00005ea5  frexp                            
00005ea5  frexpl                           
00005f5f  ltoa                             
00006005  atoi                             
00006051  GPIOPinConfigure                 
00006099  __aeabi_d2iz                     
000060e1  __TI_auto_init_nobinit_nopinit   
00006125  sprintf                          
000061a5  _c_int00_noargs                  
000061dd  IntRegister                      
00006211  __aeabi_i2d                      
0000623f  memccpy                          
00006273  strchr                           
00006289  IntUnregister                    
0000629d  copysign                         
0000629d  copysignl                        
000062b1  strlen                           
000062c5  wcslen                           
000062d7  __TI_decompress_none             
000062e5  __TI_zero_init                   
000062f1  ResetISR                         
000062fd  UARTCharPut                      
00006311  __aeabi_errno_addr               
00006319  GPIOPinWrite                     
0000631f  SysCtlDelay                      
00006325  CPUwfi                           
00006329  _system_pre_init                 
0000632d  C$$EXIT                          
0000632d  abort                            
000064e0  _ctypes_                         
00006788  ulMaxSyscallInterruptPriority    
000067a4  __TI_Handler_Table_Base          
000067b0  __TI_Handler_Table_Limit         
000067c0  __TI_CINIT_Base                  
000067d8  __TI_CINIT_Limit                 
20000000  g_pfnRAMVectors                  
20018970  xQueueRegistry                   
20018a5c  gui32_sys_clock_rate             
20018a60  xLED2HzTaskTimer                 
20018a64  xLED4HzTaskTimer                 
20018a68  xTimer1Start                     
20018a6c  xTimer2Start                     
20018a70  __stack                          
20018c70  __STACK_END                      
20018c70  __STACK_TOP                      
20018c70  pxCurrentTCB                     
20018cb8  led1_status                      
20018cbc  led2_status                      
20018cc4  errno                            
ffffffff  __TI_pprof_out_hndl              
ffffffff  __TI_prof_data_size              
ffffffff  __TI_prof_data_start             
ffffffff  __binit__                        
ffffffff  __c_args__                       
ffffffff  binit                            
UNDEFED   __mpu_init                       
UNDEFED   _system_post_cinit               

[253 symbols]
