******************************************************************************
                  TI ARM Linker Unix v18.1.1                   
******************************************************************************
>> Linked Sun Apr  8 00:18:04 2018

OUTPUT FILE NAME:   <driverLibTest.out>
ENTRY POINT SYMBOL: "_c_int00_noargs"  address: 000015c9


MEMORY CONFIGURATION

         name            origin    length      used     unused   attr    fill
----------------------  --------  ---------  --------  --------  ----  --------
  FLASH                 00000000   00100000  00001a36  000fe5ca  R  X
  SRAM                  20000000   00040000  00000475  0003fb8b  RW X


SEGMENT ALLOCATION MAP

run origin  load origin   length   init length attrs members
----------  ----------- ---------- ----------- ----- -------
00000000    00000000    00001a38   00001a38    r-x
  00000000    00000000    00000208   00000208    r-- .intvecs
  00000208    00000208    0000149a   0000149a    r-x .text
  000016a4    000016a4    00000354   00000354    r-- .const
  000019f8    000019f8    00000040   00000040    r-- .cinit
20000000    20000000    00000475   00000000    rw-
  20000000    20000000    0000026c   00000000    rw- .vtable
  2000026c    2000026c    00000004   00000000    rw- .data
  20000270    20000270    00000200   00000000    rw- .stack
  20000470    20000470    00000005   00000000    rw- .bss


SECTION ALLOCATION MAP

 output                                  attributes/
section   page    origin      length       input sections
--------  ----  ----------  ----------   ----------------
.intvecs   0    00000000    00000208     
                  00000000    00000208     tm4c1294ncpdt_startup_ccs.obj (.intvecs)

.text      0    00000208    0000149a     
                  00000208    00001160     main.obj (.text)
                  00001368    0000009c     rtsv7M4_T_le_v4SPD16_eabi.lib : memcpy_t2.asm.obj (.text)
                  00001404    00000068     driverlib.lib : interrupt.obj (.text:IntDisable)
                  0000146c    00000068                   : interrupt.obj (.text:IntEnable)
                  000014d4    00000068     rtsv7M4_T_le_v4SPD16_eabi.lib : copy_decompress_lzss.c.obj (.text:decompress:lzss:__TI_decompress_lzss)
                  0000153c    00000048     driverlib.lib : gpio.obj (.text:GPIOPinConfigure)
                  00001584    00000044     rtsv7M4_T_le_v4SPD16_eabi.lib : autoinit.c.obj (.text:__TI_auto_init_nobinit_nopinit:__TI_auto_init_nobinit_nopinit)
                  000015c8    00000038                                   : boot_cortex_m.c.obj (.text:_c_int00_noargs:_c_int00_noargs)
                  00001600    00000034     driverlib.lib : interrupt.obj (.text:IntRegister)
                  00001634    00000014                   : interrupt.obj (.text:IntUnregister)
                  00001648    00000012     rtsv7M4_T_le_v4SPD16_eabi.lib : copy_zero_init.c.obj (.text:decompress:ZI:__TI_zero_init_nomemset:__TI_zero_init_nomemset)
                  0000165a    0000000e                                   : copy_decompress_none.c.obj (.text:decompress:none:__TI_decompress_none)
                  00001668    0000000c     tm4c1294ncpdt_startup_ccs.obj (.text)
                  00001674    0000000a     driverlib.lib : uart.obj (.text:UARTCharPut)
                  0000167e    0000000a                   : uart.obj (.text:UARTLoopbackEnable)
                  00001688    00000006                   : gpio.obj (.text:GPIOPinWrite)
                  0000168e    00000006     main.obj (.text:SysCtlDelay)
                  00001694    00000004     driverlib.lib : cpu.obj (.text:CPUwfi)
                  00001698    00000004     rtsv7M4_T_le_v4SPD16_eabi.lib : pre_init.c.obj (.text:_system_pre_init)
                  0000169c    00000004                                   : exit.c.obj (.text:abort:abort)
                  000016a0    00000002     driverlib.lib : interrupt.obj (.text:_IntDefaultHandler)

.const     0    000016a4    00000354     
                  000016a4    000001b0     main.obj (.const:g_pppui32XTALtoVCO)
                  00001854    00000090     driverlib.lib : gpio.obj (.const:g_pui32GPIOBaseAddrs)
                  000018e4    00000070                   : interrupt.obj (.const)
                  00001954    0000006c     main.obj (.const:g_pui32Xtals)
                  000019c0    00000030     main.obj (.const:g_sXTALtoMEMTIM)
                  000019f0    00000008     main.obj (.const:g_pui32VCOFrequencies)

.cinit     0    000019f8    00000040     
                  000019f8    0000000c     (__TI_handler_table)
                  00001a04    00000004     --HOLE-- [fill = 0]
                  00001a08    00000008     (.cinit..bss.load) [load image, compression = zero_init]
                  00001a10    00000008     (.cinit..vtable.load) [load image, compression = zero_init]
                  00001a18    00000007     (.cinit..data.load) [load image, compression = lzss]
                  00001a1f    00000001     --HOLE-- [fill = 0]
                  00001a20    00000018     (__TI_cinit_table)

.init_array 
*          0    00000000    00000000     UNINITIALIZED

.vtable    0    20000000    0000026c     UNINITIALIZED
                  20000000    0000026c     driverlib.lib : interrupt.obj (.vtable)

.data      0    2000026c    00000004     UNINITIALIZED
                  2000026c    00000004     main.obj (.data)

.bss       0    20000470    00000005     UNINITIALIZED
                  20000470    00000004     (.common:gui32_sys_clock_rate)
                  20000474    00000001     (.common:gb_uart_data_rcvd)

.stack     0    20000270    00000200     UNINITIALIZED
                  20000270    00000004     rtsv7M4_T_le_v4SPD16_eabi.lib : boot_cortex_m.c.obj (.stack)
                  20000274    000001fc     --HOLE--

MODULE SUMMARY

       Module                          code   ro data   rw data
       ------                          ----   -------   -------
    ./
       main.obj                        4454   596       9      
       tm4c1294ncpdt_startup_ccs.obj   12     520       0      
    +--+-------------------------------+------+---------+---------+
       Total:                          4466   1116      9      
                                                               
    /Users/pavandhareshwar/CCS/ccsv8/tools/compiler/ti-cgt-arm_18.1.1.LTS/lib/rtsv7M4_T_le_v4SPD16_eabi.lib
       memcpy_t2.asm.obj               156    0         0      
       copy_decompress_lzss.c.obj      104    0         0      
       autoinit.c.obj                  68     0         0      
       boot_cortex_m.c.obj             56     0         0      
       copy_zero_init.c.obj            18     0         0      
       copy_decompress_none.c.obj      14     0         0      
       exit.c.obj                      4      0         0      
       pre_init.c.obj                  4      0         0      
    +--+-------------------------------+------+---------+---------+
       Total:                          424    0         0      
                                                               
    /Users/pavandhareshwar/Downloads/TivaWare/SW-TM4C-2.1.4.178/driverlib/ccs/Debug/driverlib.lib
       interrupt.obj                   282    112       620    
       gpio.obj                        78     144       0      
       uart.obj                        20     0         0      
       cpu.obj                         4      0         0      
    +--+-------------------------------+------+---------+---------+
       Total:                          384    256       620    
                                                               
       Stack:                          0      0         512    
       Linker Generated:               0      59        0      
    +--+-------------------------------+------+---------+---------+
       Grand Total:                    5274   1431      1141   


LINKER GENERATED COPY TABLES

__TI_cinit_table @ 00001a20 records: 3, size/record: 8, table size: 24
	.bss: load addr=00001a08, load size=00000008 bytes, run addr=20000470, run size=00000005 bytes, compression=zero_init
	.vtable: load addr=00001a10, load size=00000008 bytes, run addr=20000000, run size=0000026c bytes, compression=zero_init
	.data: load addr=00001a18, load size=00000007 bytes, run addr=2000026c, run size=00000004 bytes, compression=lzss


LINKER GENERATED HANDLER TABLE

__TI_handler_table @ 000019f8 records: 3, size/record: 4, table size: 12
	index: 0, handler: __TI_zero_init
	index: 1, handler: __TI_decompress_lzss
	index: 2, handler: __TI_decompress_none


GLOBAL SYMBOLS: SORTED ALPHABETICALLY BY Name 

address   name                            
-------   ----                            
000012b9  BlinkUserLED1                   
0000169d  C$$EXIT                         
00001695  CPUwfi                          
0000153d  GPIOPinConfigure                
00001689  GPIOPinWrite                    
00001405  IntDisable                      
0000146d  IntEnable                       
00001601  IntRegister                     
00001635  IntUnregister                   
00001669  ResetISR                        
00001145  SysCtlAltClkConfig              
0000086d  SysCtlClockFreqSet              
00000d35  SysCtlClockGet                  
00001129  SysCtlClockOutConfig            
00000b65  SysCtlClockSet                  
00000771  SysCtlDeepSleep                 
00000ef9  SysCtlDeepSleepClockConfigSet   
00000edb  SysCtlDeepSleepClockSet         
00000751  SysCtlDeepSleepPowerSet         
0000168f  SysCtlDelay                     
000002ff  SysCtlFlashSectorSizeGet        
000002d3  SysCtlFlashSizeGet              
00000fcf  SysCtlGPIOAHBDisable            
00000fb3  SysCtlGPIOAHBEnable             
000006e5  SysCtlIntClear                  
000006cd  SysCtlIntDisable                
000006b9  SysCtlIntEnable                 
00000691  SysCtlIntRegister               
000006f5  SysCtlIntStatus                 
000006a9  SysCtlIntUnregister             
00000737  SysCtlLDODeepSleepGet           
00000727  SysCtlLDODeepSleepSet           
00000721  SysCtlLDOSleepGet               
00000711  SysCtlLDOSleepSet               
000007a7  SysCtlMOSCConfigSet             
0000110d  SysCtlNMIClear                  
000010f9  SysCtlNMIStatus                 
000007bd  SysCtlPIOSCCalibrate            
00000f9d  SysCtlPWMClockGet               
00000f83  SysCtlPWMClockSet               
0000063d  SysCtlPeripheralClockGating     
000005f5  SysCtlPeripheralDeepSleepDisable
000005a5  SysCtlPeripheralDeepSleepEnable 
000004e1  SysCtlPeripheralDisable         
000004a5  SysCtlPeripheralEnable          
000003e1  SysCtlPeripheralPowerOff        
000003a5  SysCtlPeripheralPowerOn         
00000325  SysCtlPeripheralPresent         
00000365  SysCtlPeripheralReady           
0000041d  SysCtlPeripheralReset           
00000569  SysCtlPeripheralSleepDisable    
00000525  SysCtlPeripheralSleepEnable     
00000761  SysCtlReset                     
0000081d  SysCtlResetBehaviorGet          
0000080d  SysCtlResetBehaviorSet          
00000793  SysCtlResetCauseClear           
0000078d  SysCtlResetCauseGet             
000002c9  SysCtlSRAMSizeGet               
00000769  SysCtlSleep                     
0000073d  SysCtlSleepPowerSet             
00000ff7  SysCtlUSBPLLDisable             
00000feb  SysCtlUSBPLLEnable              
0000103d  SysCtlVCOGet                    
00001025  SysCtlVoltageEventClear         
00001009  SysCtlVoltageEventConfig        
00001019  SysCtlVoltageEventStatus        
00001675  UARTCharPut                     
0000125f  UARTIntHandler                  
0000167f  UARTLoopbackEnable              
0000122b  UARTSend                        
20000470  __STACK_END                     
00000200  __STACK_SIZE                    
20000470  __STACK_TOP                     
00001a20  __TI_CINIT_Base                 
00001a38  __TI_CINIT_Limit                
000019f8  __TI_Handler_Table_Base         
00001a04  __TI_Handler_Table_Limit        
00001585  __TI_auto_init_nobinit_nopinit  
000014d5  __TI_decompress_lzss            
0000165b  __TI_decompress_none            
ffffffff  __TI_pprof_out_hndl             
ffffffff  __TI_prof_data_size             
ffffffff  __TI_prof_data_start            
00000000  __TI_static_base__              
00001649  __TI_zero_init_nomemset         
00001369  __aeabi_memcpy                  
00001369  __aeabi_memcpy4                 
00001369  __aeabi_memcpy8                 
ffffffff  __binit__                       
ffffffff  __c_args__                      
UNDEFED   __mpu_init                      
20000270  __stack                         
000015c9  _c_int00_noargs                 
UNDEFED   _system_post_cinit              
00001699  _system_pre_init                
0000169d  abort                           
ffffffff  binit                           
20000000  g_pfnRAMVectors                 
00000000  g_pfnVectors                    
20000474  gb_uart_data_rcvd               
20000470  gui32_sys_clock_rate            
00001165  main                            
00001369  memcpy                          


GLOBAL SYMBOLS: SORTED BY Symbol Address 

address   name                            
-------   ----                            
00000000  __TI_static_base__              
00000000  g_pfnVectors                    
00000200  __STACK_SIZE                    
000002c9  SysCtlSRAMSizeGet               
000002d3  SysCtlFlashSizeGet              
000002ff  SysCtlFlashSectorSizeGet        
00000325  SysCtlPeripheralPresent         
00000365  SysCtlPeripheralReady           
000003a5  SysCtlPeripheralPowerOn         
000003e1  SysCtlPeripheralPowerOff        
0000041d  SysCtlPeripheralReset           
000004a5  SysCtlPeripheralEnable          
000004e1  SysCtlPeripheralDisable         
00000525  SysCtlPeripheralSleepEnable     
00000569  SysCtlPeripheralSleepDisable    
000005a5  SysCtlPeripheralDeepSleepEnable 
000005f5  SysCtlPeripheralDeepSleepDisable
0000063d  SysCtlPeripheralClockGating     
00000691  SysCtlIntRegister               
000006a9  SysCtlIntUnregister             
000006b9  SysCtlIntEnable                 
000006cd  SysCtlIntDisable                
000006e5  SysCtlIntClear                  
000006f5  SysCtlIntStatus                 
00000711  SysCtlLDOSleepSet               
00000721  SysCtlLDOSleepGet               
00000727  SysCtlLDODeepSleepSet           
00000737  SysCtlLDODeepSleepGet           
0000073d  SysCtlSleepPowerSet             
00000751  SysCtlDeepSleepPowerSet         
00000761  SysCtlReset                     
00000769  SysCtlSleep                     
00000771  SysCtlDeepSleep                 
0000078d  SysCtlResetCauseGet             
00000793  SysCtlResetCauseClear           
000007a7  SysCtlMOSCConfigSet             
000007bd  SysCtlPIOSCCalibrate            
0000080d  SysCtlResetBehaviorSet          
0000081d  SysCtlResetBehaviorGet          
0000086d  SysCtlClockFreqSet              
00000b65  SysCtlClockSet                  
00000d35  SysCtlClockGet                  
00000edb  SysCtlDeepSleepClockSet         
00000ef9  SysCtlDeepSleepClockConfigSet   
00000f83  SysCtlPWMClockSet               
00000f9d  SysCtlPWMClockGet               
00000fb3  SysCtlGPIOAHBEnable             
00000fcf  SysCtlGPIOAHBDisable            
00000feb  SysCtlUSBPLLEnable              
00000ff7  SysCtlUSBPLLDisable             
00001009  SysCtlVoltageEventConfig        
00001019  SysCtlVoltageEventStatus        
00001025  SysCtlVoltageEventClear         
0000103d  SysCtlVCOGet                    
000010f9  SysCtlNMIStatus                 
0000110d  SysCtlNMIClear                  
00001129  SysCtlClockOutConfig            
00001145  SysCtlAltClkConfig              
00001165  main                            
0000122b  UARTSend                        
0000125f  UARTIntHandler                  
000012b9  BlinkUserLED1                   
00001369  __aeabi_memcpy                  
00001369  __aeabi_memcpy4                 
00001369  __aeabi_memcpy8                 
00001369  memcpy                          
00001405  IntDisable                      
0000146d  IntEnable                       
000014d5  __TI_decompress_lzss            
0000153d  GPIOPinConfigure                
00001585  __TI_auto_init_nobinit_nopinit  
000015c9  _c_int00_noargs                 
00001601  IntRegister                     
00001635  IntUnregister                   
00001649  __TI_zero_init_nomemset         
0000165b  __TI_decompress_none            
00001669  ResetISR                        
00001675  UARTCharPut                     
0000167f  UARTLoopbackEnable              
00001689  GPIOPinWrite                    
0000168f  SysCtlDelay                     
00001695  CPUwfi                          
00001699  _system_pre_init                
0000169d  C$$EXIT                         
0000169d  abort                           
000019f8  __TI_Handler_Table_Base         
00001a04  __TI_Handler_Table_Limit        
00001a20  __TI_CINIT_Base                 
00001a38  __TI_CINIT_Limit                
20000000  g_pfnRAMVectors                 
20000270  __stack                         
20000470  __STACK_END                     
20000470  __STACK_TOP                     
20000470  gui32_sys_clock_rate            
20000474  gb_uart_data_rcvd               
ffffffff  __TI_pprof_out_hndl             
ffffffff  __TI_prof_data_size             
ffffffff  __TI_prof_data_start            
ffffffff  __binit__                       
ffffffff  __c_args__                      
ffffffff  binit                           
UNDEFED   __mpu_init                      
UNDEFED   _system_post_cinit              

[103 symbols]
