******************************************************************************
                  TI ARM Linker Unix v18.1.1                   
******************************************************************************
>> Linked Sun Apr  8 12:29:33 2018

OUTPUT FILE NAME:   <driverLibTest.out>
ENTRY POINT SYMBOL: "_c_int00_noargs"  address: 0000313d


MEMORY CONFIGURATION

         name            origin    length      used     unused   attr    fill
----------------------  --------  ---------  --------  --------  ----  --------
  FLASH                 00000000   00100000  00003798  000fc868  R  X
  SRAM                  20000000   00040000  00000479  0003fb87  RW X


SEGMENT ALLOCATION MAP

run origin  load origin   length   init length attrs members
----------  ----------- ---------- ----------- ----- -------
00000000    00000000    00003798   00003798    r-x
  00000000    00000000    00000208   00000208    r-- .intvecs
  00000208    00000208    000030c8   000030c8    r-x .text
  000032d0    000032d0    00000488   00000488    r-- .const
  00003758    00003758    00000040   00000040    r-- .cinit
20000000    20000000    0000047d   00000000    rw-
  20000000    20000000    0000026c   00000000    rw- .vtable
  20000270    20000270    00000200   00000000    rw- .stack
  20000470    20000470    00000008   00000000    rw- .data
  20000478    20000478    00000005   00000000    rw- .bss


SECTION ALLOCATION MAP

 output                                  attributes/
section   page    origin      length       input sections
--------  ----  ----------  ----------   ----------------
.intvecs   0    00000000    00000208     
                  00000000    00000208     tm4c1294ncpdt_startup_ccs.obj (.intvecs)

.text      0    00000208    000030c8     
                  00000208    0000112c     main.obj (.text)
                  00001334    00000a5e     rtsv7M4_T_le_v4SPD16_eabi.lib : _printfi.c.obj (.text:__TI_printfi)
                  00001d92    00000002     driverlib.lib : interrupt.obj (.text:_IntDefaultHandler)
                  00001d94    00000270     rtsv7M4_T_le_v4SPD16_eabi.lib : _printfi.c.obj (.text:_pconv_a)
                  00002004    000001d0                                   : _printfi.c.obj (.text:_pconv_g)
                  000021d4    000001b6                                   : fd_add_t2.asm.obj (.text)
                  0000238a    00000002                                   : div0.asm.obj (.text)
                  0000238c    0000013c                                   : _printfi.c.obj (.text:_pconv_e)
                  000024c8    00000136                                   : fd_div_t2.asm.obj (.text)
                  000025fe    00000002     --HOLE-- [fill = 0]
                  00002600    00000120                                   : _printfi.c.obj (.text:fcvt)
                  00002720    00000110                                   : s_scalbn.c.obj (.text:scalbn)
                  00002830    000000fc                                   : fd_mul_t2.asm.obj (.text)
                  0000292c    000000b1                                   : _printfi.c.obj (.text:_ltostr)
                  000029dd    00000001     --HOLE-- [fill = 0]
                  000029de    0000009c                                   : memcpy_t2.asm.obj (.text)
                  00002a7a    00000096                                   : ull_div_t2.asm.obj (.text)
                  00002b10    00000086                                   : fd_cmp_t2.asm.obj (.text:__aeabi_cdcmple)
                  00002b96    00000086                                   : fd_cmp_t2.asm.obj (.text:__aeabi_cdrcmple)
                  00002c1c    0000007a                                   : memset_t2.asm.obj (.text)
                  00002c96    0000006e                                   : _printfi.c.obj (.text:_mcpy)
                  00002d04    00000068     driverlib.lib : interrupt.obj (.text:IntDisable)
                  00002d6c    00000068                   : interrupt.obj (.text:IntEnable)
                  00002dd4    00000068     rtsv7M4_T_le_v4SPD16_eabi.lib : copy_decompress_lzss.c.obj (.text:decompress:lzss:__TI_decompress_lzss)
                  00002e3c    00000064                                   : s_frexp.c.obj (.text:frexp)
                  00002ea0    00000056                                   : _printfi.c.obj (.text:_pconv_f)
                  00002ef6    00000054                                   : ltoa.c.obj (.text:ltoa)
                  00002f4a    00000052                                   : _printfi.c.obj (.text:_ecpy)
                  00002f9c    0000004c                                   : atoi.c.obj (.text:atoi)
                  00002fe8    00000048     driverlib.lib : gpio.obj (.text:GPIOPinConfigure)
                  00003030    00000048     rtsv7M4_T_le_v4SPD16_eabi.lib : fd_toi_t2.asm.obj (.text)
                  00003078    00000044                                   : autoinit.c.obj (.text:__TI_auto_init_nobinit_nopinit:__TI_auto_init_nobinit_nopinit)
                  000030bc    00000040                                   : sprintf.c.obj (.text:sprintf)
                  000030fc    0000003e                                   : _printfi.c.obj (.text:_fcpy)
                  0000313a    00000002     --HOLE-- [fill = 0]
                  0000313c    00000038                                   : boot_cortex_m.c.obj (.text:_c_int00_noargs:_c_int00_noargs)
                  00003174    00000034     driverlib.lib : interrupt.obj (.text:IntRegister)
                  000031a8    0000002e     rtsv7M4_T_le_v4SPD16_eabi.lib : i_tofd_t2.asm.obj (.text)
                  000031d6    0000001c                                   : memccpy.c.obj (.text:memccpy)
                  000031f2    00000018                                   : sprintf.c.obj (.text:_outs)
                  0000320a    00000016                                   : strchr.c.obj (.text:strchr)
                  00003220    00000014     driverlib.lib : interrupt.obj (.text:IntUnregister)
                  00003234    00000014     rtsv7M4_T_le_v4SPD16_eabi.lib : s_copysign.c.obj (.text:copysign)
                  00003248    00000014                                   : strlen.c.obj (.text:strlen)
                  0000325c    00000012                                   : copy_zero_init.c.obj (.text:decompress:ZI:__TI_zero_init_nomemset:__TI_zero_init_nomemset)
                  0000326e    00000012                                   : wcslen.c.obj (.text:wcslen)
                  00003280    0000000e                                   : copy_decompress_none.c.obj (.text:decompress:none:__TI_decompress_none)
                  0000328e    0000000c     tm4c1294ncpdt_startup_ccs.obj (.text)
                  0000329a    0000000a     driverlib.lib : uart.obj (.text:UARTCharPut)
                  000032a4    0000000a     rtsv7M4_T_le_v4SPD16_eabi.lib : sprintf.c.obj (.text:_outc)
                  000032ae    00000002     --HOLE-- [fill = 0]
                  000032b0    00000008                                   : errno.c.obj (.text:__aeabi_errno_addr)
                  000032b8    00000006     driverlib.lib : gpio.obj (.text:GPIOPinWrite)
                  000032be    00000006     main.obj (.text:SysCtlDelay)
                  000032c4    00000004     driverlib.lib : cpu.obj (.text:CPUwfi)
                  000032c8    00000004     rtsv7M4_T_le_v4SPD16_eabi.lib : pre_init.c.obj (.text:_system_pre_init)
                  000032cc    00000004                                   : exit.c.obj (.text:abort:abort)

.const     0    000032d0    00000488     
                  000032d0    000001b0     main.obj (.const:g_pppui32XTALtoVCO)
                  00003480    00000101     rtsv7M4_T_le_v4SPD16_eabi.lib : ctype.c.obj (.const:.string:_ctypes_)
                  00003581    00000003     --HOLE-- [fill = 0]
                  00003584    00000090     driverlib.lib : gpio.obj (.const:g_pui32GPIOBaseAddrs)
                  00003614    00000070                   : interrupt.obj (.const)
                  00003684    0000006c     main.obj (.const:g_pui32Xtals)
                  000036f0    00000030     main.obj (.const:g_sXTALtoMEMTIM)
                  00003720    0000002d     main.obj (.const:.string:$P$T0$1)
                  0000374d    00000003     --HOLE-- [fill = 0]
                  00003750    00000008     main.obj (.const:g_pui32VCOFrequencies)

.cinit     0    00003758    00000040     
                  00003758    0000000c     (__TI_handler_table)
                  00003764    00000004     --HOLE-- [fill = 0]
                  00003768    00000008     (.cinit..bss.load) [load image, compression = zero_init]
                  00003770    00000008     (.cinit..vtable.load) [load image, compression = zero_init]
                  00003778    00000007     (.cinit..data.load) [load image, compression = lzss]
                  0000377f    00000001     --HOLE-- [fill = 0]
                  00003780    00000018     (__TI_cinit_table)

.init_array 
*          0    00000000    00000000     UNINITIALIZED

.vtable    0    20000000    0000026c     UNINITIALIZED
                  20000000    0000026c     driverlib.lib : interrupt.obj (.vtable)

.data      0    20000470    00000008     UNINITIALIZED
                  20000470    00000004     main.obj (.data)
                  20000474    00000004     rtsv7M4_T_le_v4SPD16_eabi.lib : errno.c.obj (.data)

.bss       0    20000478    00000005     UNINITIALIZED
                  20000478    00000004     (.common:gui32_sys_clock_rate)
                  2000047c    00000001     (.common:gb_uart_data_rcvd)

.stack     0    20000270    00000200     UNINITIALIZED
                  20000270    00000004     rtsv7M4_T_le_v4SPD16_eabi.lib : boot_cortex_m.c.obj (.stack)
                  20000274    000001fc     --HOLE--

MODULE SUMMARY

       Module                          code    ro data   rw data
       ------                          ----    -------   -------
    ./
       main.obj                        4402    641       9      
       tm4c1294ncpdt_startup_ccs.obj   12      520       0      
    +--+-------------------------------+-------+---------+---------+
       Total:                          4414    1161      9      
                                                                
    /Users/pavandhareshwar/CCS/ccsv8/tools/compiler/ti-cgt-arm_18.1.1.LTS/lib/rtsv7M4_T_le_v4SPD16_eabi.lib
       _printfi.c.obj                  4863    0         0      
       fd_add_t2.asm.obj               438     0         0      
       fd_div_t2.asm.obj               310     0         0      
       s_scalbn.c.obj                  272     0         0      
       fd_cmp_t2.asm.obj               268     0         0      
       ctype.c.obj                     0       257       0      
       fd_mul_t2.asm.obj               252     0         0      
       memcpy_t2.asm.obj               156     0         0      
       ull_div_t2.asm.obj              150     0         0      
       memset_t2.asm.obj               122     0         0      
       copy_decompress_lzss.c.obj      104     0         0      
       s_frexp.c.obj                   100     0         0      
       sprintf.c.obj                   98      0         0      
       ltoa.c.obj                      84      0         0      
       atoi.c.obj                      76      0         0      
       fd_toi_t2.asm.obj               72      0         0      
       autoinit.c.obj                  68      0         0      
       boot_cortex_m.c.obj             56      0         0      
       i_tofd_t2.asm.obj               46      0         0      
       memccpy.c.obj                   28      0         0      
       strchr.c.obj                    22      0         0      
       s_copysign.c.obj                20      0         0      
       strlen.c.obj                    20      0         0      
       copy_zero_init.c.obj            18      0         0      
       wcslen.c.obj                    18      0         0      
       copy_decompress_none.c.obj      14      0         0      
       errno.c.obj                     8       0         4      
       exit.c.obj                      4       0         0      
       pre_init.c.obj                  4       0         0      
       div0.asm.obj                    2       0         0      
    +--+-------------------------------+-------+---------+---------+
       Total:                          7693    257       4      
                                                                
    /Users/pavandhareshwar/Downloads/TivaWare/SW-TM4C-2.1.4.178/driverlib/ccs/Debug/driverlib.lib
       interrupt.obj                   282     112       620    
       gpio.obj                        78      144       0      
       uart.obj                        10      0         0      
       cpu.obj                         4       0         0      
    +--+-------------------------------+-------+---------+---------+
       Total:                          374     256       620    
                                                                
       Stack:                          0       0         512    
       Linker Generated:               0       59        0      
    +--+-------------------------------+-------+---------+---------+
       Grand Total:                    12481   1733      1145   


LINKER GENERATED COPY TABLES

__TI_cinit_table @ 00003780 records: 3, size/record: 8, table size: 24
	.bss: load addr=00003768, load size=00000008 bytes, run addr=20000478, run size=00000005 bytes, compression=zero_init
	.vtable: load addr=00003770, load size=00000008 bytes, run addr=20000000, run size=0000026c bytes, compression=zero_init
	.data: load addr=00003778, load size=00000007 bytes, run addr=20000470, run size=00000008 bytes, compression=lzss


LINKER GENERATED HANDLER TABLE

__TI_handler_table @ 00003758 records: 3, size/record: 4, table size: 12
	index: 0, handler: __TI_zero_init
	index: 1, handler: __TI_decompress_lzss
	index: 2, handler: __TI_decompress_none


GLOBAL SYMBOLS: SORTED ALPHABETICALLY BY Name 

address   name                            
-------   ----                            
00001259  BlinkUserLED                    
000032cd  C$$EXIT                         
000032c5  CPUwfi                          
00002fe9  GPIOPinConfigure                
000032b9  GPIOPinWrite                    
00002d05  IntDisable                      
00002d6d  IntEnable                       
00003175  IntRegister                     
00003221  IntUnregister                   
0000328f  ResetISR                        
00001145  SysCtlAltClkConfig              
0000086d  SysCtlClockFreqSet              
00000d35  SysCtlClockGet                  
00001129  SysCtlClockOutConfig            
00000b65  SysCtlClockSet                  
00000771  SysCtlDeepSleep                 
00000ef9  SysCtlDeepSleepClockConfigSet   
00000edb  SysCtlDeepSleepClockSet         
00000751  SysCtlDeepSleepPowerSet         
000032bf  SysCtlDelay                     
000002ff  SysCtlFlashSectorSizeGet        
000002d3  SysCtlFlashSizeGet              
00000fcf  SysCtlGPIOAHBDisable            
00000fb3  SysCtlGPIOAHBEnable             
000006e5  SysCtlIntClear                  
000006cd  SysCtlIntDisable                
000006b9  SysCtlIntEnable                 
00000691  SysCtlIntRegister               
000006f5  SysCtlIntStatus                 
000006a9  SysCtlIntUnregister             
00000737  SysCtlLDODeepSleepGet           
00000727  SysCtlLDODeepSleepSet           
00000721  SysCtlLDOSleepGet               
00000711  SysCtlLDOSleepSet               
000007a7  SysCtlMOSCConfigSet             
0000110d  SysCtlNMIClear                  
000010f9  SysCtlNMIStatus                 
000007bd  SysCtlPIOSCCalibrate            
00000f9d  SysCtlPWMClockGet               
00000f83  SysCtlPWMClockSet               
0000063d  SysCtlPeripheralClockGating     
000005f5  SysCtlPeripheralDeepSleepDisable
000005a5  SysCtlPeripheralDeepSleepEnable 
000004e1  SysCtlPeripheralDisable         
000004a5  SysCtlPeripheralEnable          
000003e1  SysCtlPeripheralPowerOff        
000003a5  SysCtlPeripheralPowerOn         
00000325  SysCtlPeripheralPresent         
00000365  SysCtlPeripheralReady           
0000041d  SysCtlPeripheralReset           
00000569  SysCtlPeripheralSleepDisable    
00000525  SysCtlPeripheralSleepEnable     
00000761  SysCtlReset                     
0000081d  SysCtlResetBehaviorGet          
0000080d  SysCtlResetBehaviorSet          
00000793  SysCtlResetCauseClear           
0000078d  SysCtlResetCauseGet             
000002c9  SysCtlSRAMSizeGet               
00000769  SysCtlSleep                     
0000073d  SysCtlSleepPowerSet             
00000ff7  SysCtlUSBPLLDisable             
00000feb  SysCtlUSBPLLEnable              
0000103d  SysCtlVCOGet                    
00001025  SysCtlVoltageEventClear         
00001009  SysCtlVoltageEventConfig        
00001019  SysCtlVoltageEventStatus        
0000329b  UARTCharPut                     
0000121d  UARTSend                        
000011c1  UART_Init                       
20000470  __STACK_END                     
00000200  __STACK_SIZE                    
20000470  __STACK_TOP                     
00003780  __TI_CINIT_Base                 
00003798  __TI_CINIT_Limit                
00003758  __TI_Handler_Table_Base         
00003764  __TI_Handler_Table_Limit        
00003079  __TI_auto_init_nobinit_nopinit  
00002dd5  __TI_decompress_lzss            
00003281  __TI_decompress_none            
ffffffff  __TI_pprof_out_hndl             
00001335  __TI_printfi                    
ffffffff  __TI_prof_data_size             
ffffffff  __TI_prof_data_start            
00000000  __TI_static_base__              
0000325d  __TI_zero_init_nomemset         
00002b11  __aeabi_cdcmpeq                 
00002b11  __aeabi_cdcmple                 
00002b97  __aeabi_cdrcmple                
00003031  __aeabi_d2iz                    
000021df  __aeabi_dadd                    
000024c9  __aeabi_ddiv                    
00002831  __aeabi_dmul                    
000021d5  __aeabi_dsub                    
000032b1  __aeabi_errno_addr              
000031a9  __aeabi_i2d                     
0000238b  __aeabi_idiv0                   
0000238b  __aeabi_ldiv0                   
00002c1d  __aeabi_memclr                  
00002c1d  __aeabi_memclr4                 
00002c1d  __aeabi_memclr8                 
000029df  __aeabi_memcpy                  
000029df  __aeabi_memcpy4                 
000029df  __aeabi_memcpy8                 
00002c1f  __aeabi_memset                  
00002c1f  __aeabi_memset4                 
00002c1f  __aeabi_memset8                 
00002a7b  __aeabi_uldivmod                
ffffffff  __binit__                       
ffffffff  __c_args__                      
UNDEFED   __mpu_init                      
20000270  __stack                         
0000313d  _c_int00_noargs                 
00003480  _ctypes_                        
UNDEFED   _system_post_cinit              
000032c9  _system_pre_init                
000032cd  abort                           
00002f9d  atoi                            
ffffffff  binit                           
00003235  copysign                        
00003235  copysignl                       
20000474  errno                           
00002e3d  frexp                           
00002e3d  frexpl                          
20000000  g_pfnRAMVectors                 
00000000  g_pfnVectors                    
2000047c  gb_uart_data_rcvd               
20000478  gui32_sys_clock_rate            
00002721  ldexp                           
00002721  ldexpl                          
00002ef7  ltoa                            
00001155  main                            
000031d7  memccpy                         
000029df  memcpy                          
00002c25  memset                          
00002721  scalbn                          
00002721  scalbnl                         
000030bd  sprintf                         
0000320b  strchr                          
00003249  strlen                          
0000326f  wcslen                          


GLOBAL SYMBOLS: SORTED BY Symbol Address 

address   name                            
-------   ----                            
00000000  __TI_static_base__              
00000000  g_pfnVectors                    
00000200  __STACK_SIZE                    
000002c9  SysCtlSRAMSizeGet               
000002d3  SysCtlFlashSizeGet              
000002ff  SysCtlFlashSectorSizeGet        
00000325  SysCtlPeripheralPresent         
00000365  SysCtlPeripheralReady           
000003a5  SysCtlPeripheralPowerOn         
000003e1  SysCtlPeripheralPowerOff        
0000041d  SysCtlPeripheralReset           
000004a5  SysCtlPeripheralEnable          
000004e1  SysCtlPeripheralDisable         
00000525  SysCtlPeripheralSleepEnable     
00000569  SysCtlPeripheralSleepDisable    
000005a5  SysCtlPeripheralDeepSleepEnable 
000005f5  SysCtlPeripheralDeepSleepDisable
0000063d  SysCtlPeripheralClockGating     
00000691  SysCtlIntRegister               
000006a9  SysCtlIntUnregister             
000006b9  SysCtlIntEnable                 
000006cd  SysCtlIntDisable                
000006e5  SysCtlIntClear                  
000006f5  SysCtlIntStatus                 
00000711  SysCtlLDOSleepSet               
00000721  SysCtlLDOSleepGet               
00000727  SysCtlLDODeepSleepSet           
00000737  SysCtlLDODeepSleepGet           
0000073d  SysCtlSleepPowerSet             
00000751  SysCtlDeepSleepPowerSet         
00000761  SysCtlReset                     
00000769  SysCtlSleep                     
00000771  SysCtlDeepSleep                 
0000078d  SysCtlResetCauseGet             
00000793  SysCtlResetCauseClear           
000007a7  SysCtlMOSCConfigSet             
000007bd  SysCtlPIOSCCalibrate            
0000080d  SysCtlResetBehaviorSet          
0000081d  SysCtlResetBehaviorGet          
0000086d  SysCtlClockFreqSet              
00000b65  SysCtlClockSet                  
00000d35  SysCtlClockGet                  
00000edb  SysCtlDeepSleepClockSet         
00000ef9  SysCtlDeepSleepClockConfigSet   
00000f83  SysCtlPWMClockSet               
00000f9d  SysCtlPWMClockGet               
00000fb3  SysCtlGPIOAHBEnable             
00000fcf  SysCtlGPIOAHBDisable            
00000feb  SysCtlUSBPLLEnable              
00000ff7  SysCtlUSBPLLDisable             
00001009  SysCtlVoltageEventConfig        
00001019  SysCtlVoltageEventStatus        
00001025  SysCtlVoltageEventClear         
0000103d  SysCtlVCOGet                    
000010f9  SysCtlNMIStatus                 
0000110d  SysCtlNMIClear                  
00001129  SysCtlClockOutConfig            
00001145  SysCtlAltClkConfig              
00001155  main                            
000011c1  UART_Init                       
0000121d  UARTSend                        
00001259  BlinkUserLED                    
00001335  __TI_printfi                    
000021d5  __aeabi_dsub                    
000021df  __aeabi_dadd                    
0000238b  __aeabi_idiv0                   
0000238b  __aeabi_ldiv0                   
000024c9  __aeabi_ddiv                    
00002721  ldexp                           
00002721  ldexpl                          
00002721  scalbn                          
00002721  scalbnl                         
00002831  __aeabi_dmul                    
000029df  __aeabi_memcpy                  
000029df  __aeabi_memcpy4                 
000029df  __aeabi_memcpy8                 
000029df  memcpy                          
00002a7b  __aeabi_uldivmod                
00002b11  __aeabi_cdcmpeq                 
00002b11  __aeabi_cdcmple                 
00002b97  __aeabi_cdrcmple                
00002c1d  __aeabi_memclr                  
00002c1d  __aeabi_memclr4                 
00002c1d  __aeabi_memclr8                 
00002c1f  __aeabi_memset                  
00002c1f  __aeabi_memset4                 
00002c1f  __aeabi_memset8                 
00002c25  memset                          
00002d05  IntDisable                      
00002d6d  IntEnable                       
00002dd5  __TI_decompress_lzss            
00002e3d  frexp                           
00002e3d  frexpl                          
00002ef7  ltoa                            
00002f9d  atoi                            
00002fe9  GPIOPinConfigure                
00003031  __aeabi_d2iz                    
00003079  __TI_auto_init_nobinit_nopinit  
000030bd  sprintf                         
0000313d  _c_int00_noargs                 
00003175  IntRegister                     
000031a9  __aeabi_i2d                     
000031d7  memccpy                         
0000320b  strchr                          
00003221  IntUnregister                   
00003235  copysign                        
00003235  copysignl                       
00003249  strlen                          
0000325d  __TI_zero_init_nomemset         
0000326f  wcslen                          
00003281  __TI_decompress_none            
0000328f  ResetISR                        
0000329b  UARTCharPut                     
000032b1  __aeabi_errno_addr              
000032b9  GPIOPinWrite                    
000032bf  SysCtlDelay                     
000032c5  CPUwfi                          
000032c9  _system_pre_init                
000032cd  C$$EXIT                         
000032cd  abort                           
00003480  _ctypes_                        
00003758  __TI_Handler_Table_Base         
00003764  __TI_Handler_Table_Limit        
00003780  __TI_CINIT_Base                 
00003798  __TI_CINIT_Limit                
20000000  g_pfnRAMVectors                 
20000270  __stack                         
20000470  __STACK_END                     
20000470  __STACK_TOP                     
20000474  errno                           
20000478  gui32_sys_clock_rate            
2000047c  gb_uart_data_rcvd               
ffffffff  __TI_pprof_out_hndl             
ffffffff  __TI_prof_data_size             
ffffffff  __TI_prof_data_start            
ffffffff  __binit__                       
ffffffff  __c_args__                      
ffffffff  binit                           
UNDEFED   __mpu_init                      
UNDEFED   _system_post_cinit              

[140 symbols]
